<html>
<body>
<pre>
<h1>µVision Build Log</h1>
<h2>Tool Versions:</h2>
IDE-Version: ¦ÌVision V5.12.0.0
Copyright (C) 2014 ARM Ltd and ARM Germany GmbH. All rights reserved.
License Information: cui cui, cui, LIC=6XJHL-0D7MN-66EQS-LJE46-3PT1B-6BZE4
 
Tool Versions:
Toolchain:       MDK-ARM Professional  Version: 5.12.0.0
Toolchain Path:  D:\Keil_v5\ARM\ARMCC\Bin
C Compiler:      Armcc.exe V5.05 (build 41)
Assembler:       Armasm.exe V5.05 (build 41)
Linker/Locator:  ArmLink.exe V5.05 (build 41)
Library Manager: ArmAr.exe V5.05 (build 41)
Hex Converter:   FromElf.exe V5.05 (build 41)
CPU DLL:         SARMCM3.DLL V5.12.0.0
Dialog DLL:      DARMCM1.DLL V1.11.00.0
    Target DLL: Segger\JL2CM3.dll
Dialog DLL:      TARMCM1.DLL V1.08.00.0
 
<h2>Project:</h2>
E:\Project\DA1458x_SDK_3.0.6\dk_apps\keil_projects\throughput_eval\throughput_eval_central_fh\fh_project_throughput_eval_central.uvproj
Project File Date:  10/01/2014

<h2>Output:</h2>
Build target 'Full_emb_cortex_M0'
compiling system_ARMCM0.c...
assembling boot_vectors.s...
compiling hardfault_handler.c...
compiling arch_main.c...
..\..\..\src\plf\refip\src\arch\main\ble\arch_main.c(117): warning:  #1215-D: #warning directive: "==============================================================> DEVELOPMENT_DEBUG is set!"
      #warning "==============================================================> DEVELOPMENT_DEBUG is set!"
..\..\..\src\plf\refip\src\arch\main\ble\arch_main.c: 1 warning, 0 errors
compiling jump_table.c...
compiling arch_sleep.c...
compiling nmi_handler.c...
compiling periph_setup.c...
compiling arch_system.c...
compiling rf_580.c...
compiling gpio.c...
..\..\..\src\plf\refip\src\driver\gpio\gpio.c(59): warning:  #1215-D: #warning directive: "GPIO assignment checking is active! Deactivate before burning OTP..."
  #warning "GPIO assignment checking is active! Deactivate before burning OTP..."
..\..\..\src\plf\refip\src\driver\gpio\gpio.c: 1 warning, 0 errors
compiling uart_ext_wkup.c...
compiling gapm.c...
compiling nvds.c...
compiling rwip.c...
compiling rwble.c...
..\..\..\src\ip\ble\ll\src\rwble\rwble.c(176): warning:  #1295-D: Deprecated declaration add_err_packet - give arg types
  void add_err_packet();
..\..\..\src\ip\ble\ll\src\rwble\rwble.c: 1 warning, 0 errors
compiling accel.c...
compiling accel_task.c...
compiling basc.c...
compiling basc_task.c...
compiling bass.c...
compiling bass_task.c...
compiling blpc.c...
compiling blpc_task.c...
compiling blps.c...
compiling blps_task.c...
compiling disc.c...
compiling disc_task.c...
compiling diss.c...
compiling diss_task.c...
compiling findt.c...
compiling findt_task.c...
compiling hogpbh.c...
compiling hogpbh_task.c...
compiling hogpd.c...
compiling hogpd_task.c...
compiling hogprh.c...
compiling hogprh_task.c...
compiling hrpc.c...
compiling hrpc_task.c...
compiling hrps.c...
compiling hrps_task.c...
compiling htpc.c...
compiling htpc_task.c...
compiling htpt.c...
compiling htpt_task.c...
compiling proxm.c...
compiling proxm_task.c...
compiling proxr.c...
compiling proxr_task.c...
compiling scppc.c...
compiling scppc_task.c...
compiling scpps.c...
compiling scpps_task.c...
compiling prf_utils.c...
compiling anpc.c...
compiling anpc_task.c...
compiling anps.c...
compiling anps_task.c...
compiling cscpc.c...
compiling cscpc_task.c...
compiling cscps.c...
compiling cscps_task.c...
compiling glpc.c...
compiling glpc_task.c...
compiling glps.c...
compiling glps_task.c...
compiling paspc.c...
compiling paspc_task.c...
compiling pasps.c...
compiling pasps_task.c...
compiling rscpc.c...
compiling rscpc_task.c...
compiling rscps.c...
compiling rscps_task.c...
compiling tipc.c...
compiling tipc_task.c...
compiling tips.c...
compiling tips_task.c...
compiling findl.c...
compiling findl_task.c...
compiling streamdatah.c...
compiling streamdatah_task.c...
compiling streamdatad.c...
compiling streamdatad_task.c...
compiling app.c...
compiling app_sec.c...
compiling app_sec_task.c...
compiling app_task.c...
compiling app_throughput_central_proj.c...
compiling app_streamdatah.c...
compiling app_streamdatah_task.c...
compiling app_stream_queue.c...
linking...
Program Size: Code=14728 RO-data=1276 RW-data=36 ZI-data=8196  
FromELF: creating hex file...
".\out\full_emb_sysram.axf" - 0 Error(s), 3 Warning(s).
</pre>
</body>
</html>
