Component: ARM Compiler 5.05 (build 41) Tool: armlink [4d0eb9]

==============================================================================

Section Cross References

    boot_vectors.o(RESET) refers to boot_vectors.o(STACK) for __initial_sp
    boot_vectors.o(RESET) refers to boot_vectors.o(.text) for Reset_Handler
    boot_vectors.o(RESET) refers to rwble.o(.text) for BLE_WAKEUP_LP_Handler
    boot_vectors.o(RESET) refers to gpio.o(.text) for GPIO0_Handler
    boot_vectors.o(.text) refers to system_armcm0.o(.text) for SystemInit
    boot_vectors.o(.text) refers to entry.o(.ARM.Collect$$$$00000000) for __main
    boot_vectors.o(.text) refers to nmi_handler.o(.text) for NMI_HandlerC
    boot_vectors.o(.text) refers to hardfault_handler.o(.text) for HardFault_HandlerC
    boot_vectors.o(.text) refers to arch_main.o(.text) for SVC_Handler_c
    arch_main.o(.text) refers to arch_system.o(.text) for set_sleep_delay
    arch_main.o(.text) refers to gpio.o(i.GPIO_init) for GPIO_init
    arch_main.o(.text) refers to periph_setup.o(.text) for periph_init
    arch_main.o(.text) refers to nvds.o(.text) for nvds_read_bdaddr_from_otp
    arch_main.o(.text) refers to rf_580.o(.text) for iq_trim_from_otp
    arch_main.o(.text) refers to arch_sleep.o(.text) for app_disable_sleep
    arch_main.o(.text) refers to app.o(.text) for app_init
    arch_main.o(.text) refers to app_stream_queue.o(.text) for stream_fifo_init
    arch_main.o(.text) refers to app_throughput_central_proj.o(.text) for test_pkt_gen
    arch_main.o(.text) refers to rwip.o(.text) for rwip_sleep
    arch_main.o(.text) refers to arch_main.o(.data) for .data
    arch_main.o(.text) refers to arch_main.o(.constdata) for .constdata
    arch_main.o(.text) refers to arch_main.o(retention_mem_area0) for retention_mem_area0
    arch_main.o(.text) refers to arch_main.o(BLE_exchange_memory) for BLE_exchange_memory
    arch_main.o(.text) refers to arch_system.o(retention_mem_area0) for lp_clk_sel
    arch_main.o(.text) refers to app_stream_queue.o(.bss) for global_metrics_tosend
    arch_main.o(.text) refers to jump_table.o(jump_table_mem_area) for jump_table_base
    arch_main.o(.constdata) refers to arch_main.o(.text) for my_gtl_msg_send_handler
    arch_main.o(.constdata) refers to arch_main.o(.text) for cmp_abs_time
    arch_main.o(.constdata) refers to atts_task.obj(.text) for l2cc_pdu_recv_ind_handler
    arch_main.o(.constdata) refers to smpc.obj(.text) for smpc_send_pairing_req_ind
    arch_main.o(.constdata) refers to smpc_task.obj(.text) for smpc_pairing_cfm_handler
    arch_main.o(.constdata) refers to ch_map.obj(.text) for my_llc_con_update_req_ind
    arch_main.o(.constdata) refers to gapm_util.obj(.text) for patched_gapm_adv_op_sanity
    arch_main.o(.data) refers to arch_main.o(.constdata) for my_gtl_default_state
    arch_main.o(.data) refers to arch_main.o(.data) for my_gtl_default_handler
    jump_table.o(jump_table_mem_area) refers to arch_main.o(.text) for main_func
    jump_table.o(jump_table_mem_area) refers to rf_580.o(.text) for rf_init_func
    jump_table.o(jump_table_mem_area) refers to prf_utils.o(.text) for prf_init_func
    jump_table.o(jump_table_mem_area) refers to arch_system.o(.text) for uart_flow_off_func
    jump_table.o(jump_table_mem_area) refers to rwble.o(.text) for lld_sleep_compensate_func_patched
    jump_table.o(jump_table_mem_area) refers to jump_table.o(heap_mem_area_not_ret) for rwip_heap_non_ret
    jump_table.o(jump_table_mem_area) refers to jump_table.o(heap_env_area) for rwip_heap_env_ret
    jump_table.o(jump_table_mem_area) refers to jump_table.o(heap_db_area) for rwip_heap_db_ret
    jump_table.o(jump_table_mem_area) refers to jump_table.o(heap_msg_area) for rwip_heap_msg_ret
    jump_table.o(jump_table_mem_area) refers to ke_task.obj(.text) for ke_task_init_func
    jump_table.o(jump_table_mem_area) refers to nvds.o(.text) for custom_nvds_get_func
    jump_table.o(jump_table_mem_area) refers to arch_main.o(.constdata) for LUT_CFG
    arch_sleep.o(.text) refers to arch_sleep.o(retention_mem_area0) for retention_mem_area0
    arch_sleep.o(.text) refers to rwble.o(retention_mem_area0) for rwble_last_event
    periph_setup.o(.text) refers to gpio.o(i.GPIO_ConfigurePin) for GPIO_ConfigurePin
    periph_setup.o(.text) refers to arch_main.o(.text) for patch_func
    periph_setup.o(.text) refers to gpio.o(.bss) for GPIO
    arch_system.o(.text) refers to ffltui.o(.text) for __aeabi_ui2f
    arch_system.o(.text) refers to fdiv.o(.text) for __aeabi_fdiv
    arch_system.o(.text) refers to fscalb.o(.text) for __ARM_scalbnf
    arch_system.o(.text) refers to ffixui.o(.text) for __aeabi_f2uiz
    arch_system.o(.text) refers to f2d.o(.text) for __aeabi_f2d
    arch_system.o(.text) refers to d2f.o(.text) for __aeabi_d2f
    arch_system.o(.text) refers to arch_system.o(retention_mem_area0) for retention_mem_area0
    rf_580.o(.text) refers to arch_system.o(retention_mem_area0) for lp_clk_sel
[...]
    smpc_generate_rand                       0x0002cd4b   Thumb Code     0  rom_symdef.txt ABSOLUTE
    smpc_generate_e1                         0x0002cd6f   Thumb Code     0  rom_symdef.txt ABSOLUTE
    smpc_generate_cfm                        0x0002ce25   Thumb Code     0  rom_symdef.txt ABSOLUTE
    smpc_generate_stk                        0x0002cead   Thumb Code     0  rom_symdef.txt ABSOLUTE
    smpc_calc_subkeys                        0x0002cf01   Thumb Code     0  rom_symdef.txt ABSOLUTE
    smpc_pairing_end                         0x0002cf77   Thumb Code     0  rom_symdef.txt ABSOLUTE
    smpc_tkdp_rcp_continue                   0x0002d00b   Thumb Code     0  rom_symdef.txt ABSOLUTE
    smpc_tkdp_rcp_start                      0x0002d069   Thumb Code     0  rom_symdef.txt ABSOLUTE
    smpc_pdu_send                            0x0002d0ab   Thumb Code     0  rom_symdef.txt ABSOLUTE
    smpc_tkdp_send_start                     0x0002d11b   Thumb Code     0  rom_symdef.txt ABSOLUTE
    smpc_tkdp_send_continue                  0x0002d199   Thumb Code     0  rom_symdef.txt ABSOLUTE
    smpc_get_key_sec_prop                    0x0002d215   Thumb Code     0  rom_symdef.txt ABSOLUTE
    smpc_is_sec_mode_reached                 0x0002d28d   Thumb Code     0  rom_symdef.txt ABSOLUTE
    smpc_handle_enc_change_evt               0x0002d2b7   Thumb Code     0  rom_symdef.txt ABSOLUTE
    smpc_pdu_recv                            0x0002d35d   Thumb Code     0  rom_symdef.txt ABSOLUTE
    smpm_init                                0x0002de21   Thumb Code     0  rom_symdef.txt ABSOLUTE
    smpm_create                              0x0002de5b   Thumb Code     0  rom_symdef.txt ABSOLUTE
    smpm_cleanup                             0x0002de63   Thumb Code     0  rom_symdef.txt ABSOLUTE
    smpm_send_cmp_evt                        0x0002de6b   Thumb Code     0  rom_symdef.txt ABSOLUTE
    smpm_send_encrypt_req                    0x0002dea3   Thumb Code     0  rom_symdef.txt ABSOLUTE
    smpm_send_gen_rand_nb_req                0x0002ded1   Thumb Code     0  rom_symdef.txt ABSOLUTE
    smpm_check_addr_type                     0x0002dedf   Thumb Code     0  rom_symdef.txt ABSOLUTE
    gapc_init                                0x0002e269   Thumb Code     0  rom_symdef.txt ABSOLUTE
    gapc_con_create                          0x0002e2a5   Thumb Code     0  rom_symdef.txt ABSOLUTE
    gapc_con_cleanup                         0x0002e385   Thumb Code     0  rom_symdef.txt ABSOLUTE
    gapc_send_disconect_ind                  0x0002e395   Thumb Code     0  rom_symdef.txt ABSOLUTE
    gapc_get_conidx                          0x0002e3b7   Thumb Code     0  rom_symdef.txt ABSOLUTE
    gapc_get_conhdl                          0x0002e3e3   Thumb Code     0  rom_symdef.txt ABSOLUTE
    gapc_get_role                            0x0002e3f9   Thumb Code     0  rom_symdef.txt ABSOLUTE
    gapc_get_bdaddr                          0x0002e415   Thumb Code     0  rom_symdef.txt ABSOLUTE
    gapc_get_csrk                            0x0002e435   Thumb Code     0  rom_symdef.txt ABSOLUTE
    gapc_get_sign_counter                    0x0002e453   Thumb Code     0  rom_symdef.txt ABSOLUTE
    gapc_send_complete_evt                   0x0002e471   Thumb Code     0  rom_symdef.txt ABSOLUTE
    gapc_send_error_evt                      0x0002e4bd   Thumb Code     0  rom_symdef.txt ABSOLUTE
    gapc_is_sec_set                          0x0002e4df   Thumb Code     0  rom_symdef.txt ABSOLUTE
    gapc_get_enc_keysize                     0x0002e549   Thumb Code     0  rom_symdef.txt ABSOLUTE
    gapc_set_enc_keysize                     0x0002e561   Thumb Code     0  rom_symdef.txt ABSOLUTE
    gapc_link_encrypted                      0x0002e575   Thumb Code     0  rom_symdef.txt ABSOLUTE
    gapc_auth_set                            0x0002e58f   Thumb Code     0  rom_symdef.txt ABSOLUTE
    gapc_param_updata_sanity                 0x0002e67b   Thumb Code     0  rom_symdef.txt ABSOLUTE
    gapm_init                                0x0002f4f3   Thumb Code     0  rom_symdef.txt ABSOLUTE
    gapm_host_init                           0x0002f547   Thumb Code     0  rom_symdef.txt ABSOLUTE
    gapm_get_operation                       0x0002f56d   Thumb Code     0  rom_symdef.txt ABSOLUTE
    gapm_send_complete_evt                   0x0002f57f   Thumb Code     0  rom_symdef.txt ABSOLUTE
    gapm_send_error_evt                      0x0002f5b5   Thumb Code     0  rom_symdef.txt ABSOLUTE
    gapm_con_create                          0x0002f5d3   Thumb Code     0  rom_symdef.txt ABSOLUTE
    gapm_con_enable                          0x0002f631   Thumb Code     0  rom_symdef.txt ABSOLUTE
    gapm_con_cleanup                         0x0002f63d   Thumb Code     0  rom_symdef.txt ABSOLUTE
    gapm_get_privacy_flag                    0x00030c7f   Thumb Code     0  rom_symdef.txt ABSOLUTE
    gapm_set_recon_addr                      0x00030cab   Thumb Code     0  rom_symdef.txt ABSOLUTE
    gapm_adv_op_sanity                       0x00030cef   Thumb Code     0  rom_symdef.txt ABSOLUTE
    gapm_set_adv_mode                        0x00030e75   Thumb Code     0  rom_symdef.txt ABSOLUTE
    gapm_execute_adv_op                      0x00030e8d   Thumb Code     0  rom_symdef.txt ABSOLUTE
    gapm_scan_op_sanity                      0x00030fdd   Thumb Code     0  rom_symdef.txt ABSOLUTE
    gapm_set_scan_mode                       0x000310b5   Thumb Code     0  rom_symdef.txt ABSOLUTE
    gapm_execute_scan_op                     0x000310d1   Thumb Code     0  rom_symdef.txt ABSOLUTE
    gapm_connect_op_sanity                   0x00031175   Thumb Code     0  rom_symdef.txt ABSOLUTE
    gapm_execute_connect_op                  0x000312b9   Thumb Code     0  rom_symdef.txt ABSOLUTE
    gapm_get_role                            0x0003142d   Thumb Code     0  rom_symdef.txt ABSOLUTE
    gapm_get_recon_addr                      0x00031433   Thumb Code     0  rom_symdef.txt ABSOLUTE
    gapm_set_privacy_flag                    0x00031473   Thumb Code     0  rom_symdef.txt ABSOLUTE
    gapm_get_ad_type_flag                    0x0003149f   Thumb Code     0  rom_symdef.txt ABSOLUTE
    gapm_add_to_filter                       0x000314c5   Thumb Code     0  rom_symdef.txt ABSOLUTE
    gapm_is_filtered                         0x00031529   Thumb Code     0  rom_symdef.txt ABSOLUTE
    gapm_update_air_op_state                 0x0003157f   Thumb Code     0  rom_symdef.txt ABSOLUTE
    gapm_get_irk                             0x00031635   Thumb Code     0  rom_symdef.txt ABSOLUTE
    gapm_get_bdaddr                          0x0003163b   Thumb Code     0  rom_symdef.txt ABSOLUTE
    l2cc_pdu_pack                            0x0003164d   Thumb Code     0  rom_symdef.txt ABSOLUTE
    l2cc_pdu_unpack                          0x000318f3   Thumb Code     0  rom_symdef.txt ABSOLUTE
    l2cc_detect_dest                         0x00031b2d   Thumb Code     0  rom_symdef.txt ABSOLUTE
    smpc_check_param                         0x00031b95   Thumb Code     0  rom_symdef.txt ABSOLUTE
    ke_init                                  0x0003200d   Thumb Code     0  rom_symdef.txt ABSOLUTE
    ke_flush                                 0x00032039   Thumb Code     0  rom_symdef.txt ABSOLUTE
    ke_sleep_check                           0x00032079   Thumb Code     0  rom_symdef.txt ABSOLUTE
    ke_event_init                            0x00032091   Thumb Code     0  rom_symdef.txt ABSOLUTE
    ke_event_callback_set                    0x0003209d   Thumb Code     0  rom_symdef.txt ABSOLUTE
    ke_event_set                             0x000320b1   Thumb Code     0  rom_symdef.txt ABSOLUTE
    ke_event_clear                           0x000320dd   Thumb Code     0  rom_symdef.txt ABSOLUTE
    ke_event_get                             0x00032109   Thumb Code     0  rom_symdef.txt ABSOLUTE
    ke_event_get_all                         0x0003212f   Thumb Code     0  rom_symdef.txt ABSOLUTE
    ke_event_flush                           0x00032135   Thumb Code     0  rom_symdef.txt ABSOLUTE
    ke_event_schedule                        0x0003213d   Thumb Code     0  rom_symdef.txt ABSOLUTE
    ke_mem_init                              0x0003218d   Thumb Code     0  rom_symdef.txt ABSOLUTE
    ke_mem_is_empty                          0x000321d7   Thumb Code     0  rom_symdef.txt ABSOLUTE
    ke_malloc                                0x00032215   Thumb Code     0  rom_symdef.txt ABSOLUTE
    ke_free                                  0x000322d7   Thumb Code     0  rom_symdef.txt ABSOLUTE
    ke_msg_alloc                             0x000323b1   Thumb Code     0  rom_symdef.txt ABSOLUTE
    ke_msg_send                              0x000323e1   Thumb Code     0  rom_symdef.txt ABSOLUTE
    ke_msg_send_basic                        0x0003240d   Thumb Code     0  rom_symdef.txt ABSOLUTE
    ke_msg_forward                           0x0003241b   Thumb Code     0  rom_symdef.txt ABSOLUTE
    ke_msg_forward_new_id                    0x00032425   Thumb Code     0  rom_symdef.txt ABSOLUTE
    ke_msg_free                              0x00032435   Thumb Code     0  rom_symdef.txt ABSOLUTE
    ke_queue_extract                         0x00032441   Thumb Code     0  rom_symdef.txt ABSOLUTE
    ke_queue_insert                          0x0003247f   Thumb Code     0  rom_symdef.txt ABSOLUTE
    ke_task_init                             0x0003256d   Thumb Code     0  rom_symdef.txt ABSOLUTE
    ke_task_create                           0x00032587   Thumb Code     0  rom_symdef.txt ABSOLUTE
    ke_task_delete                           0x000325e1   Thumb Code     0  rom_symdef.txt ABSOLUTE
    ke_state_set                             0x00032631   Thumb Code     0  rom_symdef.txt ABSOLUTE
    ke_state_get                             0x000326b3   Thumb Code     0  rom_symdef.txt ABSOLUTE
    ke_msg_discard                           0x000326e3   Thumb Code     0  rom_symdef.txt ABSOLUTE
    ke_msg_save                              0x000326e7   Thumb Code     0  rom_symdef.txt ABSOLUTE
    ke_task_handler_get                      0x000326eb   Thumb Code     0  rom_symdef.txt ABSOLUTE
    ke_timer_init                            0x00032813   Thumb Code     0  rom_symdef.txt ABSOLUTE
    ke_timer_init_func                       0x00032819   Thumb Code     0  rom_symdef.txt ABSOLUTE
    ke_timer_set                             0x00032825   Thumb Code     0  rom_symdef.txt ABSOLUTE
    ke_timer_clear                           0x000328a5   Thumb Code     0  rom_symdef.txt ABSOLUTE
    ke_timer_active                          0x000328fb   Thumb Code     0  rom_symdef.txt ABSOLUTE
    ke_timer_sleep_check                     0x00032921   Thumb Code     0  rom_symdef.txt ABSOLUTE
    ke_time                                  0x0003297d   Thumb Code     0  rom_symdef.txt ABSOLUTE
    nvds_get                                 0x000329d1   Thumb Code     0  rom_symdef.txt ABSOLUTE
    nvds_get_func                            0x000329d7   Thumb Code     0  rom_symdef.txt ABSOLUTE
    nvds_init                                0x00032bcf   Thumb Code     0  rom_symdef.txt ABSOLUTE
    rwble_hl_init                            0x00032be5   Thumb Code     0  rom_symdef.txt ABSOLUTE
    rwble_hl_send_message                    0x00032c0b   Thumb Code     0  rom_symdef.txt ABSOLUTE
    ble_regs_push                            0x00032c0d   Thumb Code     0  rom_symdef.txt ABSOLUTE
    ble_regs_pop                             0x00032c65   Thumb Code     0  rom_symdef.txt ABSOLUTE
    rf_init                                  0x00032cbd   Thumb Code     0  rom_symdef.txt ABSOLUTE
    rf_reinit                                0x00032cc3   Thumb Code     0  rom_symdef.txt ABSOLUTE
    rwip_init                                0x00032ccb   Thumb Code     0  rom_symdef.txt ABSOLUTE
    rwip_reset                               0x00032d8d   Thumb Code     0  rom_symdef.txt ABSOLUTE
    rwip_version                             0x00032db9   Thumb Code     0  rom_symdef.txt ABSOLUTE
    rwip_prevent_sleep_get                   0x00032dc1   Thumb Code     0  rom_symdef.txt ABSOLUTE
    rwip_schedule                            0x00032dc9   Thumb Code     0  rom_symdef.txt ABSOLUTE
    rwip_prevent_sleep_set                   0x00032eb7   Thumb Code     0  rom_symdef.txt ABSOLUTE
    rwip_wakeup                              0x00032edb   Thumb Code     0  rom_symdef.txt ABSOLUTE
    rwip_prevent_sleep_clear                 0x00032eed   Thumb Code     0  rom_symdef.txt ABSOLUTE
    rwip_wakeup_end                          0x00032f11   Thumb Code     0  rom_symdef.txt ABSOLUTE
    rwip_wakeup_delay_set                    0x00032f2f   Thumb Code     0  rom_symdef.txt ABSOLUTE
    rwip_sleep_enable                        0x00032f3f   Thumb Code     0  rom_symdef.txt ABSOLUTE
    rwip_ext_wakeup_enable                   0x00032f47   Thumb Code     0  rom_symdef.txt ABSOLUTE
    rwble_init                               0x00032f71   Thumb Code     0  rom_symdef.txt ABSOLUTE
    rwble_reset                              0x00032fd5   Thumb Code     0  rom_symdef.txt ABSOLUTE
    rwble_version                            0x00033003   Thumb Code     0  rom_symdef.txt ABSOLUTE
    rwble_get_clock                          0x0003302d   Thumb Code     0  rom_symdef.txt ABSOLUTE
    BLE_FINETGTIM_Handler                    0x00033105   Thumb Code     0  rom_symdef.txt ABSOLUTE
    BLE_GROSSTGTIM_Handler                   0x0003310d   Thumb Code     0  rom_symdef.txt ABSOLUTE
    $Super$$BLE_CSCNT_Handler                0x00033115   Thumb Code     0  rom_symdef.txt ABSOLUTE
    BLE_ERROR_Handler                        0x0003318d   Thumb Code     0  rom_symdef.txt ABSOLUTE
    BLE_CRYPT_Handler                        0x000331ad   Thumb Code     0  rom_symdef.txt ABSOLUTE
    func_check_mem                           0x000331eb   Thumb Code     0  rom_symdef.txt ABSOLUTE
    test_rxdone                              0x0003323d   Thumb Code     0  rom_symdef.txt ABSOLUTE
    prf_create                               0x000339fd   Thumb Code     0  rom_symdef.txt ABSOLUTE
    prf_init                                 0x00033a23   Thumb Code     0  rom_symdef.txt ABSOLUTE
    prf_cleanup                              0x00033a2b   Thumb Code     0  rom_symdef.txt ABSOLUTE
    __aeabi_uidiv                            0x00033aa7   Thumb Code     0  rom_symdef.txt ABSOLUTE
    __aeabi_uidivmod                         0x00033aa7   Thumb Code     0  rom_symdef.txt ABSOLUTE
    __aeabi_idiv                             0x00033ad3   Thumb Code     0  rom_symdef.txt ABSOLUTE
    __aeabi_idivmod                          0x00033ad3   Thumb Code     0  rom_symdef.txt ABSOLUTE
    rand                                     0x00033afd   Thumb Code     0  rom_symdef.txt ABSOLUTE
    srand                                    0x00033b0f   Thumb Code     0  rom_symdef.txt ABSOLUTE
    __aeabi_memcpy                           0x00033b21   Thumb Code     0  rom_symdef.txt ABSOLUTE
    __aeabi_memcpy4                          0x00033b21   Thumb Code     0  rom_symdef.txt ABSOLUTE
    __aeabi_memcpy8                          0x00033b21   Thumb Code     0  rom_symdef.txt ABSOLUTE
    __aeabi_memset                           0x00033b45   Thumb Code     0  rom_symdef.txt ABSOLUTE
    __aeabi_memset4                          0x00033b45   Thumb Code     0  rom_symdef.txt ABSOLUTE
    __aeabi_memset8                          0x00033b45   Thumb Code     0  rom_symdef.txt ABSOLUTE
    __aeabi_memclr                           0x00033b53   Thumb Code     0  rom_symdef.txt ABSOLUTE
    __aeabi_memclr4                          0x00033b53   Thumb Code     0  rom_symdef.txt ABSOLUTE
    __aeabi_memclr8                          0x00033b53   Thumb Code     0  rom_symdef.txt ABSOLUTE
    _memset$wrapper                          0x00033b57   Thumb Code     0  rom_symdef.txt ABSOLUTE
    strlen                                   0x00033b69   Thumb Code     0  rom_symdef.txt ABSOLUTE
    memcmp                                   0x00033b77   Thumb Code     0  rom_symdef.txt ABSOLUTE
    __aeabi_dmul                             0x00033b91   Thumb Code     0  rom_symdef.txt ABSOLUTE
    __aeabi_i2d                              0x00033c61   Thumb Code     0  rom_symdef.txt ABSOLUTE
    __aeabi_ui2d                             0x00033c89   Thumb Code     0  rom_symdef.txt ABSOLUTE
    __aeabi_cdcmpeq                          0x00033ca5   Thumb Code     0  rom_symdef.txt ABSOLUTE
    __aeabi_cdcmple                          0x00033ca5   Thumb Code     0  rom_symdef.txt ABSOLUTE
    __I$use$fp                               0x00033ccd   Thumb Code     0  rom_symdef.txt ABSOLUTE
    _double_round                            0x00033ccd   Thumb Code     0  rom_symdef.txt ABSOLUTE
    _double_epilogue                         0x00033ce7   Thumb Code     0  rom_symdef.txt ABSOLUTE
    __aeabi_llsl                             0x00033d8d   Thumb Code     0  rom_symdef.txt ABSOLUTE
    _ll_shift_l                              0x00033d8d   Thumb Code     0  rom_symdef.txt ABSOLUTE
    __aeabi_llsr                             0x00033dad   Thumb Code     0  rom_symdef.txt ABSOLUTE
    _ll_ushift_r                             0x00033dad   Thumb Code     0  rom_symdef.txt ABSOLUTE
    __ARM_clz                                0x00033dcf   Thumb Code     0  rom_symdef.txt ABSOLUTE
    __ARM_common_switch8                     0x00033dfd   Thumb Code     0  rom_symdef.txt ABSOLUTE
    uart_api                                 0x00033e18   Data           0  rom_symdef.txt ABSOLUTE
    co_sca2ppm                               0x00033e28   Data           0  rom_symdef.txt ABSOLUTE
    co_null_bdaddr                           0x00033e38   Data           0  rom_symdef.txt ABSOLUTE
    co_default_bdaddr                        0x00033e3e   Data           0  rom_symdef.txt ABSOLUTE
    dbg_default_handler                      0x00033f14   Data           0  rom_symdef.txt ABSOLUTE
    llc_state_handler                        0x000340dc   Data           0  rom_symdef.txt ABSOLUTE
    llc_default_handler                      0x0003418c   Data           0  rom_symdef.txt ABSOLUTE
    llm_local_cmds                           0x000341bc   Data           0  rom_symdef.txt ABSOLUTE
    llm_local_le_feats                       0x000341fc   Data           0  rom_symdef.txt ABSOLUTE
    llm_local_le_states                      0x00034204   Data           0  rom_symdef.txt ABSOLUTE
    llm_state_handler                        0x00034354   Data           0  rom_symdef.txt ABSOLUTE
    llm_default_handler                      0x00034384   Data           0  rom_symdef.txt ABSOLUTE
    LLM_AA_CT1                               0x0003438c   Data           0  rom_symdef.txt ABSOLUTE
    LLM_AA_CT2                               0x0003438f   Data           0  rom_symdef.txt ABSOLUTE
    gtl_default_state                        0x000343a4   Data           0  rom_symdef.txt ABSOLUTE
    gtl_default_handler                      0x000343bc   Data           0  rom_symdef.txt ABSOLUTE
    attc_default_state                       0x000343d8   Data           0  rom_symdef.txt ABSOLUTE
    attc_state_handler                       0x000343f8   Data           0  rom_symdef.txt ABSOLUTE
    attc_default_handler                     0x00034410   Data           0  rom_symdef.txt ABSOLUTE
    attm_default_state                       0x00034428   Data           0  rom_symdef.txt ABSOLUTE
    attm_state_handler                       0x00034480   Data           0  rom_symdef.txt ABSOLUTE
    attm_default_handler                     0x00034488   Data           0  rom_symdef.txt ABSOLUTE
    atts_default_state                       0x000344a0   Data           0  rom_symdef.txt ABSOLUTE
    atts_state_handler                       0x000344d0   Data           0  rom_symdef.txt ABSOLUTE
    atts_default_handler                     0x000344f8   Data           0  rom_symdef.txt ABSOLUTE
    gattc_default_state                      0x00034510   Data           0  rom_symdef.txt ABSOLUTE
    gattc_state_handler                      0x00034598   Data           0  rom_symdef.txt ABSOLUTE
    gattc_default_handler                    0x000345b0   Data           0  rom_symdef.txt ABSOLUTE
    gattm_default_state                      0x00034604   Data           0  rom_symdef.txt ABSOLUTE
    gattm_state_handler                      0x00034614   Data           0  rom_symdef.txt ABSOLUTE
    gattm_default_handler                    0x00034624   Data           0  rom_symdef.txt ABSOLUTE
    l2cc_default_state                       0x0003463c   Data           0  rom_symdef.txt ABSOLUTE
    l2cc_state_handler                       0x00034654   Data           0  rom_symdef.txt ABSOLUTE
    l2cc_default_handler                     0x0003466c   Data           0  rom_symdef.txt ABSOLUTE
    l2cm_default_state                       0x00034684   Data           0  rom_symdef.txt ABSOLUTE
    l2cm_state_handler                       0x0003468c   Data           0  rom_symdef.txt ABSOLUTE
    l2cm_default_handler                     0x00034694   Data           0  rom_symdef.txt ABSOLUTE
    smpc_default_state                       0x000346c8   Data           0  rom_symdef.txt ABSOLUTE
    smpc_state_handler                       0x00034760   Data           0  rom_symdef.txt ABSOLUTE
    smpc_default_handler                     0x00034780   Data           0  rom_symdef.txt ABSOLUTE
    smpm_default_state                       0x00034798   Data           0  rom_symdef.txt ABSOLUTE
    smpm_state_handler                       0x000347d0   Data           0  rom_symdef.txt ABSOLUTE
    smpm_default_handler                     0x000347e0   Data           0  rom_symdef.txt ABSOLUTE
    gapc_default_state                       0x000347f8   Data           0  rom_symdef.txt ABSOLUTE
    gapc_state_handler                       0x00034910   Data           0  rom_symdef.txt ABSOLUTE
    gapc_default_handler                     0x00034928   Data           0  rom_symdef.txt ABSOLUTE
    gapm_default_state                       0x000349ec   Data           0  rom_symdef.txt ABSOLUTE
    gapm_state_handler                       0x00034b94   Data           0  rom_symdef.txt ABSOLUTE
    gapm_default_handler                     0x00034bbc   Data           0  rom_symdef.txt ABSOLUTE
    smpc_construct_pdu                       0x00034ce8   Data           0  rom_symdef.txt ABSOLUTE
    smpc_recv_pdu                            0x00034d18   Data           0  rom_symdef.txt ABSOLUTE
    dummy                                    0x00080000   Data           0  rom_symdef.txt ABSOLUTE
    sleep_env                                0x00080254   Data           0  rom_symdef.txt ABSOLUTE
    iq_trim_bias_ctrl1_reg                   0x00080256   Data           0  rom_symdef.txt ABSOLUTE
    co_buf_env                               0x00080258   Data           0  rom_symdef.txt ABSOLUTE
    dbg_state                                0x00080348   Data           0  rom_symdef.txt ABSOLUTE
    iq_trim_rf_mixer_ctrl1_reg               0x0008034a   Data           0  rom_symdef.txt ABSOLUTE
    llc_env                                  0x0008034c   Data           0  rom_symdef.txt ABSOLUTE
    llc_state                                0x00080364   Data           0  rom_symdef.txt ABSOLUTE
    ret_winsize_var                          0x0008036a   Data           0  rom_symdef.txt ABSOLUTE
    lld_evt_env                              0x0008036c   Data           0  rom_symdef.txt ABSOLUTE
    lld_sleep_env                            0x0008038c   Data           0  rom_symdef.txt ABSOLUTE
    llm_le_env                               0x00080390   Data           0  rom_symdef.txt ABSOLUTE
    llm_le_env_lpus                          0x000803e4   Data           0  rom_symdef.txt ABSOLUTE
    llm_bt_env                               0x0008042a   Data           0  rom_symdef.txt ABSOLUTE
    llm_state                                0x00080432   Data           0  rom_symdef.txt ABSOLUTE
    uart_env                                 0x00080434   Data           0  rom_symdef.txt ABSOLUTE
    vcocal_ctrl_reg_val                      0x00080452   Data           0  rom_symdef.txt ABSOLUTE
    last_temp_count                          0x00080478   Data           0  rom_symdef.txt ABSOLUTE
    last_temp_time                           0x0008047c   Data           0  rom_symdef.txt ABSOLUTE
    gtl_env                                  0x00080480   Data           0  rom_symdef.txt ABSOLUTE
    gtl_state                                0x000804a4   Data           0  rom_symdef.txt ABSOLUTE
    attc_state                               0x000804a5   Data           0  rom_symdef.txt ABSOLUTE
    attm_env                                 0x000804ac   Data           0  rom_symdef.txt ABSOLUTE
    attm_state                               0x000804b4   Data           0  rom_symdef.txt ABSOLUTE
    atts_env                                 0x000804b8   Data           0  rom_symdef.txt ABSOLUTE
    atts_state                               0x000804d0   Data           0  rom_symdef.txt ABSOLUTE
    gattc_env                                0x000804d8   Data           0  rom_symdef.txt ABSOLUTE
    gattc_state                              0x000804f0   Data           0  rom_symdef.txt ABSOLUTE
    gattm_env                                0x000804f6   Data           0  rom_symdef.txt ABSOLUTE
    gattm_state                              0x000804fc   Data           0  rom_symdef.txt ABSOLUTE
    l2cc_env                                 0x00080500   Data           0  rom_symdef.txt ABSOLUTE
    l2cc_state                               0x00080518   Data           0  rom_symdef.txt ABSOLUTE
    l2cm_env                                 0x0008051e   Data           0  rom_symdef.txt ABSOLUTE
    l2cm_state                               0x00080524   Data           0  rom_symdef.txt ABSOLUTE
    smpc_env                                 0x00080528   Data           0  rom_symdef.txt ABSOLUTE
    smpc_state                               0x00080540   Data           0  rom_symdef.txt ABSOLUTE
    smpm_env                                 0x00080548   Data           0  rom_symdef.txt ABSOLUTE
    smpm_state                               0x00080550   Data           0  rom_symdef.txt ABSOLUTE
    gapc_env                                 0x00080554   Data           0  rom_symdef.txt ABSOLUTE
    gapc_state                               0x0008056c   Data           0  rom_symdef.txt ABSOLUTE
    gap_cfg_table                            0x00080574   Data           0  rom_symdef.txt ABSOLUTE
    gapm_env                                 0x00080578   Data           0  rom_symdef.txt ABSOLUTE
    gapm_state                               0x000805a4   Data           0  rom_symdef.txt ABSOLUTE
    ke_env                                   0x000805a8   Data           0  rom_symdef.txt ABSOLUTE
    ke_task_env                              0x00080604   Data           0  rom_symdef.txt ABSOLUTE
    nvds_data_ptr                            0x000806c0   Data           0  rom_symdef.txt ABSOLUTE
    func_check_mem_flag                      0x000806c4   Data           0  rom_symdef.txt ABSOLUTE
    ke_mem_heaps_used                        0x000806c5   Data           0  rom_symdef.txt ABSOLUTE
    rwip_env                                 0x000806c6   Data           0  rom_symdef.txt ABSOLUTE
    ble_reg_save                             0x000806cc   Data           0  rom_symdef.txt ABSOLUTE
    rwip_rf                                  0x0008071c   Data           0  rom_symdef.txt ABSOLUTE
    rwip_heap_db_ret                         0x00080768   Data        1036  jump_table.o(heap_db_area)
    rwip_heap_env_ret                        0x00080b74   Data         340  jump_table.o(heap_env_area)
    rwip_heap_msg_ret                        0x00080cc8   Data        1324  jump_table.o(heap_msg_area)
    descript                                 0x00082a20   Data        1502  arch_main.o(BLE_exchange_memory)
    __Vectors                                0x20000000   Data           4  boot_vectors.o(RESET)
    __Vectors_End                            0x200000a0   Data           0  boot_vectors.o(RESET)
    jump_table_base                          0x20000160   Data         352  jump_table.o(jump_table_mem_area)
    gap_timeout_table                        0x200002c0   Data         100  gapm.o(timeout_table_area)
    nvds_data_storage                        0x20000340   Data         164  nvds.o(nvds_data_storage_area)
    __main                                   0x20000441   Thumb Code     0  entry.o(.ARM.Collect$$$$00000000)
    _main_stk                                0x20000441   Thumb Code     0  entry2.o(.ARM.Collect$$$$00000001)
    _main_scatterload                        0x20000445   Thumb Code     0  entry5.o(.ARM.Collect$$$$00000004)
    __main_after_scatterload                 0x20000449   Thumb Code     0  entry5.o(.ARM.Collect$$$$00000004)
    _main_clock                              0x20000449   Thumb Code     0  entry7b.o(.ARM.Collect$$$$00000008)
    _main_cpp_init                           0x20000449   Thumb Code     0  entry8b.o(.ARM.Collect$$$$0000000A)
    _main_init                               0x20000449   Thumb Code     0  entry9a.o(.ARM.Collect$$$$0000000B)
    __rt_final_cpp                           0x20000451   Thumb Code     0  entry10a.o(.ARM.Collect$$$$0000000D)
    __rt_final_exit                          0x20000451   Thumb Code     0  entry11a.o(.ARM.Collect$$$$0000000F)
    SystemInit                               0x20000455   Thumb Code    70  system_armcm0.o(.text)
    Reset_Handler                            0x200004a9   Thumb Code     8  boot_vectors.o(.text)
    PendSV_Handler                           0x200004f9   Thumb Code     2  boot_vectors.o(.text)
    SysTick_Handler                          0x200004fb   Thumb Code     2  boot_vectors.o(.text)
    KEYBRD_Handler                           0x200004fd   Thumb Code     0  boot_vectors.o(.text)
    SWTIM_Handler                            0x200004fd   Thumb Code     0  boot_vectors.o(.text)
    UART2_Handler                            0x200004fd   Thumb Code     0  boot_vectors.o(.text)
    WKUP_QUADEC_Handler                      0x200004fd   Thumb Code     0  boot_vectors.o(.text)
    HardFault_HandlerC                       0x20000515   Thumb Code    84  hardfault_handler.o(.text)
    patch_gtl_task                           0x200005b5   Thumb Code    40  arch_main.o(.text)
    SVC_Handler_c                            0x200005f3   Thumb Code    22  arch_main.o(.text)
    patch_func                               0x20000609   Thumb Code    98  arch_main.o(.text)
    lld_sleep_init_func                      0x2000066b   Thumb Code    26  arch_main.o(.text)
    main_func                                0x20000685   Thumb Code   572  arch_main.o(.text)
    dummyf                                   0x20000969   Thumb Code     2  jump_table.o(.text)
    app_disable_sleep                        0x2000096d   Thumb Code    26  arch_sleep.o(.text)
    app_set_extended_sleep                   0x20000987   Thumb Code    26  arch_sleep.o(.text)
    app_set_deep_sleep                       0x200009a1   Thumb Code    28  arch_sleep.o(.text)
    app_restore_sleep_mode                   0x200009bd   Thumb Code    68  arch_sleep.o(.text)
    app_force_active_mode                    0x20000a01   Thumb Code    30  arch_sleep.o(.text)
    app_ble_ext_wakeup_on                    0x20000a1f   Thumb Code     8  arch_sleep.o(.text)
    app_ble_ext_wakeup_off                   0x20000a27   Thumb Code     8  arch_sleep.o(.text)
    app_ble_ext_wakeup_get                   0x20000a2f   Thumb Code     6  arch_sleep.o(.text)
    app_ble_force_wakeup                     0x20000a35   Thumb Code    46  arch_sleep.o(.text)
    app_last_rwble_evt_get                   0x20000a63   Thumb Code     6  arch_sleep.o(.text)
    NMI_HandlerC                             0x20000a7d   Thumb Code   124  nmi_handler.o(.text)
    GPIO_reservations                        0x20000b09   Thumb Code   152  periph_setup.o(.text)
    set_pad_functions                        0x20000ba1   Thumb Code    66  periph_setup.o(.text)
    periph_init                              0x20000be3   Thumb Code    54  periph_setup.o(.text)
    select_lp_clk                            0x20000c21   Thumb Code     8  arch_system.o(.text)
    init_pwr_and_clk_ble                     0x20000c29   Thumb Code   196  arch_system.o(.text)
    set_pxact_gpio                           0x20000ced   Thumb Code    24  arch_system.o(.text)
    calibrate_rcx20                          0x20000d05   Thumb Code    28  arch_system.o(.text)
    read_rcx_freq                            0x20000d21   Thumb Code   104  arch_system.o(.text)
    set_sleep_delay                          0x20000d89   Thumb Code    40  arch_system.o(.text)
    get_rc16m_count_func                     0x20000db1   Thumb Code    28  arch_system.o(.text)
    conditionally_run_radio_cals             0x20000dcd   Thumb Code    82  arch_system.o(.text)
    lld_sleep_us_2_lpcycles_rcx_func         0x20000e1f   Thumb Code    18  arch_system.o(.text)
    lld_sleep_lpcycles_2_us_rcx_func         0x20000e31   Thumb Code    14  arch_system.o(.text)
    lld_sleep_us_2_lpcycles_sel_func         0x20000e3f   Thumb Code    24  arch_system.o(.text)
    lld_sleep_lpcycles_2_us_sel_func         0x20000e57   Thumb Code    24  arch_system.o(.text)
    uart_flow_off_func                       0x20000e6f   Thumb Code    58  arch_system.o(.text)
    calculate_arch_adv_time                  0x20000ea9   Thumb Code    12  arch_system.o(.text)
    iq_trim_from_otp                         0x20000ef5   Thumb Code    54  rf_580.o(.text)
    rf_reg_rd                                0x20000f2b   Thumb Code     4  rf_580.o(.text)
    rf_reg_wr                                0x20000f2f   Thumb Code     2  rf_580.o(.text)
    rf_reset                                 0x20000f31   Thumb Code     2  rf_580.o(.text)
    rf_force_agc_enable                      0x20000f33   Thumb Code     2  rf_580.o(.text)
    rf_txpwr_dbm_get                         0x20000f35   Thumb Code     4  rf_580.o(.text)
    rf_regs                                  0x20000f49   Thumb Code   214  rf_580.o(.text)
    rf_init_func                             0x20001023   Thumb Code   138  rf_580.o(.text)
    rf_reinit_func                           0x200010ad   Thumb Code   128  rf_580.o(.text)
    GPIOn_Handler                            0x200011dd   Thumb Code    40  gpio.o(.text)
    GPIO0_Handler                            0x20001205   Thumb Code     4  gpio.o(.text)
    GPIO1_Handler                            0x20001209   Thumb Code     4  gpio.o(.text)
    GPIO2_Handler                            0x2000120d   Thumb Code     4  gpio.o(.text)
    GPIO3_Handler                            0x20001211   Thumb Code     4  gpio.o(.text)
    GPIO4_Handler                            0x20001215   Thumb Code     4  gpio.o(.text)
    ke_task_init_func                        0x200012b3   Thumb Code    20  ke_task.obj(.text)
    my_llc_con_update_req_ind                0x200012d9   Thumb Code   100  ch_map.obj(.text)
    my_llc_ch_map_req_ind                    0x2000133d   Thumb Code    84  ch_map.obj(.text)
    l2cc_pdu_recv_ind_handler                0x2000139d   Thumb Code   232  atts_task.obj(.text)
    smpc_send_pairing_req_ind                0x20001489   Thumb Code   190  smpc.obj(.text)
    smpc_check_pairing_feat                  0x20001547   Thumb Code    38  smpc.obj(.text)
    smpc_pairing_cfm_handler                 0x20001575   Thumb Code   518  smpc_task.obj(.text)
    patched_gapm_adv_op_sanity               0x20001781   Thumb Code   208  gapm_util.obj(.text)
    custom_nvds_get_func                     0x20001901   Thumb Code   552  nvds.o(.text)
    nvds_read_bdaddr_from_otp                0x20001b29   Thumb Code    50  nvds.o(.text)
    rwip_sleep                               0x20001b79   Thumb Code   330  rwip.o(.text)
    measure_errors_received                  0x20001ced   Thumb Code    96  rwble.o(.text)
    lld_sleep_compensate_func_patched        0x20001d4d   Thumb Code    46  rwble.o(.text)
    BLE_WAKEUP_LP_Handler                    0x20001d7b   Thumb Code   134  rwble.o(.text)
    BLE_CSCNT_Handler                        0x20001e01   Thumb Code    12  rwble.o(.text)
    BLE_SLP_Handler                          0x20001e0d   Thumb Code    78  rwble.o(.text)
    BLE_RX_Handler                           0x20001e5b   Thumb Code    18  rwble.o(.text)
    BLE_EVENT_Handler                        0x20001e6d   Thumb Code    64  rwble.o(.text)
    BLE_RF_DIAG_Handler                      0x20001ead   Thumb Code    88  rwble.o(.text)
    prf_read_char_send                       0x20001f41   Thumb Code    42  prf_utils.o(.text)
    prf_register_atthdl2gatt                 0x20001f6b   Thumb Code    46  prf_utils.o(.text)
    prf_unregister_atthdl2gatt               0x20001f99   Thumb Code    46  prf_utils.o(.text)
    prf_disc_svc_send                        0x20001fc7   Thumb Code    54  prf_utils.o(.text)
    prf_disc_incl_svc_send                   0x20001ffd   Thumb Code    50  prf_utils.o(.text)
    prf_disc_char_all_send                   0x2000202f   Thumb Code    50  prf_utils.o(.text)
    prf_disc_char_desc_send                  0x20002061   Thumb Code    98  prf_utils.o(.text)
    prf_gatt_write                           0x200020c3   Thumb Code    72  prf_utils.o(.text)
    prf_gatt_write_ntf_ind                   0x2000210b   Thumb Code    24  prf_utils.o(.text)
    prf_check_svc_char_validity              0x20002123   Thumb Code    64  prf_utils.o(.text)
    prf_check_svc_char_desc_validity         0x20002163   Thumb Code    56  prf_utils.o(.text)
    prf_search_chars                         0x2000219b   Thumb Code    98  prf_utils.o(.text)
    prf_search_descs                         0x200021fd   Thumb Code    66  prf_utils.o(.text)
    prf_client_disable                       0x2000227b   Thumb Code    74  prf_utils.o(.text)
    prf_client_get_env                       0x200022c5   Thumb Code    16  prf_utils.o(.text)
    prf_client_disable_ind_send              0x200022d5   Thumb Code    80  prf_utils.o(.text)
    prf_client_enable                        0x20002325   Thumb Code    88  prf_utils.o(.text)
    prf_client_reset                         0x2000237d   Thumb Code    80  prf_utils.o(.text)
    prf_client_enable_error                  0x200023cd   Thumb Code    42  prf_utils.o(.text)
    prf_client_att_info_rsp                  0x200023f7   Thumb Code    82  prf_utils.o(.text)
    prf_pack_date_time                       0x20002449   Thumb Code    32  prf_utils.o(.text)
    prf_unpack_date_time                     0x20002469   Thumb Code    34  prf_utils.o(.text)
    prf_init_func                            0x2000248b   Thumb Code     8  prf_utils.o(.text)
    prf_cleanup_func                         0x20002493   Thumb Code    36  prf_utils.o(.text)
    streamdatah_init                         0x20002529   Thumb Code    20  streamdatah.o(.text)
    streamdatah_enable_cfm_send              0x2000253d   Thumb Code    92  streamdatah.o(.text)
    streamdatah_write_char_rsp_send          0x20002599   Thumb Code    40  streamdatah.o(.text)
    app_init                                 0x20002871   Thumb Code    62  app.o(.text)
    app_db_init                              0x200028af   Thumb Code     8  app.o(.text)
    app_disconnect                           0x200028b7   Thumb Code    34  app.o(.text)
    app_connect_confirm                      0x200028d9   Thumb Code    42  app.o(.text)
    app_adv_start                            0x20002903   Thumb Code    36  app.o(.text)
    app_adv_stop                             0x20002927   Thumb Code    26  app.o(.text)
    app_param_update_start                   0x20002941   Thumb Code     8  app.o(.text)
    app_timer_set                            0x20002949   Thumb Code    24  app.o(.text)
    app_connect                              0x20002961   Thumb Code    62  app.o(.text)
    app_sec_gen_tk                           0x200029b5   Thumb Code    18  app_sec.o(.text)
    app_sec_gen_ltk                          0x200029c7   Thumb Code    74  app_sec.o(.text)
    app_sec_init                             0x20002a11   Thumb Code    16  app_sec.o(.text)
    app_security_start                       0x20002a21   Thumb Code    46  app_sec.o(.text)
    gapc_bond_req_ind_handler                0x20002a65   Thumb Code    82  app_sec_task.o(.text)
    gapc_bond_ind_handler                    0x20002ab7   Thumb Code    66  app_sec_task.o(.text)
    gapc_encrypt_req_ind_handler             0x20002af9   Thumb Code   120  app_sec_task.o(.text)
    gapc_encrypt_ind_handler                 0x20002b71   Thumb Code    10  app_sec_task.o(.text)
    gapm_device_ready_ind_handler            0x20002b89   Thumb Code    36  app_task.o(.text)
    gapm_cmp_evt_handler                     0x20002bad   Thumb Code   130  app_task.o(.text)
    gapc_connection_req_ind_handler          0x20002c2f   Thumb Code    32  app_task.o(.text)
    gapc_cmp_evt_handler                     0x20002c4f   Thumb Code    50  app_task.o(.text)
    gapc_disconnect_ind_handler              0x20002c81   Thumb Code    12  app_task.o(.text)
    app_module_init_cmp_evt_handler          0x20002c8d   Thumb Code    36  app_task.o(.text)
    gapm_adv_report_ind_handler              0x20002cb1   Thumb Code    12  app_task.o(.text)
    app_init_func                            0x20002cc5   Thumb Code     2  app_throughput_central_proj.o(.text)
    app_sec_init_func                        0x20002cc7   Thumb Code     2  app_throughput_central_proj.o(.text)
    app_connection_func                      0x20002cc9   Thumb Code   104  app_throughput_central_proj.o(.text)
    app_adv_func                             0x20002d31   Thumb Code   212  app_throughput_central_proj.o(.text)
    app_disconnect_func                      0x20002e05   Thumb Code    58  app_throughput_central_proj.o(.text)
    app_db_init_func                         0x20002e3f   Thumb Code    24  app_throughput_central_proj.o(.text)
    app_param_update_func                    0x20002e57   Thumb Code     2  app_throughput_central_proj.o(.text)
    app_configuration_func                   0x20002e59   Thumb Code    22  app_throughput_central_proj.o(.text)
    app_set_dev_config_complete_func         0x20002e6f   Thumb Code    30  app_throughput_central_proj.o(.text)
    app_update_params_rejected_func          0x20002e8d   Thumb Code     2  app_throughput_central_proj.o(.text)
    app_update_params_complete_func          0x20002e8f   Thumb Code     2  app_throughput_central_proj.o(.text)
    app_adv_undirect_complete                0x20002e91   Thumb Code     2  app_throughput_central_proj.o(.text)
    app_adv_direct_complete                  0x20002e93   Thumb Code     2  app_throughput_central_proj.o(.text)
    app_db_init_complete_func                0x20002e95   Thumb Code     8  app_throughput_central_proj.o(.text)
    app_scanning_completed_func              0x20002e9d   Thumb Code    22  app_throughput_central_proj.o(.text)
    app_connect_func                         0x20002eb3   Thumb Code    50  app_throughput_central_proj.o(.text)
    app_adv_report_ind_func                  0x20002ee5   Thumb Code    42  app_throughput_central_proj.o(.text)
    app_connect_failed_func                  0x20002f0f   Thumb Code    38  app_throughput_central_proj.o(.text)
    app_send_pairing_rsp_func                0x20002f35   Thumb Code     2  app_throughput_central_proj.o(.text)
    app_send_tk_exch_func                    0x20002f37   Thumb Code     2  app_throughput_central_proj.o(.text)
    app_send_irk_exch_func                   0x20002f39   Thumb Code     2  app_throughput_central_proj.o(.text)
    app_send_csrk_exch_func                  0x20002f3b   Thumb Code     2  app_throughput_central_proj.o(.text)
    app_send_ltk_exch_func                   0x20002f3d   Thumb Code     2  app_throughput_central_proj.o(.text)
    app_paired_func                          0x20002f3f   Thumb Code     2  app_throughput_central_proj.o(.text)
    app_validate_encrypt_req_func            0x20002f41   Thumb Code     4  app_throughput_central_proj.o(.text)
    app_sec_encrypt_ind_func                 0x20002f45   Thumb Code     2  app_throughput_central_proj.o(.text)
    app_sec_encrypt_complete_func            0x20002f47   Thumb Code     2  app_throughput_central_proj.o(.text)
    app_mitm_passcode_entry_func             0x20002f49   Thumb Code     2  app_throughput_central_proj.o(.text)
    app_start_scanning                       0x20002f4b   Thumb Code    42  app_throughput_central_proj.o(.text)
    app_conn_timer_handler                   0x20002f75   Thumb Code    28  app_throughput_central_proj.o(.text)
    app_uart_test_req_handler                0x20002f91   Thumb Code    34  app_throughput_central_proj.o(.text)
    app_ext_scan_cmd_handler                 0x20002fb3   Thumb Code    10  app_throughput_central_proj.o(.text)
    app_ext_connect_cmd_handler              0x20002fbd   Thumb Code    16  app_throughput_central_proj.o(.text)
    app_ext_disconnect_cmd_handler           0x20002fcd   Thumb Code    38  app_throughput_central_proj.o(.text)
    test_pkt_init                            0x20002ff3   Thumb Code    44  app_throughput_central_proj.o(.text)
    app_ext_transmit_cmd_handler             0x2000301f   Thumb Code    32  app_throughput_central_proj.o(.text)
    app_ext_stats_report_send                0x2000303f   Thumb Code    56  app_throughput_central_proj.o(.text)
    test_callback                            0x20003077   Thumb Code     8  app_throughput_central_proj.o(.text)
    test_pkt_gen                             0x2000307f   Thumb Code   156  app_throughput_central_proj.o(.text)
    app_streamdatah_enable                   0x2000311d   Thumb Code    30  app_streamdatah.o(.text)
    streamdatah_enable_cfm_handler           0x20003141   Thumb Code    30  app_streamdatah_task.o(.text)
    streamdatah_rcv_data_packet_ind_handler  0x2000315f   Thumb Code    12  app_streamdatah_task.o(.text)
    stream_setup_int_tomax                   0x20003171   Thumb Code    36  app_stream_queue.o(.text)
    init_metrics                             0x20003195   Thumb Code    20  app_stream_queue.o(.text)
    add_err_packet                           0x200031a9   Thumb Code    10  app_stream_queue.o(.text)
    add_packets_rx                           0x200031b3   Thumb Code    16  app_stream_queue.o(.text)
    calc_update                              0x200031c3   Thumb Code    92  app_stream_queue.o(.text)
    stream_fifo_init                         0x2000321f   Thumb Code    24  app_stream_queue.o(.text)
    stream_fifo_add                          0x20003237   Thumb Code    68  app_stream_queue.o(.text)
    stream_fifo_check                        0x2000327b   Thumb Code    20  app_stream_queue.o(.text)
    send_pkt_to_l2cc                         0x2000328f   Thumb Code    82  app_stream_queue.o(.text)
    stream_queue_more_data_during_tx         0x20003337   Thumb Code    68  app_stream_queue.o(.text)
    stream_queue_more_data_end_of_event      0x2000337b   Thumb Code    72  app_stream_queue.o(.text)
    stream_queue_more_data                   0x200033c3   Thumb Code    66  app_stream_queue.o(.text)
    __aeabi_fmul                             0x20003425   Thumb Code   122  fmul.o(.text)
    __aeabi_fdiv                             0x2000349f   Thumb Code   124  fdiv.o(.text)
    __ARM_scalbnf                            0x2000351b   Thumb Code    24  fscalb.o(.text)
    scalbnf                                  0x2000351b   Thumb Code     0  fscalb.o(.text)
    __aeabi_ui2f                             0x20003533   Thumb Code    14  ffltui.o(.text)
    __aeabi_f2uiz                            0x20003541   Thumb Code    40  ffixui.o(.text)
    __aeabi_f2d                              0x20003569   Thumb Code    40  f2d.o(.text)
    __aeabi_d2f                              0x20003591   Thumb Code    56  d2f.o(.text)
    _float_round                             0x200035c9   Thumb Code    16  fepilogue.o(.text)
    _float_epilogue                          0x200035d9   Thumb Code   114  fepilogue.o(.text)
    __scatterload                            0x2000364d   Thumb Code    28  init.o(.text)
    __scatterload_rt2                        0x2000364d   Thumb Code     0  init.o(.text)
    Long Thumb to Thumb Veneer to ke_state_get 0x20003671   Thumb Code    12  anon$$obj.o(Veneer$$Code)
    Long Thumb to Thumb Veneer to co_list_push_back 0x2000367d   Thumb Code    12  anon$$obj.o(Veneer$$Code)
    Long Thumb to Thumb Veneer to gtl_send_msg 0x20003689   Thumb Code    12  anon$$obj.o(Veneer$$Code)
    Long Thumb to Thumb Veneer to ke_state_set 0x20003695   Thumb Code    12  anon$$obj.o(Veneer$$Code)
    Long Thumb to Thumb Veneer to set_system_clocks 0x200036a1   Thumb Code    12  anon$$obj.o(Veneer$$Code)
    Long Thumb to Thumb Veneer to srand      0x200036ad   Thumb Code    12  anon$$obj.o(Veneer$$Code)
    Long Thumb to Thumb Veneer to nvds_init  0x200036b9   Thumb Code    12  anon$$obj.o(Veneer$$Code)
    Long Thumb to Thumb Veneer to rwip_init  0x200036c5   Thumb Code    12  anon$$obj.o(Veneer$$Code)
    Long Thumb to Thumb Veneer to enable_rf_diag_irq 0x200036d1   Thumb Code    12  anon$$obj.o(Veneer$$Code)
    Long Thumb to Thumb Veneer to app_get_sleep_mode 0x200036dd   Thumb Code    12  anon$$obj.o(Veneer$$Code)
    Long Thumb to Thumb Veneer to rwip_prevent_sleep_get 0x200036e9   Thumb Code    12  anon$$obj.o(Veneer$$Code)
    Long Thumb to Thumb Veneer to ke_event_get 0x200036f5   Thumb Code    12  anon$$obj.o(Veneer$$Code)
    Long Thumb to Thumb Veneer to rwip_schedule 0x20003701   Thumb Code    12  anon$$obj.o(Veneer$$Code)
    Long Thumb to Thumb Veneer to lld_sleep_check 0x2000370d   Thumb Code    12  anon$$obj.o(Veneer$$Code)
    Long Thumb to Thumb Veneer to func_check_mem 0x20003719   Thumb Code    12  anon$$obj.o(Veneer$$Code)
    Long Thumb to Thumb Veneer to test_rxdone 0x20003725   Thumb Code    12  anon$$obj.o(Veneer$$Code)
    Long Thumb to Thumb Veneer to ke_mem_is_empty 0x20003731   Thumb Code    12  anon$$obj.o(Veneer$$Code)
    Long Thumb to Thumb Veneer to uart_init  0x2000373d   Thumb Code    12  anon$$obj.o(Veneer$$Code)
    Long Thumb to Thumb Veneer to __aeabi_uidivmod 0x20003749   Thumb Code    12  anon$$obj.o(Veneer$$Code)
    Long Thumb to Thumb Veneer to __aeabi_dmul 0x20003755   Thumb Code    12  anon$$obj.o(Veneer$$Code)
    Long Thumb to Thumb Veneer to rwip_wakeup_delay_set 0x20003761   Thumb Code    12  anon$$obj.o(Veneer$$Code)
    Long Thumb to Thumb Veneer to $Super$$get_rc16m_count_func 0x2000376d   Thumb Code    12  anon$$obj.o(Veneer$$Code)
    Long Thumb to Thumb Veneer to get_rc16m_count 0x20003779   Thumb Code    12  anon$$obj.o(Veneer$$Code)
    Long Thumb to Thumb Veneer to pll_vcocal_LUT_InitUpdate 0x20003785   Thumb Code    12  anon$$obj.o(Veneer$$Code)
    Long Thumb to Thumb Veneer to rf_calibration 0x20003791   Thumb Code    12  anon$$obj.o(Veneer$$Code)
    Long Thumb to Thumb Veneer to lld_sleep_us_2_lpcycles_func 0x2000379d   Thumb Code    12  anon$$obj.o(Veneer$$Code)
    Long Thumb to Thumb Veneer to lld_sleep_lpcycles_2_us_func 0x200037a9   Thumb Code    12  anon$$obj.o(Veneer$$Code)
    Long Thumb to Thumb Veneer to uart_flow_on 0x200037b5   Thumb Code    12  anon$$obj.o(Veneer$$Code)
    Long Thumb to Thumb Veneer to __aeabi_memcpy 0x200037c1   Thumb Code    12  anon$$obj.o(Veneer$$Code)
    Long Thumb to Thumb Veneer to co_list_pop_front 0x200037cd   Thumb Code    12  anon$$obj.o(Veneer$$Code)
    Long Thumb to Thumb Veneer to ke_task_handler_get 0x200037d9   Thumb Code    12  anon$$obj.o(Veneer$$Code)
    Long Thumb to Thumb Veneer to ke_msg_free 0x200037e5   Thumb Code    12  anon$$obj.o(Veneer$$Code)
    Long Thumb to Thumb Veneer to ke_event_clear 0x200037f1   Thumb Code    12  anon$$obj.o(Veneer$$Code)
    Long Thumb to Thumb Veneer to __aeabi_memclr4 0x200037fd   Thumb Code    12  anon$$obj.o(Veneer$$Code)
    Long Thumb to Thumb Veneer to ke_event_callback_set 0x20003809   Thumb Code    12  anon$$obj.o(Veneer$$Code)
    Long Thumb to Thumb Veneer to lld_con_update_ind 0x20003815   Thumb Code    12  anon$$obj.o(Veneer$$Code)
    Long Thumb to Thumb Veneer to llc_util_dicon_procedure 0x20003821   Thumb Code    12  anon$$obj.o(Veneer$$Code)
    Long Thumb to Thumb Veneer to lld_ch_map_ind 0x2000382d   Thumb Code    12  anon$$obj.o(Veneer$$Code)
    Long Thumb to Thumb Veneer to __ARM_common_switch8 0x20003839   Thumb Code    12  anon$$obj.o(Veneer$$Code)
    Long Thumb to Thumb Veneer to ke_timer_clear 0x20003845   Thumb Code    12  anon$$obj.o(Veneer$$Code)
    Long Thumb to Thumb Veneer to atts_send_cmd_cmp 0x20003851   Thumb Code    12  anon$$obj.o(Veneer$$Code)
    Long Thumb to Thumb Veneer to atts_mtu_exc_resp 0x2000385d   Thumb Code    12  anon$$obj.o(Veneer$$Code)
    Long Thumb to Thumb Veneer to atts_find_info_resp 0x20003869   Thumb Code    12  anon$$obj.o(Veneer$$Code)
    Long Thumb to Thumb Veneer to atts_find_by_type_resp 0x20003875   Thumb Code    12  anon$$obj.o(Veneer$$Code)
    Long Thumb to Thumb Veneer to atts_read_by_type_resp 0x20003881   Thumb Code    12  anon$$obj.o(Veneer$$Code)
    Long Thumb to Thumb Veneer to atts_read_by_grp_type_resp 0x2000388d   Thumb Code    12  anon$$obj.o(Veneer$$Code)
    Long Thumb to Thumb Veneer to atts_read_resp 0x20003899   Thumb Code    12  anon$$obj.o(Veneer$$Code)
    Long Thumb to Thumb Veneer to atts_read_blob_resp 0x200038a5   Thumb Code    12  anon$$obj.o(Veneer$$Code)
    Long Thumb to Thumb Veneer to atts_read_mult_resp 0x200038b1   Thumb Code    12  anon$$obj.o(Veneer$$Code)
    Long Thumb to Thumb Veneer to atts_write_no_resp 0x200038bd   Thumb Code    12  anon$$obj.o(Veneer$$Code)
    Long Thumb to Thumb Veneer to atts_write_resp 0x200038c9   Thumb Code    12  anon$$obj.o(Veneer$$Code)
    Long Thumb to Thumb Veneer to atts_signed_write_resp 0x200038d5   Thumb Code    12  anon$$obj.o(Veneer$$Code)
    Long Thumb to Thumb Veneer to atts_prepare_write_resp 0x200038e1   Thumb Code    12  anon$$obj.o(Veneer$$Code)
    Long Thumb to Thumb Veneer to atts_execute_write_resp 0x200038ed   Thumb Code    12  anon$$obj.o(Veneer$$Code)
    Long Thumb to Thumb Veneer to ke_msg_alloc 0x200038f9   Thumb Code    12  anon$$obj.o(Veneer$$Code)
    Long Thumb to Thumb Veneer to gapc_get_enc_keysize 0x20003905   Thumb Code    12  anon$$obj.o(Veneer$$Code)
    Long Thumb to Thumb Veneer to gapc_get_role 0x20003911   Thumb Code    12  anon$$obj.o(Veneer$$Code)
    Long Thumb to Thumb Veneer to ke_msg_send 0x2000391d   Thumb Code    12  anon$$obj.o(Veneer$$Code)
    Long Thumb to Thumb Veneer to smpc_generate_rand 0x20003929   Thumb Code    12  anon$$obj.o(Veneer$$Code)
    Long Thumb to Thumb Veneer to smpc_tkdp_send_continue 0x20003935   Thumb Code    12  anon$$obj.o(Veneer$$Code)
    Long Thumb to Thumb Veneer to smpc_pdu_send 0x20003941   Thumb Code    12  anon$$obj.o(Veneer$$Code)
    Long Thumb to Thumb Veneer to smpc_tkdp_rcp_start 0x2000394d   Thumb Code    12  anon$$obj.o(Veneer$$Code)
    Long Thumb to Thumb Veneer to smpc_pairing_end 0x20003959   Thumb Code    12  anon$$obj.o(Veneer$$Code)
    Long Thumb to Thumb Veneer to smpc_check_max_key_size 0x20003965   Thumb Code    12  anon$$obj.o(Veneer$$Code)
    Long Thumb to Thumb Veneer to smpc_check_key_distrib 0x20003971   Thumb Code    12  anon$$obj.o(Veneer$$Code)
    Long Thumb to Thumb Veneer to smpc_get_key_sec_prop 0x2000397d   Thumb Code    12  anon$$obj.o(Veneer$$Code)
    Long Thumb to Thumb Veneer to smpc_is_sec_mode_reached 0x20003989   Thumb Code    12  anon$$obj.o(Veneer$$Code)
    Long Thumb to Thumb Veneer to gapm_get_privacy_flag 0x20003995   Thumb Code    12  anon$$obj.o(Veneer$$Code)
    Long Thumb to Thumb Veneer to gapm_set_recon_addr 0x200039a1   Thumb Code    12  anon$$obj.o(Veneer$$Code)
    Long Thumb to Thumb Veneer to memcmp     0x200039ad   Thumb Code    12  anon$$obj.o(Veneer$$Code)
    Long Thumb to Thumb Veneer to ke_sleep_check 0x200039b9   Thumb Code    12  anon$$obj.o(Veneer$$Code)
    Long Thumb to Thumb Veneer to ke_timer_sleep_check 0x200039c5   Thumb Code    12  anon$$obj.o(Veneer$$Code)
    Long Thumb to Thumb Veneer to gtl_enter_sleep 0x200039d1   Thumb Code    12  anon$$obj.o(Veneer$$Code)
    Long Thumb to Thumb Veneer to lld_sleep_enter 0x200039dd   Thumb Code    12  anon$$obj.o(Veneer$$Code)
    Long Thumb to Thumb Veneer to ble_regs_push 0x200039e9   Thumb Code    12  anon$$obj.o(Veneer$$Code)
    Long Thumb to Thumb Veneer to llm_get_min_rssi 0x200039f5   Thumb Code    12  anon$$obj.o(Veneer$$Code)
    Long Thumb to Thumb Veneer to $Super$$BLE_CSCNT_Handler 0x20003a01   Thumb Code    12  anon$$obj.o(Veneer$$Code)
    Long Thumb to Thumb Veneer to lld_evt_start_isr 0x20003a0d   Thumb Code    12  anon$$obj.o(Veneer$$Code)
    Long Thumb to Thumb Veneer to ble_regs_pop 0x20003a19   Thumb Code    12  anon$$obj.o(Veneer$$Code)
    Long Thumb to Thumb Veneer to gtl_eif_init 0x20003a25   Thumb Code    12  anon$$obj.o(Veneer$$Code)
    Long Thumb to Thumb Veneer to rwip_wakeup 0x20003a31   Thumb Code    12  anon$$obj.o(Veneer$$Code)
    Long Thumb to Thumb Veneer to rf_workaround_init 0x20003a3d   Thumb Code    12  anon$$obj.o(Veneer$$Code)
    Long Thumb to Thumb Veneer to rf_reinit  0x20003a49   Thumb Code    12  anon$$obj.o(Veneer$$Code)
    Long Thumb to Thumb Veneer to lld_evt_rx_isr 0x20003a55   Thumb Code    12  anon$$obj.o(Veneer$$Code)
    Long Thumb to Thumb Veneer to lld_evt_end_isr 0x20003a61   Thumb Code    12  anon$$obj.o(Veneer$$Code)
    Long Thumb to Thumb Veneer to set_rf_cal_cap 0x20003a6d   Thumb Code    12  anon$$obj.o(Veneer$$Code)
    Long Thumb to Thumb Veneer to set_gauss_modgain 0x20003a79   Thumb Code    12  anon$$obj.o(Veneer$$Code)
    Long Thumb to Thumb Veneer to attm_uuid_match_16 0x20003a85   Thumb Code    12  anon$$obj.o(Veneer$$Code)
    Long Thumb to Thumb Veneer to ke_free    0x20003a91   Thumb Code    12  anon$$obj.o(Veneer$$Code)
    Long Thumb to Thumb Veneer to ke_msg_forward 0x20003a9d   Thumb Code    12  anon$$obj.o(Veneer$$Code)
    Long Thumb to Thumb Veneer to ke_task_create 0x20003aa9   Thumb Code    12  anon$$obj.o(Veneer$$Code)
    Long Thumb to Thumb Veneer to gapc_get_conhdl 0x20003ab5   Thumb Code    12  anon$$obj.o(Veneer$$Code)
    Long Thumb to Thumb Veneer to gapc_send_disconect_ind 0x20003ac1   Thumb Code    12  anon$$obj.o(Veneer$$Code)
    Long Thumb to Thumb Veneer to ke_malloc  0x20003acd   Thumb Code    12  anon$$obj.o(Veneer$$Code)
    Long Thumb to Thumb Veneer to __aeabi_memclr 0x20003ad9   Thumb Code    12  anon$$obj.o(Veneer$$Code)
    Long Thumb to Thumb Veneer to gapc_get_conidx 0x20003ae5   Thumb Code    12  anon$$obj.o(Veneer$$Code)
    Long Thumb to Thumb Veneer to nvds_get   0x20003af1   Thumb Code    12  anon$$obj.o(Veneer$$Code)
    Long Thumb to Thumb Veneer to ke_timer_set 0x20003afd   Thumb Code    12  anon$$obj.o(Veneer$$Code)
    Long Thumb to Thumb Veneer to rand       0x20003b09   Thumb Code    12  anon$$obj.o(Veneer$$Code)
    Long Thumb to Thumb Veneer to __aeabi_idivmod 0x20003b15   Thumb Code    12  anon$$obj.o(Veneer$$Code)
    Long Thumb to Thumb Veneer to __aeabi_memcpy4 0x20003b21   Thumb Code    12  anon$$obj.o(Veneer$$Code)
    Long Thumb to Thumb Veneer to __aeabi_memset 0x20003b2d   Thumb Code    12  anon$$obj.o(Veneer$$Code)
    Long Thumb to Thumb Veneer to __aeabi_llsl 0x20003b39   Thumb Code    12  anon$$obj.o(Veneer$$Code)
    GPIO_ConfigurePin                        0x20003b45   Thumb Code    78  gpio.o(i.GPIO_ConfigurePin)
    GPIO_ResetIRQ                            0x20003b99   Thumb Code   146  gpio.o(i.GPIO_ResetIRQ)
    GPIO_SetActive                           0x20003c31   Thumb Code    58  gpio.o(i.GPIO_SetActive)
    GPIO_SetInactive                         0x20003c75   Thumb Code    58  gpio.o(i.GPIO_SetInactive)
    GPIO_SetPinFunction                      0x20003cb9   Thumb Code    64  gpio.o(i.GPIO_SetPinFunction)
    GPIO_init                                0x20003d01   Thumb Code   140  gpio.o(i.GPIO_init)
    __scatterload_copy                       0x20003d95   Thumb Code    14  handlers.o(i.__scatterload_copy)
    __scatterload_null                       0x20003da3   Thumb Code     2  handlers.o(i.__scatterload_null)
    __scatterload_zeroinit                   0x20003da5   Thumb Code    14  handlers.o(i.__scatterload_zeroinit)
    add_packets_tx                           0x20003db5   Thumb Code    16  app_stream_queue.o(i.add_packets_tx)
    my_gtl_default_state                     0x20003dc8   Data          24  arch_main.o(.constdata)
    patch_table                              0x20003de0   Data          32  arch_main.o(.constdata)
    LUT_CFG                                  0x20003e00   Data          22  arch_main.o(.constdata)
    streamdatah_streamdata_char              0x20003e30   Data          44  streamdatah_task.o(.constdata)
    streamdatah_connected                    0x20003e5c   Data          32  streamdatah_task.o(.constdata)
    streamdatah_discovering                  0x20003e7c   Data          24  streamdatah_task.o(.constdata)
    streamdatah_default_state                0x20003e94   Data          16  streamdatah_task.o(.constdata)
    streamdatah_state_handler                0x20003ea4   Data          24  streamdatah_task.o(.constdata)
    streamdatah_default_handler              0x20003ebc   Data           8  streamdatah_task.o(.constdata)
    app_default_state                        0x20003ed4   Data         152  app_task.o(.constdata)
    app_default_handler                      0x20003f6c   Data           8  app_task.o(.constdata)
    max_pkt_conint                           0x20003f74   Data          24  app_stream_queue.o(.constdata)
    Region$$Table$$Base                      0x20003f8c   Number         0  anon$$obj.o(Region$$Table)
    Region$$Table$$Limit                     0x20003fbc   Number         0  anon$$obj.o(Region$$Table)
    my_gtl_default_handler                   0x20003fbc   Data           8  arch_main.o(.data)
    TASK_DESC_GTL                            0x20003fc4   Data          16  arch_main.o(.data)
    str_count                                0x20003fd4   Data           4  app_stream_queue.o(.data)
    min_val                                  0x20003fd8   Data           4  app_stream_queue.o(.data)
    stream_params                            0x20003fdc   Data           4  app_stream_queue.o(.data)
    GPIO_status                              0x20008000   Data           8  gpio.o(.bss)
    GPIO                                     0x20008008   Data         160  gpio.o(.bss)
    GPIOHandlerFunction                      0x200080a8   Data          20  gpio.o(.bss)
    dbg                                      0x200080bc   Data           1  app_throughput_central_proj.o(.bss)
    hnd                                      0x200080c4   Data           4  app_throughput_central_proj.o(.bss)
    test_pkt                                 0x200080c8   Data         640  app_throughput_central_proj.o(.bss)
    sys_startup_flag                         0x20008348   Data           1  arch_main.o(retention_mem_area0)
    sleep_md                                 0x20008349   Data           1  arch_sleep.o(retention_mem_area0)
    sleep_pend                               0x2000834a   Data           1  arch_sleep.o(retention_mem_area0)
    sleep_cnt                                0x2000834b   Data           1  arch_sleep.o(retention_mem_area0)
    sleep_ext_force                          0x2000834c   Data           1  arch_sleep.o(retention_mem_area0)
    cal_enable                               0x20008350   Data           1  arch_system.o(retention_mem_area0)
    lp_clk_sel                               0x20008354   Data           4  arch_system.o(retention_mem_area0)
    rcx_freq                                 0x20008358   Data           4  arch_system.o(retention_mem_area0)
    rcx_period                               0x2000835c   Data           4  arch_system.o(retention_mem_area0)
    rcx_slot_duration                        0x20008360   Data           4  arch_system.o(retention_mem_area0)
    dev_bdaddr                               0x20008364   Data           6  nvds.o(retention_mem_area0)
    rwble_last_event                         0x2000836a   Data           1  rwble.o(retention_mem_area0)
    streamdatah_envs                         0x2000836c   Data           4  streamdatah.o(retention_mem_area0)
    streamdatah_state                        0x20008370   Data           6  streamdatah_task.o(retention_mem_area0)
    app_env                                  0x20008376   Data          12  app.o(retention_mem_area0)
    app_sec_env                              0x20008382   Data          36  app_sec.o(retention_mem_area0)
    app_state                                0x200083a6   Data           1  app_task.o(retention_mem_area0)
    test_state                               0x200083a7   Data           1  app_throughput_central_proj.o(retention_mem_area0)
    rwip_heap_non_ret                        0x20008bf4   Data        1036  jump_table.o(heap_mem_area_not_ret)
    SystemCoreClock                          0x20009000   Data           0  rom_symdef.txt ABSOLUTE
    error                                    0x20009004   Data           0  rom_symdef.txt ABSOLUTE
    cpt_event                                0x20009020   Data           1  rwble.o(.bss)
    transmitting_data                        0x20009024   Data           4  rwble.o(.bss)
    min_hdl                                  0x20009028   Data           2  app_streamdatah_task.o(.bss)
    max_hdl                                  0x2000902a   Data           2  app_streamdatah_task.o(.bss)
    fifo_read                                0x2000902c   Data           1  app_stream_queue.o(.bss)
    fifo_write                               0x2000902d   Data           1  app_stream_queue.o(.bss)
    asynch_flag                              0x2000902e   Data           1  app_stream_queue.o(.bss)
    pkt_fifo                                 0x20009030   Data         400  app_stream_queue.o(.bss)
    global_metrics                           0x200091c0   Data          18  app_stream_queue.o(.bss)
    global_metrics_tosend                    0x200091d2   Data          18  app_stream_queue.o(.bss)
    __initial_sp                             0x20009800   Data           0  boot_vectors.o(STACK)



==============================================================================

Memory Map of the image

  Image Entry point : 0x20000441

  Load Region LR_IROM1 (Base: 0x20000000, Size: 0x000000a0, Max: 0x00000160, ABSOLUTE)

    Execution Region ER_IROM1 (Base: 0x20000000, Size: 0x000000a0, Max: 0x00000160, ABSOLUTE)

    Base Addr    Size         Type   Attr      Idx    E Section Name        Object

    0x20000000   0x000000a0   Data   RO           52    RESET               boot_vectors.o



  Load Region LR_IROM2 (Base: 0x20000160, Size: 0x00000160, Max: 0x00000160, ABSOLUTE)

    Execution Region ER_IROM2 (Base: 0x20000160, Size: 0x00000160, Max: 0x00000160, ABSOLUTE)

    Base Addr    Size         Type   Attr      Idx    E Section Name        Object

    0x20000160   0x00000160   Data   RO          437    jump_table_mem_area  jump_table.o



  Load Region LR_IROM3 (Base: 0x200002c0, Size: 0x00000064, Max: 0x00000080, ABSOLUTE)

    Execution Region ER_IROM3 (Base: 0x200002c0, Size: 0x00000064, Max: 0x00000080, ABSOLUTE)

    Base Addr    Size         Type   Attr      Idx    E Section Name        Object

    0x200002c0   0x00000064   Data   RO          795    timeout_table_area  gapm.o



  Load Region LR_IROM4 (Base: 0x20000340, Size: 0x000000a4, Max: 0x00000100, ABSOLUTE)

    Execution Region ER_IROM4 (Base: 0x20000340, Size: 0x000000a4, Max: 0x00000100, ABSOLUTE)

    Base Addr    Size         Type   Attr      Idx    E Section Name        Object

    0x20000340   0x000000a4   Data   RO          859    nvds_data_storage_area  nvds.o



  Load Region LR_IROM5 (Base: 0x20000440, Size: 0x00003ba0, Max: 0x000093c0, ABSOLUTE)

    Execution Region ER_IROM5 (Base: 0x20000440, Size: 0x00003ba0, Max: 0x00007ac0, ABSOLUTE)

    Base Addr    Size         Type   Attr      Idx    E Section Name        Object

    0x20000440   0x00000000   Code   RO         1690  * .ARM.Collect$$$$00000000  mc_p.l(entry.o)
    0x20000440   0x00000004   Code   RO         1705    .ARM.Collect$$$$00000001  mc_p.l(entry2.o)
    0x20000444   0x00000004   Code   RO         1708    .ARM.Collect$$$$00000004  mc_p.l(entry5.o)
    0x20000448   0x00000000   Code   RO         1710    .ARM.Collect$$$$00000008  mc_p.l(entry7b.o)
    0x20000448   0x00000000   Code   RO         1712    .ARM.Collect$$$$0000000A  mc_p.l(entry8b.o)
    0x20000448   0x00000008   Code   RO         1713    .ARM.Collect$$$$0000000B  mc_p.l(entry9a.o)
    0x20000450   0x00000000   Code   RO         1715    .ARM.Collect$$$$0000000D  mc_p.l(entry10a.o)
    0x20000450   0x00000000   Code   RO         1717    .ARM.Collect$$$$0000000F  mc_p.l(entry11a.o)
    0x20000450   0x00000004   Code   RO         1706    .ARM.Collect$$$$00002712  mc_p.l(entry2.o)
    0x20000454   0x00000054   Code   RO            2    .text               system_armcm0.o
    0x200004a8   0x0000006c   Code   RO           53    .text               boot_vectors.o
    0x20000514   0x0000005c   Code   RO           58    .text               hardfault_handler.o
    0x20000570   0x000003f8   Code   RO          114    .text               arch_main.o
    0x20000968   0x00000002   Code   RO          432    .text               jump_table.o
    0x2000096a   0x00000002   PAD
    0x2000096c   0x00000110   Code   RO          559    .text               arch_sleep.o
    0x20000a7c   0x0000008c   Code   RO          578    .text               nmi_handler.o
    0x20000b08   0x00000118   Code   RO          597    .text               periph_setup.o
    0x20000c20   0x000002d4   Code   RO          612    .text               arch_system.o
    0x20000ef4   0x000002e8   Code   RO          664    .text               rf_580.o
    0x200011dc   0x00000044   Code   RO          689    .text               gpio.o
    0x20001220   0x000000b8   Code   RO          791    .text               ke_task.obj
    0x200012d8   0x000000c4   Code   RO          793    .text               ch_map.obj
    0x2000139c   0x000000ec   Code   RO          848    .text               atts_task.obj
    0x20001488   0x000000ec   Code   RO          852    .text               smpc.obj
    0x20001574   0x0000020c   Code   RO          854    .text               smpc_task.obj
    0x20001780   0x00000180   Code   RO          856    .text               gapm_util.obj
    0x20001900   0x00000278   Code   RO          858    .text               nvds.o
    0x20001b78   0x00000174   Code   RO          875    .text               rwip.o
    0x20001cec   0x00000254   Code   RO          894    .text               rwble.o
    0x20001f40   0x000005e8   Code   RO         1216    .text               prf_utils.o
    0x20002528   0x000000a4   Code   RO         1422    .text               streamdatah.o
    0x200025cc   0x000002a4   Code   RO         1445    .text               streamdatah_task.o
    0x20002870   0x00000144   Code   RO         1488    .text               app.o
    0x200029b4   0x000000b0   Code   RO         1535    .text               app_sec.o
    0x20002a64   0x00000124   Code   RO         1556    .text               app_sec_task.o
    0x20002b88   0x0000013c   Code   RO         1568    .text               app_task.o
    0x20002cc4   0x00000456   Code   RO         1591    .text               app_throughput_central_proj.o
    0x2000311a   0x00000002   PAD
    0x2000311c   0x00000024   Code   RO         1611    .text               app_streamdatah.o
    0x20003140   0x00000030   Code   RO         1626    .text               app_streamdatah_task.o
    0x20003170   0x000002b4   Code   RO         1648    .text               app_stream_queue.o
    0x20003424   0x0000007a   Code   RO         1691    .text               mf_p.l(fmul.o)
    0x2000349e   0x0000007c   Code   RO         1693    .text               mf_p.l(fdiv.o)
    0x2000351a   0x00000018   Code   RO         1695    .text               mf_p.l(fscalb.o)
    0x20003532   0x0000000e   Code   RO         1697    .text               mf_p.l(ffltui.o)
    0x20003540   0x00000028   Code   RO         1699    .text               mf_p.l(ffixui.o)
    0x20003568   0x00000028   Code   RO         1701    .text               mf_p.l(f2d.o)
    0x20003590   0x00000038   Code   RO         1703    .text               mf_p.l(d2f.o)
    0x200035c8   0x00000082   Code   RO         1719    .text               mf_p.l(fepilogue.o)
    0x2000364a   0x00000002   PAD
    0x2000364c   0x00000024   Code   RO         1721    .text               mc_p.l(init.o)
    0x20003670   0x0000000c   Ven    RO         1731    Veneer$$Code        anon$$obj.o
    0x2000367c   0x0000000c   Ven    RO         1732    Veneer$$Code        anon$$obj.o
    0x20003688   0x0000000c   Ven    RO         1733    Veneer$$Code        anon$$obj.o
    0x20003694   0x0000000c   Ven    RO         1734    Veneer$$Code        anon$$obj.o
    0x200036a0   0x0000000c   Ven    RO         1735    Veneer$$Code        anon$$obj.o
    0x200036ac   0x0000000c   Ven    RO         1736    Veneer$$Code        anon$$obj.o
    0x200036b8   0x0000000c   Ven    RO         1737    Veneer$$Code        anon$$obj.o
    0x200036c4   0x0000000c   Ven    RO         1738    Veneer$$Code        anon$$obj.o
    0x200036d0   0x0000000c   Ven    RO         1739    Veneer$$Code        anon$$obj.o
    0x200036dc   0x0000000c   Ven    RO         1740    Veneer$$Code        anon$$obj.o
    0x200036e8   0x0000000c   Ven    RO         1741    Veneer$$Code        anon$$obj.o
    0x200036f4   0x0000000c   Ven    RO         1742    Veneer$$Code        anon$$obj.o
    0x20003700   0x0000000c   Ven    RO         1743    Veneer$$Code        anon$$obj.o
    0x2000370c   0x0000000c   Ven    RO         1744    Veneer$$Code        anon$$obj.o
    0x20003718   0x0000000c   Ven    RO         1745    Veneer$$Code        anon$$obj.o
    0x20003724   0x0000000c   Ven    RO         1746    Veneer$$Code        anon$$obj.o
    0x20003730   0x0000000c   Ven    RO         1747    Veneer$$Code        anon$$obj.o
    0x2000373c   0x0000000c   Ven    RO         1748    Veneer$$Code        anon$$obj.o
    0x20003748   0x0000000c   Ven    RO         1749    Veneer$$Code        anon$$obj.o
    0x20003754   0x0000000c   Ven    RO         1750    Veneer$$Code        anon$$obj.o
    0x20003760   0x0000000c   Ven    RO         1751    Veneer$$Code        anon$$obj.o
    0x2000376c   0x0000000c   Ven    RO         1752    Veneer$$Code        anon$$obj.o
    0x20003778   0x0000000c   Ven    RO         1753    Veneer$$Code        anon$$obj.o
    0x20003784   0x0000000c   Ven    RO         1754    Veneer$$Code        anon$$obj.o
    0x20003790   0x0000000c   Ven    RO         1755    Veneer$$Code        anon$$obj.o
    0x2000379c   0x0000000c   Ven    RO         1756    Veneer$$Code        anon$$obj.o
    0x200037a8   0x0000000c   Ven    RO         1757    Veneer$$Code        anon$$obj.o
    0x200037b4   0x0000000c   Ven    RO         1758    Veneer$$Code        anon$$obj.o
    0x200037c0   0x0000000c   Ven    RO         1759    Veneer$$Code        anon$$obj.o
    0x200037cc   0x0000000c   Ven    RO         1760    Veneer$$Code        anon$$obj.o
    0x200037d8   0x0000000c   Ven    RO         1761    Veneer$$Code        anon$$obj.o
    0x200037e4   0x0000000c   Ven    RO         1762    Veneer$$Code        anon$$obj.o
    0x200037f0   0x0000000c   Ven    RO         1763    Veneer$$Code        anon$$obj.o
    0x200037fc   0x0000000c   Ven    RO         1764    Veneer$$Code        anon$$obj.o
    0x20003808   0x0000000c   Ven    RO         1765    Veneer$$Code        anon$$obj.o
    0x20003814   0x0000000c   Ven    RO         1766    Veneer$$Code        anon$$obj.o
    0x20003820   0x0000000c   Ven    RO         1767    Veneer$$Code        anon$$obj.o
    0x2000382c   0x0000000c   Ven    RO         1768    Veneer$$Code        anon$$obj.o
    0x20003838   0x0000000c   Ven    RO         1769    Veneer$$Code        anon$$obj.o
    0x20003844   0x0000000c   Ven    RO         1770    Veneer$$Code        anon$$obj.o
    0x20003850   0x0000000c   Ven    RO         1771    Veneer$$Code        anon$$obj.o
    0x2000385c   0x0000000c   Ven    RO         1772    Veneer$$Code        anon$$obj.o
    0x20003868   0x0000000c   Ven    RO         1773    Veneer$$Code        anon$$obj.o
    0x20003874   0x0000000c   Ven    RO         1774    Veneer$$Code        anon$$obj.o
    0x20003880   0x0000000c   Ven    RO         1775    Veneer$$Code        anon$$obj.o
    0x2000388c   0x0000000c   Ven    RO         1776    Veneer$$Code        anon$$obj.o
    0x20003898   0x0000000c   Ven    RO         1777    Veneer$$Code        anon$$obj.o
    0x200038a4   0x0000000c   Ven    RO         1778    Veneer$$Code        anon$$obj.o
    0x200038b0   0x0000000c   Ven    RO         1779    Veneer$$Code        anon$$obj.o
    0x200038bc   0x0000000c   Ven    RO         1780    Veneer$$Code        anon$$obj.o
    0x200038c8   0x0000000c   Ven    RO         1781    Veneer$$Code        anon$$obj.o
    0x200038d4   0x0000000c   Ven    RO         1782    Veneer$$Code        anon$$obj.o
    0x200038e0   0x0000000c   Ven    RO         1783    Veneer$$Code        anon$$obj.o
    0x200038ec   0x0000000c   Ven    RO         1784    Veneer$$Code        anon$$obj.o
    0x200038f8   0x0000000c   Ven    RO         1785    Veneer$$Code        anon$$obj.o
    0x20003904   0x0000000c   Ven    RO         1786    Veneer$$Code        anon$$obj.o
    0x20003910   0x0000000c   Ven    RO         1787    Veneer$$Code        anon$$obj.o
    0x2000391c   0x0000000c   Ven    RO         1788    Veneer$$Code        anon$$obj.o
    0x20003928   0x0000000c   Ven    RO         1789    Veneer$$Code        anon$$obj.o
    0x20003934   0x0000000c   Ven    RO         1790    Veneer$$Code        anon$$obj.o
    0x20003940   0x0000000c   Ven    RO         1791    Veneer$$Code        anon$$obj.o
    0x2000394c   0x0000000c   Ven    RO         1792    Veneer$$Code        anon$$obj.o
    0x20003958   0x0000000c   Ven    RO         1793    Veneer$$Code        anon$$obj.o
    0x20003964   0x0000000c   Ven    RO         1794    Veneer$$Code        anon$$obj.o
    0x20003970   0x0000000c   Ven    RO         1795    Veneer$$Code        anon$$obj.o
    0x2000397c   0x0000000c   Ven    RO         1796    Veneer$$Code        anon$$obj.o
    0x20003988   0x0000000c   Ven    RO         1797    Veneer$$Code        anon$$obj.o
    0x20003994   0x0000000c   Ven    RO         1798    Veneer$$Code        anon$$obj.o
    0x200039a0   0x0000000c   Ven    RO         1799    Veneer$$Code        anon$$obj.o
    0x200039ac   0x0000000c   Ven    RO         1800    Veneer$$Code        anon$$obj.o
    0x200039b8   0x0000000c   Ven    RO         1801    Veneer$$Code        anon$$obj.o
    0x200039c4   0x0000000c   Ven    RO         1802    Veneer$$Code        anon$$obj.o
    0x200039d0   0x0000000c   Ven    RO         1803    Veneer$$Code        anon$$obj.o
    0x200039dc   0x0000000c   Ven    RO         1804    Veneer$$Code        anon$$obj.o
    0x200039e8   0x0000000c   Ven    RO         1805    Veneer$$Code        anon$$obj.o
    0x200039f4   0x0000000c   Ven    RO         1806    Veneer$$Code        anon$$obj.o
    0x20003a00   0x0000000c   Ven    RO         1807    Veneer$$Code        anon$$obj.o
    0x20003a0c   0x0000000c   Ven    RO         1808    Veneer$$Code        anon$$obj.o
    0x20003a18   0x0000000c   Ven    RO         1809    Veneer$$Code        anon$$obj.o
    0x20003a24   0x0000000c   Ven    RO         1810    Veneer$$Code        anon$$obj.o
    0x20003a30   0x0000000c   Ven    RO         1811    Veneer$$Code        anon$$obj.o
    0x20003a3c   0x0000000c   Ven    RO         1812    Veneer$$Code        anon$$obj.o
    0x20003a48   0x0000000c   Ven    RO         1813    Veneer$$Code        anon$$obj.o
    0x20003a54   0x0000000c   Ven    RO         1814    Veneer$$Code        anon$$obj.o
    0x20003a60   0x0000000c   Ven    RO         1815    Veneer$$Code        anon$$obj.o
    0x20003a6c   0x0000000c   Ven    RO         1816    Veneer$$Code        anon$$obj.o
    0x20003a78   0x0000000c   Ven    RO         1817    Veneer$$Code        anon$$obj.o
    0x20003a84   0x0000000c   Ven    RO         1818    Veneer$$Code        anon$$obj.o
    0x20003a90   0x0000000c   Ven    RO         1819    Veneer$$Code        anon$$obj.o
    0x20003a9c   0x0000000c   Ven    RO         1820    Veneer$$Code        anon$$obj.o
    0x20003aa8   0x0000000c   Ven    RO         1821    Veneer$$Code        anon$$obj.o
    0x20003ab4   0x0000000c   Ven    RO         1822    Veneer$$Code        anon$$obj.o
    0x20003ac0   0x0000000c   Ven    RO         1823    Veneer$$Code        anon$$obj.o
    0x20003acc   0x0000000c   Ven    RO         1824    Veneer$$Code        anon$$obj.o
    0x20003ad8   0x0000000c   Ven    RO         1825    Veneer$$Code        anon$$obj.o
    0x20003ae4   0x0000000c   Ven    RO         1826    Veneer$$Code        anon$$obj.o
    0x20003af0   0x0000000c   Ven    RO         1827    Veneer$$Code        anon$$obj.o
    0x20003afc   0x0000000c   Ven    RO         1828    Veneer$$Code        anon$$obj.o
    0x20003b08   0x0000000c   Ven    RO         1829    Veneer$$Code        anon$$obj.o
    0x20003b14   0x0000000c   Ven    RO         1830    Veneer$$Code        anon$$obj.o
    0x20003b20   0x0000000c   Ven    RO         1831    Veneer$$Code        anon$$obj.o
    0x20003b2c   0x0000000c   Ven    RO         1832    Veneer$$Code        anon$$obj.o
    0x20003b38   0x0000000c   Ven    RO         1833    Veneer$$Code        anon$$obj.o
    0x20003b44   0x00000054   Code   RO          727    i.GPIO_ConfigurePin  gpio.o
    0x20003b98   0x00000098   Code   RO          745    i.GPIO_ResetIRQ     gpio.o
    0x20003c30   0x00000044   Code   RO          721    i.GPIO_SetActive    gpio.o
    0x20003c74   0x00000044   Code   RO          715    i.GPIO_SetInactive  gpio.o
    0x20003cb8   0x00000048   Code   RO          709    i.GPIO_SetPinFunction  gpio.o
    0x20003d00   0x00000094   Code   RO          703    i.GPIO_init         gpio.o
    0x20003d94   0x0000000e   Code   RO         1725    i.__scatterload_copy  mc_p.l(handlers.o)
    0x20003da2   0x00000002   Code   RO         1726    i.__scatterload_null  mc_p.l(handlers.o)
    0x20003da4   0x0000000e   Code   RO         1727    i.__scatterload_zeroinit  mc_p.l(handlers.o)
    0x20003db2   0x00000002   PAD
    0x20003db4   0x00000014   Code   RO         1668    i.add_packets_tx    app_stream_queue.o
    0x20003dc8   0x00000018   Data   RO          115    .constdata          arch_main.o
    0x20003de0   0x00000020   Data   RO          116    .constdata          arch_main.o
    0x20003e00   0x00000016   Data   RO          117    .constdata          arch_main.o
    0x20003e16   0x00000008   Data   RO          691    .constdata          gpio.o
    0x20003e1e   0x00000002   PAD
    0x20003e20   0x00000010   Data   RO         1423    .constdata          streamdatah.o
    0x20003e30   0x0000002c   Data   RO         1446    .constdata          streamdatah_task.o
    0x20003e5c   0x00000020   Data   RO         1447    .constdata          streamdatah_task.o
    0x20003e7c   0x00000018   Data   RO         1448    .constdata          streamdatah_task.o
    0x20003e94   0x00000010   Data   RO         1449    .constdata          streamdatah_task.o
    0x20003ea4   0x00000018   Data   RO         1450    .constdata          streamdatah_task.o
    0x20003ebc   0x00000008   Data   RO         1451    .constdata          streamdatah_task.o
    0x20003ec4   0x00000010   Data   RO         1489    .constdata          app.o
    0x20003ed4   0x00000098   Data   RO         1569    .constdata          app_task.o
    0x20003f6c   0x00000008   Data   RO         1570    .constdata          app_task.o
    0x20003f74   0x00000018   Data   RO         1650    .constdata          app_stream_queue.o
    0x20003f8c   0x00000030   Data   RO         1723    Region$$Table       anon$$obj.o
    0x20003fbc   0x00000008   Data   RW          118    .data               arch_main.o
    0x20003fc4   0x00000010   Data   RW          119    .data               arch_main.o
    0x20003fd4   0x0000000c   Data   RW         1652    .data               app_stream_queue.o


    Execution Region RW_IRAM50 (Base: 0x20008000, Size: 0x000003a8, Max: 0x00000bf4, ABSOLUTE)

    Base Addr    Size         Type   Attr      Idx    E Section Name        Object

    0x20008000   0x000000bc   Zero   RW          690    .bss                gpio.o
    0x200080bc   0x0000028c   Zero   RW         1592    .bss                app_throughput_central_proj.o
    0x20008348   0x00000001   Zero   RW          121    retention_mem_area0  arch_main.o
    0x20008349   0x00000004   Zero   RW          560    retention_mem_area0  arch_sleep.o
    0x2000834d   0x00000003   PAD
    0x20008350   0x00000014   Zero   RW          613    retention_mem_area0  arch_system.o
    0x20008364   0x00000006   Zero   RW          860    retention_mem_area0  nvds.o
    0x2000836a   0x00000001   Zero   RW          896    retention_mem_area0  rwble.o
    0x2000836b   0x00000001   PAD
    0x2000836c   0x00000004   Zero   RW         1424    retention_mem_area0  streamdatah.o
    0x20008370   0x00000006   Zero   RW         1452    retention_mem_area0  streamdatah_task.o
    0x20008376   0x0000000c   Zero   RW         1490    retention_mem_area0  app.o
    0x20008382   0x00000024   Zero   RW         1536    retention_mem_area0  app_sec.o
    0x200083a6   0x00000001   Zero   RW         1571    retention_mem_area0  app_task.o
    0x200083a7   0x00000001   Zero   RW         1593    retention_mem_area0  app_throughput_central_proj.o


    Execution Region RW_IRAM51 (Base: 0x20008bf4, Size: 0x0000040c, Max: 0x0000040c, ABSOLUTE, UNINIT)

    Base Addr    Size         Type   Attr      Idx    E Section Name        Object

    0x20008bf4   0x0000040c   Zero   RW          435    heap_mem_area_not_ret  jump_table.o


    Execution Region RW_IRAM52 (Base: 0x20009000, Size: 0x00000020, Max: 0x00000020, ABSOLUTE)

    Base Addr    Size         Type   Attr      Idx    E Section Name        Object

    0x20009000   0x00000020   Zero   RW            1    RW_IRAM52.bss       anon$$obj.o


    Execution Region RW_IRAM53 (Base: 0x20009020, Size: 0x000001c4, Max: 0x000001e0, ABSOLUTE)

    Base Addr    Size         Type   Attr      Idx    E Section Name        Object

    0x20009020   0x00000008   Zero   RW          895    .bss                rwble.o
    0x20009028   0x00000004   Zero   RW         1627    .bss                app_streamdatah_task.o
    0x2000902c   0x000001b8   Zero   RW         1649    .bss                app_stream_queue.o


    Execution Region RW_IRAM54 (Base: 0x20009200, Size: 0x00000600, Max: 0x00000600, ABSOLUTE, UNINIT)

    Base Addr    Size         Type   Attr      Idx    E Section Name        Object

    0x20009200   0x00000600   Zero   RW           50    STACK               boot_vectors.o



  Load Region LR_RETENTION_RAM2 (Base: 0x00080768, Size: 0x00000000, Max: 0x00002898, ABSOLUTE)

    Execution Region ZI_RET20 (Base: 0x00080768, Size: 0x00000a8c, Max: 0x000022b8, ABSOLUTE, UNINIT)

    Base Addr    Size         Type   Attr      Idx    E Section Name        Object

    0x00080768   0x0000040c   Zero   RW          433    heap_db_area        jump_table.o
    0x00080b74   0x00000154   Zero   RW          434    heap_env_area       jump_table.o
    0x00080cc8   0x0000052c   Zero   RW          436    heap_msg_area       jump_table.o


    Execution Region ZI_RET21 (Base: 0x00082a20, Size: 0x000005e0, Max: 0x000005e0, ABSOLUTE)

    Base Addr    Size         Type   Attr      Idx    E Section Name        Object

    0x00082a20   0x000005de   Zero   RW          120    BLE_exchange_memory  arch_main.o


==============================================================================

Image component sizes


      Code (inc. data)   RO Data    RW Data    ZI Data      Debug   Object Name

       324         22         16          0         12      13745   app.o
       176         22          0          0         36       3023   app_sec.o
       292         28          0          0          0       2108   app_sec_task.o
       712         36         24         12        440       8958   app_stream_queue.o
        36          6          0          0          0       1149   app_streamdatah.o
        48          6          0          0          4       4041   app_streamdatah_task.o
       316          8        160          0          1       4460   app_task.o
      1110         76          0          0        653      11005   app_throughput_central_proj.o
      1016        154         78         24       1503     140056   arch_main.o
       272         20          0          0          4       4376   arch_sleep.o
       724         64          0          0         20      82310   arch_system.o
       236         18          0          0          0         72   atts_task.obj
       108         22        160          0       1536        756   boot_vectors.o
       196         12          0          0          0        108   ch_map.obj
         0          0        100          0          0       8021   gapm.o
       384         38          0          0          0        112   gapm_util.obj
       660         56          8          0        188      13355   gpio.o
        92          8          0          0          0       3107   hardfault_handler.o
         2          0        352          0       3736      10689   jump_table.o
       184         18          0          0          0         96   ke_task.obj
       140         16          0          0          0       9029   nmi_handler.o
       632         30        164          0          6       2431   nvds.o
       280          8          0          0          0       1006   periph_setup.o
      1512         14          0          0          0      12786   prf_utils.o
       744        176          0          0          0      64740   rf_580.o
       596         60          0          0          9      94520   rwble.o
       372         42          0          0          0      63074   rwip.o
       236          8          0          0          0        136   smpc.obj
       524          6          0          0          0         84   smpc_task.obj
       164         12         16          0          4       5208   streamdatah.o
       676         20        148          0          6       7777   streamdatah_task.o
        84         14          0          0          0     100437   system_armcm0.o

    ----------------------------------------------------------------------
     14088       1432       1276         36       8196     672775   Object Totals
      1236        412         48          0         32          0   (incl. Generated)
         4          0          2          0          6          0   (incl. Padding)

    ----------------------------------------------------------------------

      Code (inc. data)   RO Data    RW Data    ZI Data      Debug   Library Member Name

         0          0          0          0          0          0   entry.o
         0          0          0          0          0          0   entry10a.o
         0          0          0          0          0          0   entry11a.o
         8          4          0          0          0          0   entry2.o
         4          0          0          0          0          0   entry5.o
         0          0          0          0          0          0   entry7b.o
         0          0          0          0          0          0   entry8b.o
         8          4          0          0          0          0   entry9a.o
        30          0          0          0          0          0   handlers.o
        36          8          0          0          0         68   init.o
        56          0          0          0          0         68   d2f.o
        40          0          0          0          0         60   f2d.o
       124          0          0          0          0         72   fdiv.o
       130          0          0          0          0        144   fepilogue.o
        40          0          0          0          0         60   ffixui.o
        14          0          0          0          0         68   ffltui.o
       122          0          0          0          0         72   fmul.o
        24          0          0          0          0         60   fscalb.o

    ----------------------------------------------------------------------
       640         16          0          0          0        672   Library Totals
         4          0          0          0          0          0   (incl. Padding)

    ----------------------------------------------------------------------

      Code (inc. data)   RO Data    RW Data    ZI Data      Debug   Library Name

        86         16          0          0          0         68   mc_p.l
       550          0          0          0          0        604   mf_p.l

    ----------------------------------------------------------------------
       640         16          0          0          0        672   Library Totals

    ----------------------------------------------------------------------

==============================================================================


      Code (inc. data)   RO Data    RW Data    ZI Data      Debug   

     14728       1448       1276         36       8196     670827   Grand Totals
     14728       1448       1276         36       8196     670827   ELF Image Totals
     14728       1448       1276         36          0          0   ROM Totals

==============================================================================

    Total RO  Size (Code + RO Data)                16004 (  15.63kB)
    Total RW  Size (RW Data + ZI Data)              8232 (   8.04kB)
    Total ROM Size (Code + RO Data + RW Data)      16040 (  15.66kB)

==============================================================================

