Component: ARM Compiler 5.05 (build 41) Tool: armlink [4d0eb9]

==============================================================================

Section Cross References

    boot_vectors.o(RESET) refers to boot_vectors.o(STACK) for __initial_sp
    boot_vectors.o(RESET) refers to boot_vectors.o(.text) for Reset_Handler
    boot_vectors.o(RESET) refers to rwble.o(.text) for BLE_WAKEUP_LP_Handler
    boot_vectors.o(RESET) refers to wkupct_quadec.o(.text) for WKUP_QUADEC_Handler
    boot_vectors.o(RESET) refers to uart2.o(.text) for UART2_Handler
    boot_vectors.o(RESET) refers to gpio.o(.text) for GPIO0_Handler
    boot_vectors.o(.text) refers to system_armcm0.o(.text) for SystemInit
    boot_vectors.o(.text) refers to entry.o(.ARM.Collect$$$$00000000) for __main
    boot_vectors.o(.text) refers to nmi_handler.o(.text) for NMI_HandlerC
    boot_vectors.o(.text) refers to hardfault_handler.o(.text) for HardFault_HandlerC
    boot_vectors.o(.text) refers to arch_main.o(.text) for SVC_Handler_c
    arch_main.o(.text) refers to arch_system.o(.text) for set_sleep_delay
    arch_main.o(.text) refers to gpio.o(i.GPIO_init) for GPIO_init
    arch_main.o(.text) refers to periph_setup.o(.text) for periph_init
    arch_main.o(.text) refers to nvds.o(.text) for nvds_read_bdaddr_from_otp
    arch_main.o(.text) refers to rf_580.o(.text) for iq_trim_from_otp
    arch_main.o(.text) refers to arch_sleep.o(.text) for app_set_extended_sleep
    arch_main.o(.text) refers to app.o(.text) for app_init
    arch_main.o(.text) refers to rwip.o(.text) for rwip_sleep
    arch_main.o(.text) refers to arch_main.o(.constdata) for .constdata
    arch_main.o(.text) refers to arch_main.o(retention_mem_area0) for retention_mem_area0
    arch_main.o(.text) refers to arch_main.o(BLE_exchange_memory) for BLE_exchange_memory
    arch_main.o(.text) refers to arch_system.o(retention_mem_area0) for lp_clk_sel
    arch_main.o(.text) refers to jump_table.o(jump_table_mem_area) for jump_table_base
    arch_main.o(.constdata) refers to arch_main.o(.text) for cmp_abs_time
    arch_main.o(.constdata) refers to atts_task.obj(.text) for l2cc_pdu_recv_ind_handler
    arch_main.o(.constdata) refers to smpc.obj(.text) for smpc_send_pairing_req_ind
    arch_main.o(.constdata) refers to smpc_task.obj(.text) for smpc_pairing_cfm_handler
    arch_main.o(.constdata) refers to ch_map.obj(.text) for my_llc_con_update_req_ind
    arch_main.o(.constdata) refers to gapm_util.obj(.text) for patched_gapm_adv_op_sanity
    jump_table.o(jump_table_mem_area) refers to arch_main.o(.text) for main_func
    jump_table.o(jump_table_mem_area) refers to rf_580.o(.text) for rf_init_func
    jump_table.o(jump_table_mem_area) refers to prf_utils.o(.text) for prf_init_func
    jump_table.o(jump_table_mem_area) refers to arch_system.o(.text) for uart_flow_off_func
    jump_table.o(jump_table_mem_area) refers to rwble.o(.text) for lld_sleep_compensate_func_patched
    jump_table.o(jump_table_mem_area) refers to jump_table.o(heap_mem_area_not_ret) for rwip_heap_non_ret
    jump_table.o(jump_table_mem_area) refers to jump_table.o(heap_env_area) for rwip_heap_env_ret
    jump_table.o(jump_table_mem_area) refers to jump_table.o(heap_db_area) for rwip_heap_db_ret
    jump_table.o(jump_table_mem_area) refers to jump_table.o(heap_msg_area) for rwip_heap_msg_ret
    jump_table.o(jump_table_mem_area) refers to ke_task.obj(.text) for ke_task_init_func
    jump_table.o(jump_table_mem_area) refers to nvds.o(.text) for custom_nvds_get_func
    jump_table.o(jump_table_mem_area) refers to arch_main.o(.constdata) for LUT_CFG
    arch_sleep.o(.text) refers to arch_sleep.o(retention_mem_area0) for retention_mem_area0
    arch_sleep.o(.text) refers to rwble.o(retention_mem_area0) for rwble_last_event
    periph_setup.o(.text) refers to gpio.o(i.GPIO_ConfigurePin) for GPIO_ConfigurePin
    periph_setup.o(.text) refers to arch_main.o(.text) for patch_func
    periph_setup.o(.text) refers to app_proxr_proj.o(.text) for app_button_enable
    periph_setup.o(.text) refers to gpio.o(i.GPIO_SetActive) for GPIO_SetActive
    periph_setup.o(.text) refers to gpio.o(i.GPIO_SetInactive) for GPIO_SetInactive
    periph_setup.o(.text) refers to uart2.o(.text) for uart2_init
    periph_setup.o(.text) refers to gpio.o(i.GPIO_GetPinStatus) for GPIO_GetPinStatus
    periph_setup.o(.text) refers to gpio.o(.bss) for GPIO
    periph_setup.o(.text) refers to app_proxr_proj.o(.data) for PM2_5
    periph_setup.o(.text) refers to app_proxr_proj.o(.bss) for Prameter
    periph_setup.o(.text) refers to app_proxr_proj.o(.bss) for flag_Uart2_Init
    arch_system.o(.text) refers to ffltui.o(.text) for __aeabi_ui2f
    arch_system.o(.text) refers to fdiv.o(.text) for __aeabi_fdiv
    arch_system.o(.text) refers to fscalb.o(.text) for __ARM_scalbnf
    arch_system.o(.text) refers to ffixui.o(.text) for __aeabi_f2uiz
    arch_system.o(.text) refers to f2d.o(.text) for __aeabi_f2d
[...]
    _double_epilogue                         0x00033ce7   Thumb Code     0  rom_symdef.txt ABSOLUTE
    __aeabi_llsl                             0x00033d8d   Thumb Code     0  rom_symdef.txt ABSOLUTE
    _ll_shift_l                              0x00033d8d   Thumb Code     0  rom_symdef.txt ABSOLUTE
    __aeabi_llsr                             0x00033dad   Thumb Code     0  rom_symdef.txt ABSOLUTE
    _ll_ushift_r                             0x00033dad   Thumb Code     0  rom_symdef.txt ABSOLUTE
    __ARM_clz                                0x00033dcf   Thumb Code     0  rom_symdef.txt ABSOLUTE
    __ARM_common_switch8                     0x00033dfd   Thumb Code     0  rom_symdef.txt ABSOLUTE
    uart_api                                 0x00033e18   Data           0  rom_symdef.txt ABSOLUTE
    co_sca2ppm                               0x00033e28   Data           0  rom_symdef.txt ABSOLUTE
    co_null_bdaddr                           0x00033e38   Data           0  rom_symdef.txt ABSOLUTE
    co_default_bdaddr                        0x00033e3e   Data           0  rom_symdef.txt ABSOLUTE
    dbg_default_handler                      0x00033f14   Data           0  rom_symdef.txt ABSOLUTE
    llc_state_handler                        0x000340dc   Data           0  rom_symdef.txt ABSOLUTE
    llc_default_handler                      0x0003418c   Data           0  rom_symdef.txt ABSOLUTE
    llm_local_cmds                           0x000341bc   Data           0  rom_symdef.txt ABSOLUTE
    llm_local_le_feats                       0x000341fc   Data           0  rom_symdef.txt ABSOLUTE
    llm_local_le_states                      0x00034204   Data           0  rom_symdef.txt ABSOLUTE
    llm_state_handler                        0x00034354   Data           0  rom_symdef.txt ABSOLUTE
    llm_default_handler                      0x00034384   Data           0  rom_symdef.txt ABSOLUTE
    LLM_AA_CT1                               0x0003438c   Data           0  rom_symdef.txt ABSOLUTE
    LLM_AA_CT2                               0x0003438f   Data           0  rom_symdef.txt ABSOLUTE
    gtl_default_state                        0x000343a4   Data           0  rom_symdef.txt ABSOLUTE
    gtl_default_handler                      0x000343bc   Data           0  rom_symdef.txt ABSOLUTE
    attc_default_state                       0x000343d8   Data           0  rom_symdef.txt ABSOLUTE
    attc_state_handler                       0x000343f8   Data           0  rom_symdef.txt ABSOLUTE
    attc_default_handler                     0x00034410   Data           0  rom_symdef.txt ABSOLUTE
    attm_default_state                       0x00034428   Data           0  rom_symdef.txt ABSOLUTE
    attm_state_handler                       0x00034480   Data           0  rom_symdef.txt ABSOLUTE
    attm_default_handler                     0x00034488   Data           0  rom_symdef.txt ABSOLUTE
    atts_default_state                       0x000344a0   Data           0  rom_symdef.txt ABSOLUTE
    atts_state_handler                       0x000344d0   Data           0  rom_symdef.txt ABSOLUTE
    atts_default_handler                     0x000344f8   Data           0  rom_symdef.txt ABSOLUTE
    gattc_default_state                      0x00034510   Data           0  rom_symdef.txt ABSOLUTE
    gattc_state_handler                      0x00034598   Data           0  rom_symdef.txt ABSOLUTE
    gattc_default_handler                    0x000345b0   Data           0  rom_symdef.txt ABSOLUTE
    gattm_default_state                      0x00034604   Data           0  rom_symdef.txt ABSOLUTE
    gattm_state_handler                      0x00034614   Data           0  rom_symdef.txt ABSOLUTE
    gattm_default_handler                    0x00034624   Data           0  rom_symdef.txt ABSOLUTE
    l2cc_default_state                       0x0003463c   Data           0  rom_symdef.txt ABSOLUTE
    l2cc_state_handler                       0x00034654   Data           0  rom_symdef.txt ABSOLUTE
    l2cc_default_handler                     0x0003466c   Data           0  rom_symdef.txt ABSOLUTE
    l2cm_default_state                       0x00034684   Data           0  rom_symdef.txt ABSOLUTE
    l2cm_state_handler                       0x0003468c   Data           0  rom_symdef.txt ABSOLUTE
    l2cm_default_handler                     0x00034694   Data           0  rom_symdef.txt ABSOLUTE
    smpc_default_state                       0x000346c8   Data           0  rom_symdef.txt ABSOLUTE
    smpc_state_handler                       0x00034760   Data           0  rom_symdef.txt ABSOLUTE
    smpc_default_handler                     0x00034780   Data           0  rom_symdef.txt ABSOLUTE
    smpm_default_state                       0x00034798   Data           0  rom_symdef.txt ABSOLUTE
    smpm_state_handler                       0x000347d0   Data           0  rom_symdef.txt ABSOLUTE
    smpm_default_handler                     0x000347e0   Data           0  rom_symdef.txt ABSOLUTE
    gapc_default_state                       0x000347f8   Data           0  rom_symdef.txt ABSOLUTE
    gapc_state_handler                       0x00034910   Data           0  rom_symdef.txt ABSOLUTE
    gapc_default_handler                     0x00034928   Data           0  rom_symdef.txt ABSOLUTE
    gapm_default_state                       0x000349ec   Data           0  rom_symdef.txt ABSOLUTE
    gapm_state_handler                       0x00034b94   Data           0  rom_symdef.txt ABSOLUTE
    gapm_default_handler                     0x00034bbc   Data           0  rom_symdef.txt ABSOLUTE
    smpc_construct_pdu                       0x00034ce8   Data           0  rom_symdef.txt ABSOLUTE
    smpc_recv_pdu                            0x00034d18   Data           0  rom_symdef.txt ABSOLUTE
    dummy                                    0x00080000   Data           0  rom_symdef.txt ABSOLUTE
    sleep_env                                0x00080254   Data           0  rom_symdef.txt ABSOLUTE
    iq_trim_bias_ctrl1_reg                   0x00080256   Data           0  rom_symdef.txt ABSOLUTE
    co_buf_env                               0x00080258   Data           0  rom_symdef.txt ABSOLUTE
    dbg_state                                0x00080348   Data           0  rom_symdef.txt ABSOLUTE
    iq_trim_rf_mixer_ctrl1_reg               0x0008034a   Data           0  rom_symdef.txt ABSOLUTE
    llc_env                                  0x0008034c   Data           0  rom_symdef.txt ABSOLUTE
    llc_state                                0x00080364   Data           0  rom_symdef.txt ABSOLUTE
    ret_winsize_var                          0x0008036a   Data           0  rom_symdef.txt ABSOLUTE
    lld_evt_env                              0x0008036c   Data           0  rom_symdef.txt ABSOLUTE
    lld_sleep_env                            0x0008038c   Data           0  rom_symdef.txt ABSOLUTE
    llm_le_env                               0x00080390   Data           0  rom_symdef.txt ABSOLUTE
    llm_le_env_lpus                          0x000803e4   Data           0  rom_symdef.txt ABSOLUTE
    llm_bt_env                               0x0008042a   Data           0  rom_symdef.txt ABSOLUTE
    llm_state                                0x00080432   Data           0  rom_symdef.txt ABSOLUTE
    uart_env                                 0x00080434   Data           0  rom_symdef.txt ABSOLUTE
    vcocal_ctrl_reg_val                      0x00080452   Data           0  rom_symdef.txt ABSOLUTE
    last_temp_count                          0x00080478   Data           0  rom_symdef.txt ABSOLUTE
    last_temp_time                           0x0008047c   Data           0  rom_symdef.txt ABSOLUTE
    gtl_env                                  0x00080480   Data           0  rom_symdef.txt ABSOLUTE
    gtl_state                                0x000804a4   Data           0  rom_symdef.txt ABSOLUTE
    attc_state                               0x000804a5   Data           0  rom_symdef.txt ABSOLUTE
    attm_env                                 0x000804ac   Data           0  rom_symdef.txt ABSOLUTE
    attm_state                               0x000804b4   Data           0  rom_symdef.txt ABSOLUTE
    atts_env                                 0x000804b8   Data           0  rom_symdef.txt ABSOLUTE
    atts_state                               0x000804d0   Data           0  rom_symdef.txt ABSOLUTE
    gattc_env                                0x000804d8   Data           0  rom_symdef.txt ABSOLUTE
    gattc_state                              0x000804f0   Data           0  rom_symdef.txt ABSOLUTE
    gattm_env                                0x000804f6   Data           0  rom_symdef.txt ABSOLUTE
    gattm_state                              0x000804fc   Data           0  rom_symdef.txt ABSOLUTE
    l2cc_env                                 0x00080500   Data           0  rom_symdef.txt ABSOLUTE
    l2cc_state                               0x00080518   Data           0  rom_symdef.txt ABSOLUTE
    l2cm_env                                 0x0008051e   Data           0  rom_symdef.txt ABSOLUTE
    l2cm_state                               0x00080524   Data           0  rom_symdef.txt ABSOLUTE
    smpc_env                                 0x00080528   Data           0  rom_symdef.txt ABSOLUTE
    smpc_state                               0x00080540   Data           0  rom_symdef.txt ABSOLUTE
    smpm_env                                 0x00080548   Data           0  rom_symdef.txt ABSOLUTE
    smpm_state                               0x00080550   Data           0  rom_symdef.txt ABSOLUTE
    gapc_env                                 0x00080554   Data           0  rom_symdef.txt ABSOLUTE
    gapc_state                               0x0008056c   Data           0  rom_symdef.txt ABSOLUTE
    gap_cfg_table                            0x00080574   Data           0  rom_symdef.txt ABSOLUTE
    gapm_env                                 0x00080578   Data           0  rom_symdef.txt ABSOLUTE
    gapm_state                               0x000805a4   Data           0  rom_symdef.txt ABSOLUTE
    ke_env                                   0x000805a8   Data           0  rom_symdef.txt ABSOLUTE
    ke_task_env                              0x00080604   Data           0  rom_symdef.txt ABSOLUTE
    nvds_data_ptr                            0x000806c0   Data           0  rom_symdef.txt ABSOLUTE
    func_check_mem_flag                      0x000806c4   Data           0  rom_symdef.txt ABSOLUTE
    ke_mem_heaps_used                        0x000806c5   Data           0  rom_symdef.txt ABSOLUTE
    rwip_env                                 0x000806c6   Data           0  rom_symdef.txt ABSOLUTE
    ble_reg_save                             0x000806cc   Data           0  rom_symdef.txt ABSOLUTE
    rwip_rf                                  0x0008071c   Data           0  rom_symdef.txt ABSOLUTE
    rwip_heap_db_ret                         0x00080768   Data        1036  jump_table.o(heap_db_area)
    rwip_heap_env_ret                        0x00080b74   Data         340  jump_table.o(heap_env_area)
    rwip_heap_msg_ret                        0x00080cc8   Data        1324  jump_table.o(heap_msg_area)
    descript                                 0x00082a20   Data        1502  arch_main.o(BLE_exchange_memory)
    __Vectors                                0x20000000   Data           4  boot_vectors.o(RESET)
    __Vectors_End                            0x200000a0   Data           0  boot_vectors.o(RESET)
    jump_table_base                          0x20000160   Data         352  jump_table.o(jump_table_mem_area)
    gap_timeout_table                        0x200002c0   Data         100  gapm.o(timeout_table_area)
    nvds_data_storage                        0x20000340   Data         164  nvds.o(nvds_data_storage_area)
    __main                                   0x20000441   Thumb Code     0  entry.o(.ARM.Collect$$$$00000000)
    _main_stk                                0x20000441   Thumb Code     0  entry2.o(.ARM.Collect$$$$00000001)
    _main_scatterload                        0x20000445   Thumb Code     0  entry5.o(.ARM.Collect$$$$00000004)
    __main_after_scatterload                 0x20000449   Thumb Code     0  entry5.o(.ARM.Collect$$$$00000004)
    _main_clock                              0x20000449   Thumb Code     0  entry7b.o(.ARM.Collect$$$$00000008)
    _main_cpp_init                           0x20000449   Thumb Code     0  entry8b.o(.ARM.Collect$$$$0000000A)
    _main_init                               0x20000449   Thumb Code     0  entry9a.o(.ARM.Collect$$$$0000000B)
    __rt_final_cpp                           0x20000451   Thumb Code     0  entry10a.o(.ARM.Collect$$$$0000000D)
    __rt_final_exit                          0x20000451   Thumb Code     0  entry11a.o(.ARM.Collect$$$$0000000F)
    SystemInit                               0x20000455   Thumb Code    70  system_armcm0.o(.text)
    Reset_Handler                            0x200004a9   Thumb Code     8  boot_vectors.o(.text)
    PendSV_Handler                           0x200004f9   Thumb Code     2  boot_vectors.o(.text)
    SysTick_Handler                          0x200004fb   Thumb Code     2  boot_vectors.o(.text)
    KEYBRD_Handler                           0x200004fd   Thumb Code     0  boot_vectors.o(.text)
    SWTIM_Handler                            0x200004fd   Thumb Code     0  boot_vectors.o(.text)
    HardFault_HandlerC                       0x20000515   Thumb Code    84  hardfault_handler.o(.text)
    SVC_Handler_c                            0x20000587   Thumb Code    22  arch_main.o(.text)
    patch_func                               0x2000059d   Thumb Code    98  arch_main.o(.text)
    lld_sleep_init_func                      0x200005ff   Thumb Code    26  arch_main.o(.text)
    main_func                                0x20000619   Thumb Code   562  arch_main.o(.text)
    dummyf                                   0x200008e1   Thumb Code     2  jump_table.o(.text)
    app_disable_sleep                        0x200008e5   Thumb Code    26  arch_sleep.o(.text)
    app_set_extended_sleep                   0x200008ff   Thumb Code    26  arch_sleep.o(.text)
    app_set_deep_sleep                       0x20000919   Thumb Code    28  arch_sleep.o(.text)
    app_restore_sleep_mode                   0x20000935   Thumb Code    68  arch_sleep.o(.text)
    app_force_active_mode                    0x20000979   Thumb Code    30  arch_sleep.o(.text)
    app_ble_ext_wakeup_on                    0x20000997   Thumb Code     8  arch_sleep.o(.text)
    app_ble_ext_wakeup_off                   0x2000099f   Thumb Code     8  arch_sleep.o(.text)
    app_ble_ext_wakeup_get                   0x200009a7   Thumb Code     6  arch_sleep.o(.text)
    app_ble_force_wakeup                     0x200009ad   Thumb Code    46  arch_sleep.o(.text)
    app_last_rwble_evt_get                   0x200009db   Thumb Code     6  arch_sleep.o(.text)
    NMI_HandlerC                             0x200009f5   Thumb Code   124  nmi_handler.o(.text)
    GPIO_reservations                        0x20000a81   Thumb Code   284  periph_setup.o(.text)
    set_pad_functions                        0x20000b9d   Thumb Code   124  periph_setup.o(.text)
    periph_init                              0x20000c19   Thumb Code   190  periph_setup.o(.text)
    select_lp_clk                            0x20000cf9   Thumb Code     8  arch_system.o(.text)
    init_pwr_and_clk_ble                     0x20000d01   Thumb Code   196  arch_system.o(.text)
    set_pxact_gpio                           0x20000dc5   Thumb Code    24  arch_system.o(.text)
    calibrate_rcx20                          0x20000ddd   Thumb Code    28  arch_system.o(.text)
    read_rcx_freq                            0x20000df9   Thumb Code   104  arch_system.o(.text)
    set_sleep_delay                          0x20000e61   Thumb Code    40  arch_system.o(.text)
    get_rc16m_count_func                     0x20000e89   Thumb Code    28  arch_system.o(.text)
    conditionally_run_radio_cals             0x20000ea5   Thumb Code    82  arch_system.o(.text)
    lld_sleep_us_2_lpcycles_rcx_func         0x20000ef7   Thumb Code    18  arch_system.o(.text)
    lld_sleep_lpcycles_2_us_rcx_func         0x20000f09   Thumb Code    14  arch_system.o(.text)
    lld_sleep_us_2_lpcycles_sel_func         0x20000f17   Thumb Code    24  arch_system.o(.text)
    lld_sleep_lpcycles_2_us_sel_func         0x20000f2f   Thumb Code    24  arch_system.o(.text)
    uart_flow_off_func                       0x20000f47   Thumb Code    58  arch_system.o(.text)
    calculate_arch_adv_time                  0x20000f81   Thumb Code    12  arch_system.o(.text)
    iq_trim_from_otp                         0x20000fcd   Thumb Code    54  rf_580.o(.text)
    rf_reg_rd                                0x20001003   Thumb Code     4  rf_580.o(.text)
    rf_reg_wr                                0x20001007   Thumb Code     2  rf_580.o(.text)
    rf_reset                                 0x20001009   Thumb Code     2  rf_580.o(.text)
    rf_force_agc_enable                      0x2000100b   Thumb Code     2  rf_580.o(.text)
    rf_txpwr_dbm_get                         0x2000100d   Thumb Code     4  rf_580.o(.text)
    rf_regs                                  0x20001021   Thumb Code   214  rf_580.o(.text)
    rf_init_func                             0x200010fb   Thumb Code   138  rf_580.o(.text)
    rf_reinit_func                           0x20001185   Thumb Code   128  rf_580.o(.text)
    GPIOn_Handler                            0x200012b5   Thumb Code    40  gpio.o(.text)
    GPIO0_Handler                            0x200012dd   Thumb Code     4  gpio.o(.text)
    GPIO1_Handler                            0x200012e1   Thumb Code     4  gpio.o(.text)
    GPIO2_Handler                            0x200012e5   Thumb Code     4  gpio.o(.text)
    GPIO3_Handler                            0x200012e9   Thumb Code     4  gpio.o(.text)
    GPIO4_Handler                            0x200012ed   Thumb Code     4  gpio.o(.text)
    wkupct_quad_disable_IRQ                  0x200012f9   Thumb Code    26  wkupct_quadec.o(.text)
    WKUP_QUADEC_Handler                      0x20001313   Thumb Code    52  wkupct_quadec.o(.text)
    wkupct_enable_irq                        0x20001347   Thumb Code   136  wkupct_quadec.o(.text)
    wkupct_disable_irq                       0x200013cf   Thumb Code    26  wkupct_quadec.o(.text)
    spi_flash_init                           0x200013fd   Thumb Code     8  spi_flash.o(.text)
    spi_flash_read_status_reg                0x20001405   Thumb Code    20  spi_flash.o(.text)
    spi_flash_wait_till_ready                0x20001419   Thumb Code    26  spi_flash.o(.text)
    spi_read_flash_jedec_id                  0x20001433   Thumb Code    60  spi_flash.o(.text)
    spi_flash_auto_detect                    0x2000146f   Thumb Code    76  spi_flash.o(.text)
    spi_flash_set_write_enable               0x200014bb   Thumb Code    60  spi_flash.o(.text)
    spi_flash_write_enable_volatile          0x200014f7   Thumb Code    60  spi_flash.o(.text)
    spi_flash_set_write_disable              0x20001533   Thumb Code    52  spi_flash.o(.text)
    spi_flash_write_status_reg               0x20001567   Thumb Code    32  spi_flash.o(.text)
    spi_flash_read_data                      0x20001587   Thumb Code    86  spi_flash.o(.text)
    spi_flash_page_program                   0x200015dd   Thumb Code    90  spi_flash.o(.text)
    spi_flash_block_erase                    0x20001637   Thumb Code    40  spi_flash.o(.text)
    spi_flash_chip_erase                     0x2000165f   Thumb Code    36  spi_flash.o(.text)
    TO_BE_IMPLEMENTED_spi_flash_check_erase  0x20001683   Thumb Code     6  spi_flash.o(.text)
    spi_read_flash_memory_man_and_dev_id     0x20001689   Thumb Code    50  spi_flash.o(.text)
    spi_read_flash_unique_id                 0x200016bb   Thumb Code    72  spi_flash.o(.text)
    spi_flash_write_data                     0x20001703   Thumb Code   110  spi_flash.o(.text)
    spi_flash_power_down                     0x20001771   Thumb Code    24  spi_flash.o(.text)
    spi_flash_release_from_power_down        0x20001789   Thumb Code    18  spi_flash.o(.text)
    spi_flash_configure_memory_protection    0x2000179b   Thumb Code    52  spi_flash.o(.text)
    spi_flash_chip_erase_forced              0x200017cf   Thumb Code    40  spi_flash.o(.text)
    spi_flash_page_fill                      0x200017f7   Thumb Code    88  spi_flash.o(.text)
    spi_flash_fill                           0x2000184f   Thumb Code   106  spi_flash.o(.text)
    spi_cs_low                               0x200018bd   Thumb Code    14  spi.o(.text)
    spi_cs_high                              0x200018cb   Thumb Code    14  spi.o(.text)
    spi_init                                 0x200018d9   Thumb Code   138  spi.o(.text)
    spi_set_bitmode                          0x20001963   Thumb Code    34  spi.o(.text)
    spi_release                              0x20001985   Thumb Code    38  spi.o(.text)
    spi_disable                              0x200019ab   Thumb Code    12  spi.o(.text)
    spi_access                               0x200019b7   Thumb Code    46  spi.o(.text)
    spi_transaction                          0x200019e5   Thumb Code    24  spi.o(.text)
    i2c_eeprom_init                          0x20001a05   Thumb Code    76  i2c_eeprom.o(.text)
    i2c_eeprom_release                       0x20001a51   Thumb Code    20  i2c_eeprom.o(.text)
    i2c_wait_until_eeprom_ready              0x20001a65   Thumb Code    42  i2c_eeprom.o(.text)
    i2c_send_address                         0x20001a8f   Thumb Code    66  i2c_eeprom.o(.text)
    i2c_eeprom_read_byte                     0x20001ad1   Thumb Code    50  i2c_eeprom.o(.text)
    i2c_eeprom_read_data                     0x20001b61   Thumb Code    68  i2c_eeprom.o(.text)
    i2c_eeprom_write_byte                    0x20001ba5   Thumb Code    44  i2c_eeprom.o(.text)
    i2c_eeprom_write_page                    0x20001bd1   Thumb Code   110  i2c_eeprom.o(.text)
    i2c_eeprom_write_data                    0x20001c3f   Thumb Code    54  i2c_eeprom.o(.text)
    uart2_write_func                         0x20001cc3   Thumb Code    34  uart2.o(.text)
    uart2_write                              0x20001ce5   Thumb Code     2  uart2.o(.text)
    uart2_read_func                          0x20001dd5   Thumb Code    22  uart2.o(.text)
    uart2_read                               0x20001deb   Thumb Code     2  uart2.o(.text)
    uart2_init_func                          0x20001ded   Thumb Code    94  uart2.o(.text)
    uart2_init                               0x20001e4b   Thumb Code     2  uart2.o(.text)
    uart2_flow_on_func                       0x20001e4d   Thumb Code     8  uart2.o(.text)
    uart2_flow_on                            0x20001e55   Thumb Code     8  uart2.o(.text)
    uart2_flow_off_func                      0x20001e5d   Thumb Code    58  uart2.o(.text)
    uart2_flow_off                           0x20001e97   Thumb Code     2  uart2.o(.text)
    uart2_finish_transfers_func              0x20001e99   Thumb Code    24  uart2.o(.text)
    uart2_finish_transfers                   0x20001eb1   Thumb Code     2  uart2.o(.text)
    UART2_Handler_func                       0x20001eb3   Thumb Code    72  uart2.o(.text)
    UART2_Handler                            0x20001efb   Thumb Code     2  uart2.o(.text)
    ke_task_init_func                        0x20001fdb   Thumb Code    20  ke_task.obj(.text)
    my_llc_con_update_req_ind                0x20002001   Thumb Code   100  ch_map.obj(.text)
    my_llc_ch_map_req_ind                    0x20002065   Thumb Code    84  ch_map.obj(.text)
    l2cc_pdu_recv_ind_handler                0x200020c5   Thumb Code   232  atts_task.obj(.text)
    smpc_send_pairing_req_ind                0x200021b1   Thumb Code   190  smpc.obj(.text)
    smpc_check_pairing_feat                  0x2000226f   Thumb Code    38  smpc.obj(.text)
    smpc_pairing_cfm_handler                 0x2000229d   Thumb Code   518  smpc_task.obj(.text)
    patched_gapm_adv_op_sanity               0x200024a9   Thumb Code   208  gapm_util.obj(.text)
    custom_nvds_get_func                     0x20002629   Thumb Code   552  nvds.o(.text)
    nvds_read_bdaddr_from_otp                0x20002851   Thumb Code    50  nvds.o(.text)
    rwip_sleep                               0x200028a1   Thumb Code   346  rwip.o(.text)
    lld_sleep_compensate_func_patched        0x20002a29   Thumb Code    46  rwble.o(.text)
    BLE_WAKEUP_LP_Handler                    0x20002a57   Thumb Code   128  rwble.o(.text)
    BLE_CSCNT_Handler                        0x20002ad7   Thumb Code    12  rwble.o(.text)
    BLE_SLP_Handler                          0x20002ae3   Thumb Code    86  rwble.o(.text)
    BLE_RX_Handler                           0x20002b39   Thumb Code     8  rwble.o(.text)
    BLE_EVENT_Handler                        0x20002b41   Thumb Code    24  rwble.o(.text)
    BLE_RF_DIAG_Handler                      0x20002b59   Thumb Code    84  rwble.o(.text)
    diss_init                                0x20002bd5   Thumb Code    28  diss.o(.text)
    diss_compute_cfg_flag                    0x20002bf1   Thumb Code    38  diss.o(.text)
    diss_check_val_len                       0x20002c17   Thumb Code    42  diss.o(.text)
    diss_disable                             0x20002c41   Thumb Code    42  diss.o(.text)
    prf_server_error_ind_send                0x20002d75   Thumb Code    44  prf_utils.o(.text)
    prf_server_send_event                    0x20002da1   Thumb Code    42  prf_utils.o(.text)
    prf_pack_date_time                       0x20002dcb   Thumb Code    32  prf_utils.o(.text)
    prf_unpack_date_time                     0x20002deb   Thumb Code    34  prf_utils.o(.text)
    prf_init_func                            0x20002e0d   Thumb Code    16  prf_utils.o(.text)
    prf_cleanup_func                         0x20002e1d   Thumb Code    76  prf_utils.o(.text)
    spotar_init                              0x20002e6d   Thumb Code    28  spotar.o(.text)
    spotar_patched_data_rcved                0x20002e89   Thumb Code    38  spotar.o(.text)
    spotar_disable                           0x20002eaf   Thumb Code    44  spotar.o(.text)
    sample128_init                           0x20003345   Thumb Code    28  sample128.o(.text)
    sample128_send_val                       0x20003361   Thumb Code    46  sample128.o(.text)
    sample128_C2_send_val                    0x2000338f   Thumb Code    46  sample128.o(.text)
    sample128_disable                        0x200033bd   Thumb Code    64  sample128.o(.text)
    sample128_upd_char2_cfm_send             0x200033fd   Thumb Code    26  sample128.o(.text)
    app_init                                 0x200036b5   Thumb Code    44  app.o(.text)
    app_db_init                              0x200036e1   Thumb Code     8  app.o(.text)
    app_disconnect                           0x200036e9   Thumb Code    34  app.o(.text)
    app_connect_confirm                      0x2000370b   Thumb Code    42  app.o(.text)
    app_adv_start                            0x20003735   Thumb Code    36  app.o(.text)
    app_adv_stop                             0x20003759   Thumb Code    26  app.o(.text)
    app_param_update_start                   0x20003773   Thumb Code     8  app.o(.text)
    app_timer_set                            0x2000377b   Thumb Code    24  app.o(.text)
    app_connect                              0x20003793   Thumb Code    62  app.o(.text)
    app_sec_gen_tk                           0x200037e5   Thumb Code    18  app_sec.o(.text)
    app_sec_gen_ltk                          0x200037f7   Thumb Code    74  app_sec.o(.text)
    app_sec_init                             0x20003841   Thumb Code    16  app_sec.o(.text)
    app_security_start                       0x20003851   Thumb Code    46  app_sec.o(.text)
    gapc_bond_req_ind_handler                0x20003895   Thumb Code    82  app_sec_task.o(.text)
    gapc_bond_ind_handler                    0x200038e7   Thumb Code    66  app_sec_task.o(.text)
    gapc_encrypt_req_ind_handler             0x20003929   Thumb Code   120  app_sec_task.o(.text)
    gapc_encrypt_ind_handler                 0x200039a1   Thumb Code    10  app_sec_task.o(.text)
    gapm_device_ready_ind_handler            0x200039b9   Thumb Code    36  app_task.o(.text)
    gapm_cmp_evt_handler                     0x200039dd   Thumb Code   130  app_task.o(.text)
    gapc_connection_req_ind_handler          0x20003a5f   Thumb Code    32  app_task.o(.text)
    gapc_cmp_evt_handler                     0x20003a7f   Thumb Code    50  app_task.o(.text)
    gapc_disconnect_ind_handler              0x20003ab1   Thumb Code    12  app_task.o(.text)
    app_module_init_cmp_evt_handler          0x20003abd   Thumb Code    36  app_task.o(.text)
    gapm_adv_report_ind_handler              0x20003ae1   Thumb Code    12  app_task.o(.text)
    app_dis_init                             0x20003af5   Thumb Code     2  app_dis.o(.text)
    app_dis_create_db_send                   0x20003af7   Thumb Code    26  app_dis.o(.text)
    app_dis_enable_prf                       0x20003b11   Thumb Code    32  app_dis.o(.text)
    diss_create_db_cfm_handler               0x20003b35   Thumb Code   334  app_dis_task.o(.text)
    diss_disable_ind_handler                 0x20003c83   Thumb Code     4  app_dis_task.o(.text)
    app_button_enable                        0x20003cc5   Thumb Code    34  app_proxr_proj.o(.text)
    app_button_press_cb                      0x20003ce7   Thumb Code    64  app_proxr_proj.o(.text)
    app_sample128_init                       0x20003d27   Thumb Code     2  app_proxr_proj.o(.text)
    app_init_func                            0x20003d29   Thumb Code    12  app_proxr_proj.o(.text)
    app_sec_init_func                        0x20003d35   Thumb Code     8  app_proxr_proj.o(.text)
    app_sample128_enable                     0x20003d3d   Thumb Code    34  app_proxr_proj.o(.text)
    app_connection_func                      0x20003d5f   Thumb Code    98  app_proxr_proj.o(.text)
    app_adv_func                             0x20003dc1   Thumb Code   154  app_proxr_proj.o(.text)
    app_disconnect_func                      0x20003e5b   Thumb Code    24  app_proxr_proj.o(.text)
    app_sample128_create_db_send             0x20003e73   Thumb Code    20  app_proxr_proj.o(.text)
    app_db_init_func                         0x20003e87   Thumb Code    56  app_proxr_proj.o(.text)
    app_update_params_rejected_func          0x20003ebf   Thumb Code     2  app_proxr_proj.o(.text)
    app_param_update_func                    0x20003ec1   Thumb Code     2  app_proxr_proj.o(.text)
    app_configuration_func                   0x20003ec3   Thumb Code    40  app_proxr_proj.o(.text)
    app_set_dev_config_complete_func         0x20003eeb   Thumb Code    24  app_proxr_proj.o(.text)
    app_update_params_complete_func          0x20003f03   Thumb Code     2  app_proxr_proj.o(.text)
    app_adv_undirect_complete                0x20003f05   Thumb Code    14  app_proxr_proj.o(.text)
    app_adv_direct_complete                  0x20003f13   Thumb Code     2  app_proxr_proj.o(.text)
    app_db_init_complete_func                0x20003f15   Thumb Code     8  app_proxr_proj.o(.text)
    app_scanning_completed_func              0x20003f1d   Thumb Code     2  app_proxr_proj.o(.text)
    app_connect_func                         0x20003f1f   Thumb Code     2  app_proxr_proj.o(.text)
    app_adv_report_ind_func                  0x20003f21   Thumb Code     2  app_proxr_proj.o(.text)
    app_connect_failed_func                  0x20003f23   Thumb Code     2  app_proxr_proj.o(.text)
    app_send_pairing_rsp_func                0x20003f25   Thumb Code    48  app_proxr_proj.o(.text)
    app_send_tk_exch_func                    0x20003f55   Thumb Code    60  app_proxr_proj.o(.text)
    app_send_irk_exch_func                   0x20003f91   Thumb Code     2  app_proxr_proj.o(.text)
    app_send_csrk_exch_func                  0x20003f93   Thumb Code    58  app_proxr_proj.o(.text)
    app_send_ltk_exch_func                   0x20003fcd   Thumb Code    76  app_proxr_proj.o(.text)
    app_paired_func                          0x20004019   Thumb Code     2  app_proxr_proj.o(.text)
    app_validate_encrypt_req_func            0x2000401b   Thumb Code     4  app_proxr_proj.o(.text)
    app_sec_encrypt_ind_func                 0x2000401f   Thumb Code     2  app_proxr_proj.o(.text)
    app_sec_encrypt_complete_func            0x20004021   Thumb Code     2  app_proxr_proj.o(.text)
    app_mitm_passcode_entry_func             0x20004023   Thumb Code     2  app_proxr_proj.o(.text)
    app_adv_timer_handler                    0x20004025   Thumb Code    46  app_proxr_proj.o(.text)
    app_wakeup_handler                       0x20004053   Thumb Code    20  app_proxr_proj.o(.text)
    sample128_create_db_cfm_handler          0x20004067   Thumb Code    38  app_proxr_proj.o(.text)
    sample128_disable_ind_handler            0x2000408d   Thumb Code     4  app_proxr_proj.o(.text)
    sample128_val_ind_handler                0x20004091   Thumb Code   166  app_proxr_proj.o(.text)
    sample128_C2_val_ind_handler             0x20004137   Thumb Code    16  app_proxr_proj.o(.text)
    sample128_C2_val_Change                  0x20004147   Thumb Code    40  app_proxr_proj.o(.text)
    sample128_timer_handler                  0x2000416f   Thumb Code    52  app_proxr_proj.o(.text)
    CharToHex                                0x200041a3   Thumb Code    26  app_proxr_proj.o(.text)
    HexToChar                                0x200041bd   Thumb Code    42  app_proxr_proj.o(.text)
    app_spotar_init                          0x200041f9   Thumb Code    24  app_spotar.o(.text)
    app_spotar_reset                         0x20004211   Thumb Code    12  app_spotar.o(.text)
    app_spotar_create_db                     0x2000421d   Thumb Code    26  app_spotar.o(.text)
    app_spotar_enable                        0x20004237   Thumb Code    36  app_spotar.o(.text)
    spotar_send_status_update_req            0x2000425b   Thumb Code    32  app_spotar.o(.text)
    app_spotar_stop                          0x2000427b   Thumb Code    30  app_spotar.o(.text)
    app_set_image_valid_flag                 0x20004299   Thumb Code    50  app_spotar.o(.text)
    app_spotar_start                         0x200042cb   Thumb Code    34  app_spotar.o(.text)
    app_spotar_read_mem                      0x200042ed   Thumb Code   204  app_spotar.o(.text)
    spotar_send_mem_info_update_req          0x200043b9   Thumb Code    28  app_spotar.o(.text)
    app_spi_flash_init                       0x200043d5   Thumb Code    58  app_spotar.o(.text)
    app_spotar_spi_config                    0x2000440f   Thumb Code   356  app_spotar.o(.text)
    app_spotar_i2c_config                    0x20004573   Thumb Code   224  app_spotar.o(.text)
    app_spotar_pd_hdlr                       0x20004653   Thumb Code   286  app_spotar.o(.text)
    app_erase_flash_sectors                  0x20004771   Thumb Code    58  app_spotar.o(.text)
    app_get_image_id                         0x200047ab   Thumb Code    16  app_spotar.o(.text)
    app_find_old_img                         0x200047bb   Thumb Code    36  app_spotar.o(.text)
    app_read_ext_mem                         0x200047df   Thumb Code    22  app_spotar.o(.text)
    app_read_image_headers                   0x200047f5   Thumb Code   554  app_spotar.o(.text)
    app_spotar_img_hdlr                      0x20004a1f   Thumb Code   244  app_spotar.o(.text)
    app_spotar_exec_patch                    0x20004b13   Thumb Code    34  app_spotar.o(.text)
    spotar_create_db_cfm_handler             0x20004b41   Thumb Code    38  app_spotar_task.o(.text)
    spotar_patch_data_ind_handler            0x20004b67   Thumb Code   144  app_spotar_task.o(.text)
    spotar_patch_mem_dev_ind_handler         0x20004bf7   Thumb Code    26  app_spotar_task.o(.text)
    spotar_gpio_map_ind_handler              0x20004c11   Thumb Code    58  app_spotar_task.o(.text)
    spotar_patch_len_ind_handler             0x20004c4b   Thumb Code    74  app_spotar_task.o(.text)
    __aeabi_fmul                             0x20004ca1   Thumb Code   122  fmul.o(.text)
    __aeabi_fdiv                             0x20004d1b   Thumb Code   124  fdiv.o(.text)
    __ARM_scalbnf                            0x20004d97   Thumb Code    24  fscalb.o(.text)
    scalbnf                                  0x20004d97   Thumb Code     0  fscalb.o(.text)
    __aeabi_ui2f                             0x20004daf   Thumb Code    14  ffltui.o(.text)
    __aeabi_f2uiz                            0x20004dbd   Thumb Code    40  ffixui.o(.text)
    __aeabi_f2d                              0x20004de5   Thumb Code    40  f2d.o(.text)
    __aeabi_d2f                              0x20004e0d   Thumb Code    56  d2f.o(.text)
    _float_round                             0x20004e45   Thumb Code    16  fepilogue.o(.text)
    _float_epilogue                          0x20004e55   Thumb Code   114  fepilogue.o(.text)
    __scatterload                            0x20004ec9   Thumb Code    28  init.o(.text)
    __scatterload_rt2                        0x20004ec9   Thumb Code     0  init.o(.text)
    Long Thumb to Thumb Veneer to set_system_clocks 0x20004eed   Thumb Code    12  anon$$obj.o(Veneer$$Code)
    Long Thumb to Thumb Veneer to srand      0x20004ef9   Thumb Code    12  anon$$obj.o(Veneer$$Code)
    Long Thumb to Thumb Veneer to nvds_init  0x20004f05   Thumb Code    12  anon$$obj.o(Veneer$$Code)
    Long Thumb to Thumb Veneer to rwip_init  0x20004f11   Thumb Code    12  anon$$obj.o(Veneer$$Code)
    Long Thumb to Thumb Veneer to enable_rf_diag_irq 0x20004f1d   Thumb Code    12  anon$$obj.o(Veneer$$Code)
    Long Thumb to Thumb Veneer to app_get_sleep_mode 0x20004f29   Thumb Code    12  anon$$obj.o(Veneer$$Code)
    Long Thumb to Thumb Veneer to rwip_prevent_sleep_get 0x20004f35   Thumb Code    12  anon$$obj.o(Veneer$$Code)
    Long Thumb to Thumb Veneer to ke_event_get 0x20004f41   Thumb Code    12  anon$$obj.o(Veneer$$Code)
    Long Thumb to Thumb Veneer to rwip_schedule 0x20004f4d   Thumb Code    12  anon$$obj.o(Veneer$$Code)
    Long Thumb to Thumb Veneer to lld_sleep_check 0x20004f59   Thumb Code    12  anon$$obj.o(Veneer$$Code)
    Long Thumb to Thumb Veneer to func_check_mem 0x20004f65   Thumb Code    12  anon$$obj.o(Veneer$$Code)
    Long Thumb to Thumb Veneer to test_rxdone 0x20004f71   Thumb Code    12  anon$$obj.o(Veneer$$Code)
    Long Thumb to Thumb Veneer to ke_mem_is_empty 0x20004f7d   Thumb Code    12  anon$$obj.o(Veneer$$Code)
    Long Thumb to Thumb Veneer to __aeabi_uidivmod 0x20004f89   Thumb Code    12  anon$$obj.o(Veneer$$Code)
    Long Thumb to Thumb Veneer to __aeabi_dmul 0x20004f95   Thumb Code    12  anon$$obj.o(Veneer$$Code)
    Long Thumb to Thumb Veneer to rwip_wakeup_delay_set 0x20004fa1   Thumb Code    12  anon$$obj.o(Veneer$$Code)
    Long Thumb to Thumb Veneer to $Super$$get_rc16m_count_func 0x20004fad   Thumb Code    12  anon$$obj.o(Veneer$$Code)
    Long Thumb to Thumb Veneer to get_rc16m_count 0x20004fb9   Thumb Code    12  anon$$obj.o(Veneer$$Code)
    Long Thumb to Thumb Veneer to pll_vcocal_LUT_InitUpdate 0x20004fc5   Thumb Code    12  anon$$obj.o(Veneer$$Code)
    Long Thumb to Thumb Veneer to rf_calibration 0x20004fd1   Thumb Code    12  anon$$obj.o(Veneer$$Code)
    Long Thumb to Thumb Veneer to lld_sleep_us_2_lpcycles_func 0x20004fdd   Thumb Code    12  anon$$obj.o(Veneer$$Code)
    Long Thumb to Thumb Veneer to lld_sleep_lpcycles_2_us_func 0x20004fe9   Thumb Code    12  anon$$obj.o(Veneer$$Code)
    Long Thumb to Thumb Veneer to uart_flow_on 0x20004ff5   Thumb Code    12  anon$$obj.o(Veneer$$Code)
    Long Thumb to Thumb Veneer to __aeabi_memcpy 0x20005001   Thumb Code    12  anon$$obj.o(Veneer$$Code)
    Long Thumb to Thumb Veneer to co_list_pop_front 0x2000500d   Thumb Code    12  anon$$obj.o(Veneer$$Code)
    Long Thumb to Thumb Veneer to ke_task_handler_get 0x20005019   Thumb Code    12  anon$$obj.o(Veneer$$Code)
    Long Thumb to Thumb Veneer to ke_msg_free 0x20005025   Thumb Code    12  anon$$obj.o(Veneer$$Code)
    Long Thumb to Thumb Veneer to co_list_push_back 0x20005031   Thumb Code    12  anon$$obj.o(Veneer$$Code)
    Long Thumb to Thumb Veneer to ke_event_clear 0x2000503d   Thumb Code    12  anon$$obj.o(Veneer$$Code)
    Long Thumb to Thumb Veneer to __aeabi_memclr4 0x20005049   Thumb Code    12  anon$$obj.o(Veneer$$Code)
    Long Thumb to Thumb Veneer to ke_event_callback_set 0x20005055   Thumb Code    12  anon$$obj.o(Veneer$$Code)
    Long Thumb to Thumb Veneer to lld_con_update_ind 0x20005061   Thumb Code    12  anon$$obj.o(Veneer$$Code)
    Long Thumb to Thumb Veneer to ke_state_set 0x2000506d   Thumb Code    12  anon$$obj.o(Veneer$$Code)
    Long Thumb to Thumb Veneer to llc_util_dicon_procedure 0x20005079   Thumb Code    12  anon$$obj.o(Veneer$$Code)
    Long Thumb to Thumb Veneer to lld_ch_map_ind 0x20005085   Thumb Code    12  anon$$obj.o(Veneer$$Code)
    Long Thumb to Thumb Veneer to ke_state_get 0x20005091   Thumb Code    12  anon$$obj.o(Veneer$$Code)
    Long Thumb to Thumb Veneer to __ARM_common_switch8 0x2000509d   Thumb Code    12  anon$$obj.o(Veneer$$Code)
    Long Thumb to Thumb Veneer to ke_timer_clear 0x200050a9   Thumb Code    12  anon$$obj.o(Veneer$$Code)
    Long Thumb to Thumb Veneer to atts_send_cmd_cmp 0x200050b5   Thumb Code    12  anon$$obj.o(Veneer$$Code)
    Long Thumb to Thumb Veneer to atts_mtu_exc_resp 0x200050c1   Thumb Code    12  anon$$obj.o(Veneer$$Code)
    Long Thumb to Thumb Veneer to atts_find_info_resp 0x200050cd   Thumb Code    12  anon$$obj.o(Veneer$$Code)
    Long Thumb to Thumb Veneer to atts_find_by_type_resp 0x200050d9   Thumb Code    12  anon$$obj.o(Veneer$$Code)
    Long Thumb to Thumb Veneer to atts_read_by_type_resp 0x200050e5   Thumb Code    12  anon$$obj.o(Veneer$$Code)
    Long Thumb to Thumb Veneer to atts_read_by_grp_type_resp 0x200050f1   Thumb Code    12  anon$$obj.o(Veneer$$Code)
    Long Thumb to Thumb Veneer to atts_read_resp 0x200050fd   Thumb Code    12  anon$$obj.o(Veneer$$Code)
    Long Thumb to Thumb Veneer to atts_read_blob_resp 0x20005109   Thumb Code    12  anon$$obj.o(Veneer$$Code)
    Long Thumb to Thumb Veneer to atts_read_mult_resp 0x20005115   Thumb Code    12  anon$$obj.o(Veneer$$Code)
    Long Thumb to Thumb Veneer to atts_write_no_resp 0x20005121   Thumb Code    12  anon$$obj.o(Veneer$$Code)
    Long Thumb to Thumb Veneer to atts_write_resp 0x2000512d   Thumb Code    12  anon$$obj.o(Veneer$$Code)
    Long Thumb to Thumb Veneer to atts_signed_write_resp 0x20005139   Thumb Code    12  anon$$obj.o(Veneer$$Code)
    Long Thumb to Thumb Veneer to atts_prepare_write_resp 0x20005145   Thumb Code    12  anon$$obj.o(Veneer$$Code)
    Long Thumb to Thumb Veneer to atts_execute_write_resp 0x20005151   Thumb Code    12  anon$$obj.o(Veneer$$Code)
    Long Thumb to Thumb Veneer to ke_msg_alloc 0x2000515d   Thumb Code    12  anon$$obj.o(Veneer$$Code)
    Long Thumb to Thumb Veneer to gapc_get_enc_keysize 0x20005169   Thumb Code    12  anon$$obj.o(Veneer$$Code)
    Long Thumb to Thumb Veneer to gapc_get_role 0x20005175   Thumb Code    12  anon$$obj.o(Veneer$$Code)
    Long Thumb to Thumb Veneer to ke_msg_send 0x20005181   Thumb Code    12  anon$$obj.o(Veneer$$Code)
    Long Thumb to Thumb Veneer to smpc_generate_rand 0x2000518d   Thumb Code    12  anon$$obj.o(Veneer$$Code)
    Long Thumb to Thumb Veneer to smpc_tkdp_send_continue 0x20005199   Thumb Code    12  anon$$obj.o(Veneer$$Code)
    Long Thumb to Thumb Veneer to smpc_pdu_send 0x200051a5   Thumb Code    12  anon$$obj.o(Veneer$$Code)
    Long Thumb to Thumb Veneer to smpc_tkdp_rcp_start 0x200051b1   Thumb Code    12  anon$$obj.o(Veneer$$Code)
    Long Thumb to Thumb Veneer to smpc_pairing_end 0x200051bd   Thumb Code    12  anon$$obj.o(Veneer$$Code)
    Long Thumb to Thumb Veneer to smpc_check_max_key_size 0x200051c9   Thumb Code    12  anon$$obj.o(Veneer$$Code)
    Long Thumb to Thumb Veneer to smpc_check_key_distrib 0x200051d5   Thumb Code    12  anon$$obj.o(Veneer$$Code)
    Long Thumb to Thumb Veneer to smpc_get_key_sec_prop 0x200051e1   Thumb Code    12  anon$$obj.o(Veneer$$Code)
    Long Thumb to Thumb Veneer to smpc_is_sec_mode_reached 0x200051ed   Thumb Code    12  anon$$obj.o(Veneer$$Code)
    Long Thumb to Thumb Veneer to gapm_get_privacy_flag 0x200051f9   Thumb Code    12  anon$$obj.o(Veneer$$Code)
    Long Thumb to Thumb Veneer to gapm_set_recon_addr 0x20005205   Thumb Code    12  anon$$obj.o(Veneer$$Code)
    Long Thumb to Thumb Veneer to memcmp     0x20005211   Thumb Code    12  anon$$obj.o(Veneer$$Code)
    Long Thumb to Thumb Veneer to ke_sleep_check 0x2000521d   Thumb Code    12  anon$$obj.o(Veneer$$Code)
    Long Thumb to Thumb Veneer to ke_timer_sleep_check 0x20005229   Thumb Code    12  anon$$obj.o(Veneer$$Code)
    Long Thumb to Thumb Veneer to gtl_enter_sleep 0x20005235   Thumb Code    12  anon$$obj.o(Veneer$$Code)
    Long Thumb to Thumb Veneer to lld_sleep_enter 0x20005241   Thumb Code    12  anon$$obj.o(Veneer$$Code)
    Long Thumb to Thumb Veneer to ble_regs_push 0x2000524d   Thumb Code    12  anon$$obj.o(Veneer$$Code)
    Long Thumb to Thumb Veneer to $Super$$BLE_CSCNT_Handler 0x20005259   Thumb Code    12  anon$$obj.o(Veneer$$Code)
    Long Thumb to Thumb Veneer to lld_evt_start_isr 0x20005265   Thumb Code    12  anon$$obj.o(Veneer$$Code)
    Long Thumb to Thumb Veneer to ble_regs_pop 0x20005271   Thumb Code    12  anon$$obj.o(Veneer$$Code)
    Long Thumb to Thumb Veneer to gtl_eif_init 0x2000527d   Thumb Code    12  anon$$obj.o(Veneer$$Code)
    Long Thumb to Thumb Veneer to rwip_wakeup 0x20005289   Thumb Code    12  anon$$obj.o(Veneer$$Code)
    Long Thumb to Thumb Veneer to rf_workaround_init 0x20005295   Thumb Code    12  anon$$obj.o(Veneer$$Code)
    Long Thumb to Thumb Veneer to rf_reinit  0x200052a1   Thumb Code    12  anon$$obj.o(Veneer$$Code)
    Long Thumb to Thumb Veneer to lld_evt_rx_isr 0x200052ad   Thumb Code    12  anon$$obj.o(Veneer$$Code)
    Long Thumb to Thumb Veneer to lld_evt_end_isr 0x200052b9   Thumb Code    12  anon$$obj.o(Veneer$$Code)
    Long Thumb to Thumb Veneer to set_rf_cal_cap 0x200052c5   Thumb Code    12  anon$$obj.o(Veneer$$Code)
    Long Thumb to Thumb Veneer to set_gauss_modgain 0x200052d1   Thumb Code    12  anon$$obj.o(Veneer$$Code)
    Long Thumb to Thumb Veneer to __aeabi_memclr 0x200052dd   Thumb Code    12  anon$$obj.o(Veneer$$Code)
    Long Thumb to Thumb Veneer to ke_task_create 0x200052e9   Thumb Code    12  anon$$obj.o(Veneer$$Code)
    Long Thumb to Thumb Veneer to attmdb_svc_set_permission 0x200052f5   Thumb Code    12  anon$$obj.o(Veneer$$Code)
    Long Thumb to Thumb Veneer to attm_svc_create_db 0x20005301   Thumb Code    12  anon$$obj.o(Veneer$$Code)
    Long Thumb to Thumb Veneer to attmdb_att_set_value 0x2000530d   Thumb Code    12  anon$$obj.o(Veneer$$Code)
    Long Thumb to Thumb Veneer to gapc_get_conidx 0x20005319   Thumb Code    12  anon$$obj.o(Veneer$$Code)
    Long Thumb to Thumb Veneer to gapc_get_conhdl 0x20005325   Thumb Code    12  anon$$obj.o(Veneer$$Code)
    Long Thumb to Thumb Veneer to gapc_send_disconect_ind 0x20005331   Thumb Code    12  anon$$obj.o(Veneer$$Code)
    Long Thumb to Thumb Veneer to attmdb_add_service 0x2000533d   Thumb Code    12  anon$$obj.o(Veneer$$Code)
    Long Thumb to Thumb Veneer to attmdb_add_attribute 0x20005349   Thumb Code    12  anon$$obj.o(Veneer$$Code)
    Long Thumb to Thumb Veneer to attmdb_att_get_value 0x20005355   Thumb Code    12  anon$$obj.o(Veneer$$Code)
    Long Thumb to Thumb Veneer to atts_write_rsp_send 0x20005361   Thumb Code    12  anon$$obj.o(Veneer$$Code)
    Long Thumb to Thumb Veneer to ke_timer_set 0x2000536d   Thumb Code    12  anon$$obj.o(Veneer$$Code)
    Long Thumb to Thumb Veneer to rand       0x20005379   Thumb Code    12  anon$$obj.o(Veneer$$Code)
    Long Thumb to Thumb Veneer to __aeabi_idivmod 0x20005385   Thumb Code    12  anon$$obj.o(Veneer$$Code)
    Long Thumb to Thumb Veneer to ke_msg_send_basic 0x20005391   Thumb Code    12  anon$$obj.o(Veneer$$Code)
    Long Thumb to Thumb Veneer to __aeabi_memcpy4 0x2000539d   Thumb Code    12  anon$$obj.o(Veneer$$Code)
    Long Thumb to Thumb Veneer to get_patching_spota_length 0x200053a9   Thumb Code    12  anon$$obj.o(Veneer$$Code)
    Long Thumb to Thumb Veneer to platform_reset 0x200053b5   Thumb Code    12  anon$$obj.o(Veneer$$Code)
    Long Thumb to Thumb Veneer to __aeabi_llsl 0x200053c1   Thumb Code    12  anon$$obj.o(Veneer$$Code)
    Long Thumb to Thumb Veneer to __aeabi_memset 0x200053cd   Thumb Code    12  anon$$obj.o(Veneer$$Code)
    Long Thumb to Thumb Veneer to exec_patching_spota 0x200053d9   Thumb Code    12  anon$$obj.o(Veneer$$Code)
    GPIO_ConfigurePin                        0x200053e5   Thumb Code    78  gpio.o(i.GPIO_ConfigurePin)
    GPIO_GetPinStatus                        0x20005439   Thumb Code    64  gpio.o(i.GPIO_GetPinStatus)
    GPIO_ResetIRQ                            0x20005481   Thumb Code   146  gpio.o(i.GPIO_ResetIRQ)
    GPIO_SetActive                           0x20005519   Thumb Code    58  gpio.o(i.GPIO_SetActive)
    GPIO_SetInactive                         0x2000555d   Thumb Code    58  gpio.o(i.GPIO_SetInactive)
    GPIO_SetPinFunction                      0x200055a1   Thumb Code    64  gpio.o(i.GPIO_SetPinFunction)
    GPIO_init                                0x200055e9   Thumb Code   140  gpio.o(i.GPIO_init)
    __scatterload_copy                       0x2000567d   Thumb Code    14  handlers.o(i.__scatterload_copy)
    __scatterload_null                       0x2000568b   Thumb Code     2  handlers.o(i.__scatterload_null)
    __scatterload_zeroinit                   0x2000568d   Thumb Code    14  handlers.o(i.__scatterload_zeroinit)
    wkupct_register_callback                 0x2000569d   Thumb Code     6  wkupct_quadec.o(i.wkupct_register_callback)
    patch_table                              0x200056a8   Data          32  arch_main.o(.constdata)
    LUT_CFG                                  0x200056c8   Data          22  arch_main.o(.constdata)
    SPI_FLASH_KNOWN_DEVICES_PARAMETERS_LIST  0x200056e8   Data          60  spi_flash.o(.constdata)
    diss_att_db                              0x20005724   Data         228  diss.o(.constdata)
    diss_dis_svc                             0x20005808   Data           2  diss.o(.constdata)
    diss_manufacturer_name_char              0x2000580a   Data           5  diss.o(.constdata)
    diss_model_nb_str_char                   0x2000580f   Data           5  diss.o(.constdata)
    diss_serial_nb_str_char                  0x20005814   Data           5  diss.o(.constdata)
    diss_hard_rev_str_char                   0x20005819   Data           5  diss.o(.constdata)
    diss_firm_rev_str_char                   0x2000581e   Data           5  diss.o(.constdata)
    diss_sw_rev_str_char                     0x20005823   Data           5  diss.o(.constdata)
    diss_system_id_char                      0x20005828   Data           5  diss.o(.constdata)
    diss_ieee_char                           0x2000582d   Data           5  diss.o(.constdata)
    diss_pnp_id_char                         0x20005832   Data           5  diss.o(.constdata)
    diss_disabled                            0x20005848   Data           8  diss_task.o(.constdata)
    diss_idle                                0x20005850   Data          16  diss_task.o(.constdata)
    diss_default_state                       0x20005860   Data           8  diss_task.o(.constdata)
    diss_state_handler                       0x20005868   Data          24  diss_task.o(.constdata)
    diss_default_handler                     0x20005880   Data           8  diss_task.o(.constdata)
    spotar_service                           0x20005888   Data           2  spotar.o(.constdata)
    spotar_patch_mem_dev_val                 0x2000588a   Data          16  spotar.o(.constdata)
    spotar_gpio_map_val                      0x2000589a   Data          16  spotar.o(.constdata)
    spotar_patch_mem_info_val                0x200058aa   Data          16  spotar.o(.constdata)
    spotar_patch_len_val                     0x200058ba   Data          16  spotar.o(.constdata)
    spotar_patch_data_val                    0x200058ca   Data          16  spotar.o(.constdata)
    spotar_patch_status_val                  0x200058da   Data          16  spotar.o(.constdata)
    spotar_disabled                          0x200058fc   Data           8  spotar_task.o(.constdata)
    spotar_idle                              0x20005904   Data           8  spotar_task.o(.constdata)
    spotar_active                            0x2000590c   Data          24  spotar_task.o(.constdata)
    spotar_default_state                     0x20005924   Data           8  spotar_task.o(.constdata)
    spotar_state_handler                     0x2000592c   Data          24  spotar_task.o(.constdata)
    spotar_default_handler                   0x20005944   Data           8  spotar_task.o(.constdata)
    sample128_svc                            0x2000594c   Data          16  sample128.o(.constdata)
    sample128_1_val                          0x2000595c   Data          16  sample128.o(.constdata)
    sample128_2_val                          0x2000596c   Data          16  sample128.o(.constdata)
    sample128_disabled                       0x2000598c   Data           8  sample128_task.o(.constdata)
    sample128_idle                           0x20005994   Data           8  sample128_task.o(.constdata)
    sample128_connected                      0x2000599c   Data          16  sample128_task.o(.constdata)
    sample128_default_state                  0x200059ac   Data           8  sample128_task.o(.constdata)
    sample128_state_handler                  0x200059b4   Data          24  sample128_task.o(.constdata)
    sample128_default_handler                0x200059cc   Data           8  sample128_task.o(.constdata)
    app_default_state                        0x200059e4   Data         200  app_task.o(.constdata)
    app_default_handler                      0x20005aac   Data           8  app_task.o(.constdata)
    Region$$Table$$Base                      0x20005ab4   Number         0  anon$$obj.o(Region$$Table)
    Region$$Table$$Limit                     0x20005af4   Number         0  anon$$obj.o(Region$$Table)
    spotar_patch_mem_dev_char                0x20005af4   Data          19  spotar.o(.data)
    spotar_gpio_map_char                     0x20005b07   Data          19  spotar.o(.data)
    spotar_patch_mem_info_char               0x20005b1a   Data          19  spotar.o(.data)
    spotar_patch_len_char                    0x20005b2d   Data          19  spotar.o(.data)
    spotar_patch_data_char                   0x20005b40   Data          19  spotar.o(.data)
    spotar_patch_status_char                 0x20005b53   Data          19  spotar.o(.data)
    sample128_1_char                         0x20005b66   Data          19  sample128.o(.data)
    sample128_2_char                         0x20005b79   Data          19  sample128.o(.data)
    Sample_LED_Blink                         0x20005b8c   Data           1  app_proxr_proj.o(.data)
    flag_PM25                                0x20005b8d   Data           1  app_proxr_proj.o(.data)
    PM2_5                                    0x20005b8e   Data          14  app_proxr_proj.o(.data)
    spota_new_pd                             0x20005b9c   Data          80  app_spotar.o(spotar_patch_area)
    spota_all_pd                             0x20005bec   Data         256  app_spotar.o(spotar_patch_area)
    sys_startup_flag                         0x20008000   Data           1  arch_main.o(retention_mem_area0)
    sleep_md                                 0x20008001   Data           1  arch_sleep.o(retention_mem_area0)
    sleep_pend                               0x20008002   Data           1  arch_sleep.o(retention_mem_area0)
    sleep_cnt                                0x20008003   Data           1  arch_sleep.o(retention_mem_area0)
    sleep_ext_force                          0x20008004   Data           1  arch_sleep.o(retention_mem_area0)
    cal_enable                               0x20008008   Data           1  arch_system.o(retention_mem_area0)
    lp_clk_sel                               0x2000800c   Data           4  arch_system.o(retention_mem_area0)
    rcx_freq                                 0x20008010   Data           4  arch_system.o(retention_mem_area0)
    rcx_period                               0x20008014   Data           4  arch_system.o(retention_mem_area0)
    rcx_slot_duration                        0x20008018   Data           4  arch_system.o(retention_mem_area0)
    wkupct_quad_IRQ_status                   0x2000801c   Data           1  wkupct_quadec.o(retention_mem_area0)
    WKUPCT_callback                          0x20008020   Data           4  wkupct_quadec.o(retention_mem_area0)
    dev_bdaddr                               0x20008040   Data           6  nvds.o(retention_mem_area0)
    rwble_last_event                         0x20008046   Data           1  rwble.o(retention_mem_area0)
    diss_env                                 0x20008048   Data          18  diss.o(retention_mem_area0)
    diss_state                               0x2000805a   Data           1  diss_task.o(retention_mem_area0)
    spotar_env                               0x2000805c   Data           8  spotar.o(retention_mem_area0)
    spotar_state                             0x20008064   Data           1  spotar_task.o(retention_mem_area0)
    sample128_env                            0x20008066   Data          10  sample128.o(retention_mem_area0)
    sample128_state                          0x20008070   Data           1  sample128_task.o(retention_mem_area0)
    app_env                                  0x20008072   Data          12  app.o(retention_mem_area0)
    app_sec_env                              0x2000807e   Data          36  app_sec.o(retention_mem_area0)
    app_state                                0x200080a2   Data           1  app_task.o(retention_mem_area0)
    spota_state                              0x200080a4   Data          36  app_spotar.o(retention_mem_area0)
    rwip_heap_non_ret                        0x20008bf4   Data        1036  jump_table.o(heap_mem_area_not_ret)
    SystemCoreClock                          0x20009000   Data           0  rom_symdef.txt ABSOLUTE
    error                                    0x20009004   Data           0  rom_symdef.txt ABSOLUTE
    GPIO_status                              0x20009020   Data           8  gpio.o(.bss)
    GPIO                                     0x20009028   Data         160  gpio.o(.bss)
    GPIOHandlerFunction                      0x200090c8   Data          20  gpio.o(.bss)
    spi_flash_device_index                   0x200090dc   Data           2  spi_flash.o(.bss)
    spi_flash_detected_device                0x200090e0   Data           4  spi_flash.o(.bss)
    spi_flash_size                           0x200090e4   Data           4  spi_flash.o(.bss)
    spi_flash_page_size                      0x200090e8   Data           4  spi_flash.o(.bss)
    spi_driver_cs_pad                        0x200090ec   Data           2  spi.o(.bss)
    flag_Connect                             0x200090f0   Data           1  app_proxr_proj.o(.bss)
    flag_Connect_kind                        0x200090f1   Data           1  app_proxr_proj.o(.bss)
    sample128_my_new                         0x200090f2   Data           8  app_proxr_proj.o(.bss)
    sample128_2_new                          0x200090fa   Data          14  app_proxr_proj.o(.bss)
    Prameter                                 0x20009108   Data          11  app_proxr_proj.o(.bss)
    uart_buf                                 0x20009113   Data           5  app_proxr_proj.o(.bss)
    uart_bufcnt                              0x20009118   Data           1  app_proxr_proj.o(.bss)
    flag_Uart2_Init                          0x20009119   Data           1  app_proxr_proj.o(.bss)
    PM2_5_val                                0x2000911a   Data           2  app_proxr_proj.o(.bss)
    __initial_sp                             0x20009800   Data           0  boot_vectors.o(STACK)



==============================================================================

Memory Map of the image

  Image Entry point : 0x20000441

  Load Region LR_IROM1 (Base: 0x20000000, Size: 0x000000a0, Max: 0x00000160, ABSOLUTE)

    Execution Region ER_IROM1 (Base: 0x20000000, Size: 0x000000a0, Max: 0x00000160, ABSOLUTE)

    Base Addr    Size         Type   Attr      Idx    E Section Name        Object

    0x20000000   0x000000a0   Data   RO           52    RESET               boot_vectors.o



  Load Region LR_IROM2 (Base: 0x20000160, Size: 0x00000160, Max: 0x00000160, ABSOLUTE)

    Execution Region ER_IROM2 (Base: 0x20000160, Size: 0x00000160, Max: 0x00000160, ABSOLUTE)

    Base Addr    Size         Type   Attr      Idx    E Section Name        Object

    0x20000160   0x00000160   Data   RO          406    jump_table_mem_area  jump_table.o



  Load Region LR_IROM3 (Base: 0x200002c0, Size: 0x00000064, Max: 0x00000080, ABSOLUTE)

    Execution Region ER_IROM3 (Base: 0x200002c0, Size: 0x00000064, Max: 0x00000080, ABSOLUTE)

    Base Addr    Size         Type   Attr      Idx    E Section Name        Object

    0x200002c0   0x00000064   Data   RO          904    timeout_table_area  gapm.o



  Load Region LR_IROM4 (Base: 0x20000340, Size: 0x000000a4, Max: 0x00000100, ABSOLUTE)

    Execution Region ER_IROM4 (Base: 0x20000340, Size: 0x000000a4, Max: 0x00000100, ABSOLUTE)

    Base Addr    Size         Type   Attr      Idx    E Section Name        Object

    0x20000340   0x000000a4   Data   RO          957    nvds_data_storage_area  nvds.o



  Load Region LR_IROM5 (Base: 0x20000440, Size: 0x0000575c, Max: 0x000093c0, ABSOLUTE)

    Execution Region ER_IROM5 (Base: 0x20000440, Size: 0x000058ac, Max: 0x00007ac0, ABSOLUTE)

    Base Addr    Size         Type   Attr      Idx    E Section Name        Object

    0x20000440   0x00000000   Code   RO         1941  * .ARM.Collect$$$$00000000  mc_p.l(entry.o)
    0x20000440   0x00000004   Code   RO         1958    .ARM.Collect$$$$00000001  mc_p.l(entry2.o)
    0x20000444   0x00000004   Code   RO         1961    .ARM.Collect$$$$00000004  mc_p.l(entry5.o)
    0x20000448   0x00000000   Code   RO         1963    .ARM.Collect$$$$00000008  mc_p.l(entry7b.o)
    0x20000448   0x00000000   Code   RO         1965    .ARM.Collect$$$$0000000A  mc_p.l(entry8b.o)
    0x20000448   0x00000008   Code   RO         1966    .ARM.Collect$$$$0000000B  mc_p.l(entry9a.o)
    0x20000450   0x00000000   Code   RO         1968    .ARM.Collect$$$$0000000D  mc_p.l(entry10a.o)
    0x20000450   0x00000000   Code   RO         1970    .ARM.Collect$$$$0000000F  mc_p.l(entry11a.o)
    0x20000450   0x00000004   Code   RO         1959    .ARM.Collect$$$$00002712  mc_p.l(entry2.o)
    0x20000454   0x00000054   Code   RO            2    .text               system_armcm0.o
    0x200004a8   0x0000006c   Code   RO           53    .text               boot_vectors.o
    0x20000514   0x0000005c   Code   RO           58    .text               hardfault_handler.o
    0x20000570   0x00000370   Code   RO          114    .text               arch_main.o
    0x200008e0   0x00000002   Code   RO          401    .text               jump_table.o
    0x200008e2   0x00000002   PAD
    0x200008e4   0x00000110   Code   RO          472    .text               arch_sleep.o
    0x200009f4   0x0000008c   Code   RO          491    .text               nmi_handler.o
    0x20000a80   0x00000278   Code   RO          510    .text               periph_setup.o
    0x20000cf8   0x000002d4   Code   RO          606    .text               arch_system.o
    0x20000fcc   0x000002e8   Code   RO          647    .text               rf_580.o
    0x200012b4   0x00000044   Code   RO          672    .text               gpio.o
    0x200012f8   0x00000104   Code   RO          750    .text               wkupct_quadec.o
    0x200013fc   0x000004c0   Code   RO          816    .text               spi_flash.o
    0x200018bc   0x00000148   Code   RO          836    .text               spi.o
    0x20001a04   0x00000278   Code   RO          852    .text               i2c_eeprom.o
    0x20001c7c   0x000002cc   Code   RO          866    .text               uart2.o
    0x20001f48   0x000000b8   Code   RO          900    .text               ke_task.obj
    0x20002000   0x000000c4   Code   RO          902    .text               ch_map.obj
    0x200020c4   0x000000ec   Code   RO          946    .text               atts_task.obj
    0x200021b0   0x000000ec   Code   RO          950    .text               smpc.obj
    0x2000229c   0x0000020c   Code   RO          952    .text               smpc_task.obj
    0x200024a8   0x00000180   Code   RO          954    .text               gapm_util.obj
    0x20002628   0x00000278   Code   RO          956    .text               nvds.o
    0x200028a0   0x00000188   Code   RO          973    .text               rwip.o
    0x20002a28   0x000001ac   Code   RO          992    .text               rwble.o
    0x20002bd4   0x000000a4   Code   RO         1111    .text               diss.o
    0x20002c78   0x000000fc   Code   RO         1162    .text               diss_task.o
    0x20002d74   0x000000f8   Code   RO         1332    .text               prf_utils.o
    0x20002e6c   0x0000007c   Code   RO         1596    .text               spotar.o
    0x20002ee8   0x0000045c   Code   RO         1635    .text               spotar_task.o
    0x20003344   0x000000dc   Code   RO         1658    .text               sample128.o
    0x20003420   0x00000294   Code   RO         1686    .text               sample128_task.o
    0x200036b4   0x00000130   Code   RO         1717    .text               app.o
    0x200037e4   0x000000b0   Code   RO         1740    .text               app_sec.o
    0x20003894   0x00000124   Code   RO         1761    .text               app_sec_task.o
    0x200039b8   0x0000013c   Code   RO         1773    .text               app_task.o
    0x20003af4   0x00000040   Code   RO         1838    .text               app_dis.o
    0x20003b34   0x00000190   Code   RO         1856    .text               app_dis_task.o
    0x20003cc4   0x00000534   Code   RO         1868    .text               app_proxr_proj.o
    0x200041f8   0x00000948   Code   RO         1906    .text               app_spotar.o
    0x20004b40   0x00000160   Code   RO         1926    .text               app_spotar_task.o
    0x20004ca0   0x0000007a   Code   RO         1942    .text               mf_p.l(fmul.o)
    0x20004d1a   0x0000007c   Code   RO         1944    .text               mf_p.l(fdiv.o)
    0x20004d96   0x00000018   Code   RO         1946    .text               mf_p.l(fscalb.o)
    0x20004dae   0x0000000e   Code   RO         1950    .text               mf_p.l(ffltui.o)
    0x20004dbc   0x00000028   Code   RO         1952    .text               mf_p.l(ffixui.o)
    0x20004de4   0x00000028   Code   RO         1954    .text               mf_p.l(f2d.o)
    0x20004e0c   0x00000038   Code   RO         1956    .text               mf_p.l(d2f.o)
    0x20004e44   0x00000082   Code   RO         1972    .text               mf_p.l(fepilogue.o)
    0x20004ec6   0x00000002   PAD
    0x20004ec8   0x00000024   Code   RO         1974    .text               mc_p.l(init.o)
    0x20004eec   0x0000000c   Ven    RO         1984    Veneer$$Code        anon$$obj.o
    0x20004ef8   0x0000000c   Ven    RO         1985    Veneer$$Code        anon$$obj.o
    0x20004f04   0x0000000c   Ven    RO         1986    Veneer$$Code        anon$$obj.o
    0x20004f10   0x0000000c   Ven    RO         1987    Veneer$$Code        anon$$obj.o
    0x20004f1c   0x0000000c   Ven    RO         1988    Veneer$$Code        anon$$obj.o
    0x20004f28   0x0000000c   Ven    RO         1989    Veneer$$Code        anon$$obj.o
    0x20004f34   0x0000000c   Ven    RO         1990    Veneer$$Code        anon$$obj.o
    0x20004f40   0x0000000c   Ven    RO         1991    Veneer$$Code        anon$$obj.o
    0x20004f4c   0x0000000c   Ven    RO         1992    Veneer$$Code        anon$$obj.o
    0x20004f58   0x0000000c   Ven    RO         1993    Veneer$$Code        anon$$obj.o
    0x20004f64   0x0000000c   Ven    RO         1994    Veneer$$Code        anon$$obj.o
    0x20004f70   0x0000000c   Ven    RO         1995    Veneer$$Code        anon$$obj.o
    0x20004f7c   0x0000000c   Ven    RO         1996    Veneer$$Code        anon$$obj.o
    0x20004f88   0x0000000c   Ven    RO         1997    Veneer$$Code        anon$$obj.o
    0x20004f94   0x0000000c   Ven    RO         1998    Veneer$$Code        anon$$obj.o
    0x20004fa0   0x0000000c   Ven    RO         1999    Veneer$$Code        anon$$obj.o
    0x20004fac   0x0000000c   Ven    RO         2000    Veneer$$Code        anon$$obj.o
    0x20004fb8   0x0000000c   Ven    RO         2001    Veneer$$Code        anon$$obj.o
    0x20004fc4   0x0000000c   Ven    RO         2002    Veneer$$Code        anon$$obj.o
    0x20004fd0   0x0000000c   Ven    RO         2003    Veneer$$Code        anon$$obj.o
    0x20004fdc   0x0000000c   Ven    RO         2004    Veneer$$Code        anon$$obj.o
    0x20004fe8   0x0000000c   Ven    RO         2005    Veneer$$Code        anon$$obj.o
    0x20004ff4   0x0000000c   Ven    RO         2006    Veneer$$Code        anon$$obj.o
    0x20005000   0x0000000c   Ven    RO         2007    Veneer$$Code        anon$$obj.o
    0x2000500c   0x0000000c   Ven    RO         2008    Veneer$$Code        anon$$obj.o
    0x20005018   0x0000000c   Ven    RO         2009    Veneer$$Code        anon$$obj.o
    0x20005024   0x0000000c   Ven    RO         2010    Veneer$$Code        anon$$obj.o
    0x20005030   0x0000000c   Ven    RO         2011    Veneer$$Code        anon$$obj.o
    0x2000503c   0x0000000c   Ven    RO         2012    Veneer$$Code        anon$$obj.o
    0x20005048   0x0000000c   Ven    RO         2013    Veneer$$Code        anon$$obj.o
    0x20005054   0x0000000c   Ven    RO         2014    Veneer$$Code        anon$$obj.o
    0x20005060   0x0000000c   Ven    RO         2015    Veneer$$Code        anon$$obj.o
    0x2000506c   0x0000000c   Ven    RO         2016    Veneer$$Code        anon$$obj.o
    0x20005078   0x0000000c   Ven    RO         2017    Veneer$$Code        anon$$obj.o
    0x20005084   0x0000000c   Ven    RO         2018    Veneer$$Code        anon$$obj.o
    0x20005090   0x0000000c   Ven    RO         2019    Veneer$$Code        anon$$obj.o
    0x2000509c   0x0000000c   Ven    RO         2020    Veneer$$Code        anon$$obj.o
    0x200050a8   0x0000000c   Ven    RO         2021    Veneer$$Code        anon$$obj.o
    0x200050b4   0x0000000c   Ven    RO         2022    Veneer$$Code        anon$$obj.o
    0x200050c0   0x0000000c   Ven    RO         2023    Veneer$$Code        anon$$obj.o
    0x200050cc   0x0000000c   Ven    RO         2024    Veneer$$Code        anon$$obj.o
    0x200050d8   0x0000000c   Ven    RO         2025    Veneer$$Code        anon$$obj.o
    0x200050e4   0x0000000c   Ven    RO         2026    Veneer$$Code        anon$$obj.o
    0x200050f0   0x0000000c   Ven    RO         2027    Veneer$$Code        anon$$obj.o
    0x200050fc   0x0000000c   Ven    RO         2028    Veneer$$Code        anon$$obj.o
    0x20005108   0x0000000c   Ven    RO         2029    Veneer$$Code        anon$$obj.o
    0x20005114   0x0000000c   Ven    RO         2030    Veneer$$Code        anon$$obj.o
    0x20005120   0x0000000c   Ven    RO         2031    Veneer$$Code        anon$$obj.o
    0x2000512c   0x0000000c   Ven    RO         2032    Veneer$$Code        anon$$obj.o
    0x20005138   0x0000000c   Ven    RO         2033    Veneer$$Code        anon$$obj.o
    0x20005144   0x0000000c   Ven    RO         2034    Veneer$$Code        anon$$obj.o
    0x20005150   0x0000000c   Ven    RO         2035    Veneer$$Code        anon$$obj.o
    0x2000515c   0x0000000c   Ven    RO         2036    Veneer$$Code        anon$$obj.o
    0x20005168   0x0000000c   Ven    RO         2037    Veneer$$Code        anon$$obj.o
    0x20005174   0x0000000c   Ven    RO         2038    Veneer$$Code        anon$$obj.o
    0x20005180   0x0000000c   Ven    RO         2039    Veneer$$Code        anon$$obj.o
    0x2000518c   0x0000000c   Ven    RO         2040    Veneer$$Code        anon$$obj.o
    0x20005198   0x0000000c   Ven    RO         2041    Veneer$$Code        anon$$obj.o
    0x200051a4   0x0000000c   Ven    RO         2042    Veneer$$Code        anon$$obj.o
    0x200051b0   0x0000000c   Ven    RO         2043    Veneer$$Code        anon$$obj.o
    0x200051bc   0x0000000c   Ven    RO         2044    Veneer$$Code        anon$$obj.o
    0x200051c8   0x0000000c   Ven    RO         2045    Veneer$$Code        anon$$obj.o
    0x200051d4   0x0000000c   Ven    RO         2046    Veneer$$Code        anon$$obj.o
    0x200051e0   0x0000000c   Ven    RO         2047    Veneer$$Code        anon$$obj.o
    0x200051ec   0x0000000c   Ven    RO         2048    Veneer$$Code        anon$$obj.o
    0x200051f8   0x0000000c   Ven    RO         2049    Veneer$$Code        anon$$obj.o
    0x20005204   0x0000000c   Ven    RO         2050    Veneer$$Code        anon$$obj.o
    0x20005210   0x0000000c   Ven    RO         2051    Veneer$$Code        anon$$obj.o
    0x2000521c   0x0000000c   Ven    RO         2052    Veneer$$Code        anon$$obj.o
    0x20005228   0x0000000c   Ven    RO         2053    Veneer$$Code        anon$$obj.o
    0x20005234   0x0000000c   Ven    RO         2054    Veneer$$Code        anon$$obj.o
    0x20005240   0x0000000c   Ven    RO         2055    Veneer$$Code        anon$$obj.o
    0x2000524c   0x0000000c   Ven    RO         2056    Veneer$$Code        anon$$obj.o
    0x20005258   0x0000000c   Ven    RO         2057    Veneer$$Code        anon$$obj.o
    0x20005264   0x0000000c   Ven    RO         2058    Veneer$$Code        anon$$obj.o
    0x20005270   0x0000000c   Ven    RO         2059    Veneer$$Code        anon$$obj.o
    0x2000527c   0x0000000c   Ven    RO         2060    Veneer$$Code        anon$$obj.o
    0x20005288   0x0000000c   Ven    RO         2061    Veneer$$Code        anon$$obj.o
    0x20005294   0x0000000c   Ven    RO         2062    Veneer$$Code        anon$$obj.o
    0x200052a0   0x0000000c   Ven    RO         2063    Veneer$$Code        anon$$obj.o
    0x200052ac   0x0000000c   Ven    RO         2064    Veneer$$Code        anon$$obj.o
    0x200052b8   0x0000000c   Ven    RO         2065    Veneer$$Code        anon$$obj.o
    0x200052c4   0x0000000c   Ven    RO         2066    Veneer$$Code        anon$$obj.o
    0x200052d0   0x0000000c   Ven    RO         2067    Veneer$$Code        anon$$obj.o
    0x200052dc   0x0000000c   Ven    RO         2068    Veneer$$Code        anon$$obj.o
    0x200052e8   0x0000000c   Ven    RO         2069    Veneer$$Code        anon$$obj.o
    0x200052f4   0x0000000c   Ven    RO         2070    Veneer$$Code        anon$$obj.o
    0x20005300   0x0000000c   Ven    RO         2071    Veneer$$Code        anon$$obj.o
    0x2000530c   0x0000000c   Ven    RO         2072    Veneer$$Code        anon$$obj.o
    0x20005318   0x0000000c   Ven    RO         2073    Veneer$$Code        anon$$obj.o
    0x20005324   0x0000000c   Ven    RO         2074    Veneer$$Code        anon$$obj.o
    0x20005330   0x0000000c   Ven    RO         2075    Veneer$$Code        anon$$obj.o
    0x2000533c   0x0000000c   Ven    RO         2076    Veneer$$Code        anon$$obj.o
    0x20005348   0x0000000c   Ven    RO         2077    Veneer$$Code        anon$$obj.o
    0x20005354   0x0000000c   Ven    RO         2078    Veneer$$Code        anon$$obj.o
    0x20005360   0x0000000c   Ven    RO         2079    Veneer$$Code        anon$$obj.o
    0x2000536c   0x0000000c   Ven    RO         2080    Veneer$$Code        anon$$obj.o
    0x20005378   0x0000000c   Ven    RO         2081    Veneer$$Code        anon$$obj.o
    0x20005384   0x0000000c   Ven    RO         2082    Veneer$$Code        anon$$obj.o
    0x20005390   0x0000000c   Ven    RO         2083    Veneer$$Code        anon$$obj.o
    0x2000539c   0x0000000c   Ven    RO         2084    Veneer$$Code        anon$$obj.o
    0x200053a8   0x0000000c   Ven    RO         2085    Veneer$$Code        anon$$obj.o
    0x200053b4   0x0000000c   Ven    RO         2086    Veneer$$Code        anon$$obj.o
    0x200053c0   0x0000000c   Ven    RO         2087    Veneer$$Code        anon$$obj.o
    0x200053cc   0x0000000c   Ven    RO         2088    Veneer$$Code        anon$$obj.o
    0x200053d8   0x0000000c   Ven    RO         2089    Veneer$$Code        anon$$obj.o
    0x200053e4   0x00000054   Code   RO          710    i.GPIO_ConfigurePin  gpio.o
    0x20005438   0x00000048   Code   RO          716    i.GPIO_GetPinStatus  gpio.o
    0x20005480   0x00000098   Code   RO          728    i.GPIO_ResetIRQ     gpio.o
    0x20005518   0x00000044   Code   RO          704    i.GPIO_SetActive    gpio.o
    0x2000555c   0x00000044   Code   RO          698    i.GPIO_SetInactive  gpio.o
    0x200055a0   0x00000048   Code   RO          692    i.GPIO_SetPinFunction  gpio.o
    0x200055e8   0x00000094   Code   RO          686    i.GPIO_init         gpio.o
    0x2000567c   0x0000000e   Code   RO         1978    i.__scatterload_copy  mc_p.l(handlers.o)
    0x2000568a   0x00000002   Code   RO         1979    i.__scatterload_null  mc_p.l(handlers.o)
    0x2000568c   0x0000000e   Code   RO         1980    i.__scatterload_zeroinit  mc_p.l(handlers.o)
    0x2000569a   0x00000002   PAD
    0x2000569c   0x0000000c   Code   RO          762    i.wkupct_register_callback  wkupct_quadec.o
    0x200056a8   0x00000020   Data   RO          115    .constdata          arch_main.o
    0x200056c8   0x00000016   Data   RO          116    .constdata          arch_main.o
    0x200056de   0x00000008   Data   RO          674    .constdata          gpio.o
    0x200056e6   0x00000002   PAD
    0x200056e8   0x0000003c   Data   RO          818    .constdata          spi_flash.o
    0x20005724   0x000000e4   Data   RO         1112    .constdata          diss.o
    0x20005808   0x00000002   Data   RO         1113    .constdata          diss.o
    0x2000580a   0x00000005   Data   RO         1114    .constdata          diss.o
    0x2000580f   0x00000005   Data   RO         1115    .constdata          diss.o
    0x20005814   0x00000005   Data   RO         1116    .constdata          diss.o
    0x20005819   0x00000005   Data   RO         1117    .constdata          diss.o
    0x2000581e   0x00000005   Data   RO         1118    .constdata          diss.o
    0x20005823   0x00000005   Data   RO         1119    .constdata          diss.o
    0x20005828   0x00000005   Data   RO         1120    .constdata          diss.o
    0x2000582d   0x00000005   Data   RO         1121    .constdata          diss.o
    0x20005832   0x00000005   Data   RO         1122    .constdata          diss.o
    0x20005837   0x00000001   PAD
    0x20005838   0x00000010   Data   RO         1123    .constdata          diss.o
    0x20005848   0x00000008   Data   RO         1163    .constdata          diss_task.o
    0x20005850   0x00000010   Data   RO         1164    .constdata          diss_task.o
    0x20005860   0x00000008   Data   RO         1165    .constdata          diss_task.o
    0x20005868   0x00000018   Data   RO         1166    .constdata          diss_task.o
    0x20005880   0x00000008   Data   RO         1167    .constdata          diss_task.o
    0x20005888   0x00000002   Data   RO         1603    .constdata          spotar.o
    0x2000588a   0x00000010   Data   RO         1604    .constdata          spotar.o
    0x2000589a   0x00000010   Data   RO         1605    .constdata          spotar.o
    0x200058aa   0x00000010   Data   RO         1606    .constdata          spotar.o
    0x200058ba   0x00000010   Data   RO         1607    .constdata          spotar.o
    0x200058ca   0x00000010   Data   RO         1608    .constdata          spotar.o
    0x200058da   0x00000010   Data   RO         1609    .constdata          spotar.o
    0x200058ea   0x00000002   PAD
    0x200058ec   0x00000010   Data   RO         1610    .constdata          spotar.o
    0x200058fc   0x00000008   Data   RO         1636    .constdata          spotar_task.o
    0x20005904   0x00000008   Data   RO         1637    .constdata          spotar_task.o
    0x2000590c   0x00000018   Data   RO         1638    .constdata          spotar_task.o
    0x20005924   0x00000008   Data   RO         1639    .constdata          spotar_task.o
    0x2000592c   0x00000018   Data   RO         1640    .constdata          spotar_task.o
    0x20005944   0x00000008   Data   RO         1641    .constdata          spotar_task.o
    0x2000594c   0x00000010   Data   RO         1659    .constdata          sample128.o
    0x2000595c   0x00000010   Data   RO         1660    .constdata          sample128.o
    0x2000596c   0x00000010   Data   RO         1661    .constdata          sample128.o
    0x2000597c   0x00000010   Data   RO         1662    .constdata          sample128.o
    0x2000598c   0x00000008   Data   RO         1687    .constdata          sample128_task.o
    0x20005994   0x00000008   Data   RO         1688    .constdata          sample128_task.o
    0x2000599c   0x00000010   Data   RO         1689    .constdata          sample128_task.o
    0x200059ac   0x00000008   Data   RO         1690    .constdata          sample128_task.o
    0x200059b4   0x00000018   Data   RO         1691    .constdata          sample128_task.o
    0x200059cc   0x00000008   Data   RO         1692    .constdata          sample128_task.o
    0x200059d4   0x00000010   Data   RO         1718    .constdata          app.o
    0x200059e4   0x000000c8   Data   RO         1774    .constdata          app_task.o
    0x20005aac   0x00000008   Data   RO         1775    .constdata          app_task.o
    0x20005ab4   0x00000040   Data   RO         1976    Region$$Table       anon$$obj.o
    0x20005af4   0x00000013   Data   RW         1611    .data               spotar.o
    0x20005b07   0x00000013   Data   RW         1612    .data               spotar.o
    0x20005b1a   0x00000013   Data   RW         1613    .data               spotar.o
    0x20005b2d   0x00000013   Data   RW         1614    .data               spotar.o
    0x20005b40   0x00000013   Data   RW         1615    .data               spotar.o
    0x20005b53   0x00000013   Data   RW         1616    .data               spotar.o
    0x20005b66   0x00000013   Data   RW         1663    .data               sample128.o
    0x20005b79   0x00000013   Data   RW         1664    .data               sample128.o
    0x20005b8c   0x00000001   Data   RW         1881    .data               app_proxr_proj.o
    0x20005b8d   0x0000000f   Data   RW         1882    .data               app_proxr_proj.o
    0x20005b9c   0x00000150   Zero   RW         1908    spotar_patch_area   app_spotar.o


    Execution Region RW_IRAM50 (Base: 0x20008000, Size: 0x000000c8, Max: 0x00000bf4, ABSOLUTE)

    Base Addr    Size         Type   Attr      Idx    E Section Name        Object

    0x20008000   0x00000001   Zero   RW          118    retention_mem_area0  arch_main.o
    0x20008001   0x00000004   Zero   RW          473    retention_mem_area0  arch_sleep.o
    0x20008005   0x00000003   PAD
    0x20008008   0x00000014   Zero   RW          607    retention_mem_area0  arch_system.o
    0x2000801c   0x00000008   Zero   RW          751    retention_mem_area0  wkupct_quadec.o
    0x20008024   0x0000001c   Zero   RW          867    retention_mem_area0  uart2.o
    0x20008040   0x00000006   Zero   RW          958    retention_mem_area0  nvds.o
    0x20008046   0x00000001   Zero   RW          993    retention_mem_area0  rwble.o
    0x20008047   0x00000001   PAD
    0x20008048   0x00000012   Zero   RW         1124    retention_mem_area0  diss.o
    0x2000805a   0x00000001   Zero   RW         1168    retention_mem_area0  diss_task.o
    0x2000805b   0x00000001   PAD
    0x2000805c   0x00000008   Zero   RW         1617    retention_mem_area0  spotar.o
    0x20008064   0x00000001   Zero   RW         1642    retention_mem_area0  spotar_task.o
    0x20008065   0x00000001   PAD
    0x20008066   0x0000000a   Zero   RW         1665    retention_mem_area0  sample128.o
    0x20008070   0x00000001   Zero   RW         1693    retention_mem_area0  sample128_task.o
    0x20008071   0x00000001   PAD
    0x20008072   0x0000000c   Zero   RW         1719    retention_mem_area0  app.o
    0x2000807e   0x00000024   Zero   RW         1741    retention_mem_area0  app_sec.o
    0x200080a2   0x00000001   Zero   RW         1776    retention_mem_area0  app_task.o
    0x200080a3   0x00000001   PAD
    0x200080a4   0x00000024   Zero   RW         1907    retention_mem_area0  app_spotar.o


    Execution Region RW_IRAM51 (Base: 0x20008bf4, Size: 0x0000040c, Max: 0x0000040c, ABSOLUTE, UNINIT)

    Base Addr    Size         Type   Attr      Idx    E Section Name        Object

    0x20008bf4   0x0000040c   Zero   RW          404    heap_mem_area_not_ret  jump_table.o


    Execution Region RW_IRAM52 (Base: 0x20009000, Size: 0x00000020, Max: 0x00000020, ABSOLUTE)

    Base Addr    Size         Type   Attr      Idx    E Section Name        Object

    0x20009000   0x00000020   Zero   RW            1    RW_IRAM52.bss       anon$$obj.o


    Execution Region RW_IRAM53 (Base: 0x20009020, Size: 0x000000fc, Max: 0x000001e0, ABSOLUTE)

    Base Addr    Size         Type   Attr      Idx    E Section Name        Object

    0x20009020   0x000000bc   Zero   RW          673    .bss                gpio.o
    0x200090dc   0x00000010   Zero   RW          817    .bss                spi_flash.o
    0x200090ec   0x00000002   Zero   RW          837    .bss                spi.o
    0x200090ee   0x00000002   Zero   RW          853    .bss                i2c_eeprom.o
    0x200090f0   0x00000023   Zero   RW         1873    .bss                app_proxr_proj.o
    0x20009113   0x00000005   Zero   RW         1874    .bss                app_proxr_proj.o
    0x20009118   0x00000001   Zero   RW         1875    .bss                app_proxr_proj.o
    0x20009119   0x00000001   Zero   RW         1879    .bss                app_proxr_proj.o
    0x2000911a   0x00000002   Zero   RW         1880    .bss                app_proxr_proj.o


    Execution Region RW_IRAM54 (Base: 0x20009200, Size: 0x00000600, Max: 0x00000600, ABSOLUTE, UNINIT)

    Base Addr    Size         Type   Attr      Idx    E Section Name        Object

    0x20009200   0x00000600   Zero   RW           50    STACK               boot_vectors.o



  Load Region LR_RETENTION_RAM2 (Base: 0x00080768, Size: 0x00000000, Max: 0x00002898, ABSOLUTE)

    Execution Region ZI_RET20 (Base: 0x00080768, Size: 0x00000a8c, Max: 0x000022b8, ABSOLUTE, UNINIT)

    Base Addr    Size         Type   Attr      Idx    E Section Name        Object

    0x00080768   0x0000040c   Zero   RW          402    heap_db_area        jump_table.o
    0x00080b74   0x00000154   Zero   RW          403    heap_env_area       jump_table.o
    0x00080cc8   0x0000052c   Zero   RW          405    heap_msg_area       jump_table.o


    Execution Region ZI_RET21 (Base: 0x00082a20, Size: 0x000005e0, Max: 0x000005e0, ABSOLUTE)

    Base Addr    Size         Type   Attr      Idx    E Section Name        Object

    0x00082a20   0x000005de   Zero   RW          117    BLE_exchange_memory  arch_main.o


==============================================================================

Image component sizes


      Code (inc. data)   RO Data    RW Data    ZI Data      Debug   Object Name

       304         20         16          0         12       3724   app.o
        64          4          0          0          0       1421   app_dis.o
       400         62          0          0          0       2014   app_dis_task.o
      1332         98          0         16         44      10471   app_proxr_proj.o
       176         22          0          0         36       2599   app_sec.o
       292         28          0          0          0       2028   app_sec_task.o
      2376         60          0          0        372      10578   app_spotar.o
       352         12          0          0          0       2567   app_spotar_task.o
       316          8        208          0          1       5064   app_task.o
       880        136         54          0       1503     157171   arch_main.o
       272         20          0          0          4       4308   arch_sleep.o
       724         64          0          0         20      82194   arch_system.o
       236         18          0          0          0         72   atts_task.obj
       108         22        160          0       1536        736   boot_vectors.o
       196         12          0          0          0        108   ch_map.obj
       164         14        291          0         18       5709   diss.o
       252         12         64          0          1       3712   diss_task.o
         0          0        100          0          0       1088   gapm.o
       384         38          0          0          0        112   gapm_util.obj
       732         64          8          0        188      13763   gpio.o
        92          8          0          0          0      93658   hardfault_handler.o
       632          8          0          0          2       4726   i2c_eeprom.o
         2          0        352          0       3736       2808   jump_table.o
       184         18          0          0          0         96   ke_task.obj
       140         16          0          0          0       8989   nmi_handler.o
       632         30        164          0          6       2379   nvds.o
       632         34          0          0          0      24562   periph_setup.o
       248          4          0          0          0       5955   prf_utils.o
       744        176          0          0          0      64668   rf_580.o
       428         40          0          0          1      63293   rwble.o
       392         46          0          0          0      62986   rwip.o
       220         10         64         38         10       4909   sample128.o
       660         32         72          0          1       7684   sample128_task.o
       236          8          0          0          0        136   smpc.obj
       524          6          0          0          0         84   smpc_task.obj
       328          8          0          0          2       2551   spi.o
      1216         18         60          0         16      10738   spi_flash.o
       124         14        114        114          8       5476   spotar.o
      1116         74         80          0          1       5742   spotar_task.o
        84         14          0          0          0     100361   system_armcm0.o
       716         76          0          0         28      19751   uart2.o
       272         26          0          0          8       9729   wkupct_quadec.o

    ----------------------------------------------------------------------
     20456       1804       1876        168       7596     810720   Object Totals
      1272        424         64          0         32          0   (incl. Generated)
         2          0          5          0         10          0   (incl. Padding)

    ----------------------------------------------------------------------

      Code (inc. data)   RO Data    RW Data    ZI Data      Debug   Library Member Name

         0          0          0          0          0          0   entry.o
         0          0          0          0          0          0   entry10a.o
         0          0          0          0          0          0   entry11a.o
         8          4          0          0          0          0   entry2.o
         4          0          0          0          0          0   entry5.o
         0          0          0          0          0          0   entry7b.o
         0          0          0          0          0          0   entry8b.o
         8          4          0          0          0          0   entry9a.o
        30          0          0          0          0          0   handlers.o
        36          8          0          0          0         68   init.o
        56          0          0          0          0         68   d2f.o
        40          0          0          0          0         60   f2d.o
       124          0          0          0          0         72   fdiv.o
       130          0          0          0          0        144   fepilogue.o
        40          0          0          0          0         60   ffixui.o
        14          0          0          0          0         68   ffltui.o
       122          0          0          0          0         72   fmul.o
        24          0          0          0          0         60   fscalb.o

    ----------------------------------------------------------------------
       640         16          0          0          0        672   Library Totals
         4          0          0          0          0          0   (incl. Padding)

    ----------------------------------------------------------------------

      Code (inc. data)   RO Data    RW Data    ZI Data      Debug   Library Name

        86         16          0          0          0         68   mc_p.l
       550          0          0          0          0        604   mf_p.l

    ----------------------------------------------------------------------
       640         16          0          0          0        672   Library Totals

    ----------------------------------------------------------------------

==============================================================================


      Code (inc. data)   RO Data    RW Data    ZI Data      Debug   

     21096       1820       1876        168       7596     807672   Grand Totals
     21096       1820       1876        168       7596     807672   ELF Image Totals
     21096       1820       1876        168          0          0   ROM Totals

==============================================================================

    Total RO  Size (Code + RO Data)                22972 (  22.43kB)
    Total RW  Size (RW Data + ZI Data)              7764 (   7.58kB)
    Total ROM Size (Code + RO Data + RW Data)      23140 (  22.60kB)

==============================================================================

