<html>
<body>
<pre>
<h1>µVision Build Log</h1>
<h2>Tool Versions:</h2>
IDE-Version: ¦ÌVision V5.12.0.0
Copyright (C) 2014 ARM Ltd and ARM Germany GmbH. All rights reserved.
License Information: cui cui, cui, LIC=6XJHL-0D7MN-66EQS-LJE46-3PT1B-6BZE4
 
Tool Versions:
Toolchain:       MDK-ARM Professional  Version: 5.12.0.0
Toolchain Path:  D:\Keil_v5\ARM\ARMCC\Bin
C Compiler:      Armcc.exe V5.05 (build 41)
Assembler:       Armasm.exe V5.05 (build 41)
Linker/Locator:  ArmLink.exe V5.05 (build 41)
Library Manager: ArmAr.exe V5.05 (build 41)
Hex Converter:   FromElf.exe V5.05 (build 41)
CPU DLL:         SARMCM3.DLL V5.12.0.0
Dialog DLL:      DARMCM1.DLL V1.11.00.0
    Target DLL: Segger\JL2CM3.dll
Dialog DLL:      TARMCM1.DLL V1.08.00.0
 
<h2>Project:</h2>
E:\Project\DA1458x_SDK_3.0.6\dk_apps\keil_projects\prod_test\prod_test_ES5\prod_es5.uvproj
Project File Date:  04/02/2015

<h2>Output:</h2>
Rebuild target 'Full_emb_cortex_M0'
compiling system_ARMCM0.c...
assembling boot_vectors.s...
compiling arch_main.c...
..\..\..\src\plf\refip\src\arch\main\ble\arch_main.c(117): warning:  #1215-D: #warning directive: "==============================================================> DEVELOPMENT_DEBUG is set!"
      #warning "==============================================================> DEVELOPMENT_DEBUG is set!"
..\..\..\src\plf\refip\src\arch\main\ble\arch_main.c: 1 warning, 0 errors
compiling jump_table.c...
compiling nmi_handler.c...
compiling arch_sleep.c...
compiling hardfault_handler.c...
compiling periph_setup.c...
compiling arch_system.c...
compiling rf_580.c...
compiling adc.c...
compiling gpio.c...
..\..\..\src\plf\refip\src\driver\gpio\gpio.c(59): warning:  #1215-D: #warning directive: "GPIO assignment checking is active! Deactivate before burning OTP..."
  #warning "GPIO assignment checking is active! Deactivate before burning OTP..."
..\..\..\src\plf\refip\src\driver\gpio\gpio.c: 1 warning, 0 errors
compiling gapm.c...
compiling nvds.c...
compiling rwble.c...
compiling rwip.c...
compiling customer_prod.c...
compiling custom_lld_evt.c...
compiling custom_lld_data.c...
compiling custom_lld.c...
compiling custom_gtl_eif.c...
compiling custom_gtl_hci.c...
compiling xtal_cal.c...
assembling pulse.s...
linking...
..\..\..\scatterfiles\scatterfile_common.sct(330): warning: L6314W: No section matches pattern app_spotar.o(spotar_patch_area).
Program Size: Code=20756 RO-data=900 RW-data=132 ZI-data=7024  
Finished: 0 information, 1 warning and 0 error messages.
FromELF: creating hex file...
".\out\cust_prod_test_ES5.axf" - 0 Error(s), 3 Warning(s).
</pre>
</body>
</html>
