<html>
<body>
<pre>
<h1>µVision Build Log</h1>
<h2>Tool Versions:</h2>
IDE-Version: ¦ÌVision V5.12.0.0
Copyright (C) 2014 ARM Ltd and ARM Germany GmbH. All rights reserved.
License Information: cui cui, cui, LIC=6XJHL-0D7MN-66EQS-LJE46-3PT1B-6BZE4
 
Tool Versions:
Toolchain:       MDK-ARM Professional  Version: 5.12.0.0
Toolchain Path:  D:\Keil_v5\ARM\ARMCC\Bin
C Compiler:      Armcc.exe V5.05 (build 41)
Assembler:       Armasm.exe V5.05 (build 41)
Linker/Locator:  ArmLink.exe V5.05 (build 41)
Library Manager: ArmAr.exe V5.05 (build 41)
Hex Converter:   FromElf.exe V5.05 (build 41)
CPU DLL:         SARMCM3.DLL V5.12.0.0
Dialog DLL:      DARMCM1.DLL V1.11.00.0
    Target DLL: Segger\JL2CM3.dll
Dialog DLL:      TARMCM1.DLL V1.08.00.0
 
<h2>Project:</h2>
E:\Project\DA1458x_SDK_3.0.6_B1\dk_apps\keil_projects\xAPP\xAPP\xAPP.uvproj
Project File Date:  04/10/2015

<h2>Output:</h2>
Build target 'Full_emb_cortex_M0'
linking...
Program Size: Code=15300 RO-data=1564 RW-data=48 ZI-data=7180  
FromELF: creating hex file...
".\out\sysram.axf" - 0 Error(s), 0 Warning(s).
</pre>
</body>
</html>
arning:  #1215-D: #warning directive: "==============================================================> DEVELOPMENT_DEBUG is set!"
      #warning "==============================================================> DEVELOPMENT_DEBUG is set!"
..\..\..\src\plf\refip\src\arch\main\ble\arch_main.c: 1 warning, 0 errors
compiling jump_table.c...
compiling arch_sleep.c...
compiling nmi_handler.c...
compiling periph_setup.c...
compiling arch_system.c...
compiling rf_580.c...
compiling gpio.c...
..\..\..\src\plf\refip\src\driver\gpio\gpio.c(59): warning:  #1215-D: #warning directive: "GPIO assignment checking is active! Deactivate before burning OTP..."
  #warning "GPIO assignment checking is active! Deactivate before burning OTP..."
..\..\..\src\plf\refip\src\driver\gpio\gpio.c: 1 warning, 0 errors
compiling uart2.c...
..\..\..\src\plf\refip\src\driver\uart\uart2.c(212): warning:  #223-D: function "sample128_C2_val_Change" declared implicitly
                                                                sample128_C2_val_Change();
..\..\..\src\plf\refip\src\driver\uart\uart2.c(141): warning:  #177-D: function "uart2_rec_data_avail_isr" was declared but never referenced
  static void uart2_rec_data_avail_isr(void)
..\..\..\src\plf\refip\src\driver\uart\uart2.c: 2 warnings, 0 errors
compiling gapm.c...
compiling nvds.c...
compiling rwip.c...
compiling rwble.c...
compiling accel.c...
compiling accel_task.c...
compiling basc.c...
compiling basc_task.c...
compiling bass.c...
compiling bass_task.c...
compiling blpc.c...
compiling blpc_task.c...
compiling blps.c...
compiling blps_task.c...
compiling disc.c...
compiling disc_task.c...
compiling diss.c...
compiling diss_task.c...
compiling findt.c...
compiling findt_task.c...
compiling hogpbh.c...
compiling hogpbh_task.c...
compiling hogpd.c...
compiling hogpd_task.c...
compiling hogprh.c...
compiling hogprh_task.c...
compiling hrpc.c...
compiling hrpc_task.c...
compiling hrps.c...
compiling hrps_task.c...
compiling htpc.c...
compiling htpc_task.c...
compiling htpt.c...
compiling htpt_task.c...
compiling proxm.c...
compiling proxm_task.c...
compiling proxr.c...
compiling proxr_task.c...
compiling scppc.c...
compiling scppc_task.c...
compiling scpps.c...
compiling scpps_task.c...
compiling prf_utils.c...
compiling anpc.c...
compiling anpc_task.c...
compiling anps.c...
compiling anps_task.c...
compiling cscpc.c...
compiling cscpc_task.c...
compiling cscps.c...
compiling glpc.c...
compiling glpc_task.c...
compiling glps.c...
compiling glps_task.c...
compiling paspc.c...
compiling paspc_task.c...
compiling pasps.c...
compiling cscps_task.c...
compiling pasps_task.c...
compiling rscpc.c...
compiling rscpc_task.c...
compiling rscps.c...
compiling rscps_task.c...
compiling tipc.c...
compiling tipc_task.c...
compiling tips.c...
compiling tips_task.c...
compiling findl.c...
compiling findl_task.c...
compiling cppc.c...
compiling cppc_task.c...
compiling cpps.c...
compiling cpps_task.c...
compiling lanc.c...
compiling lanc_task.c...
compiling lans.c...
compiling lans_task.c...
compiling sample128.c...
compiling sample128_task.c...
compiling app.c...
compiling app_sec.c...
compiling app_sec_task.c...
compiling app_task.c...
compiling app_xAPP_proj.c...
..\..\..\src\modules\app\src\app_project\xAPP\app_xAPP_proj.c(927): warning:  #223-D: function "uart2_write" declared implicitly
        uart2_write("Hello",strlen("Hello"),NULL);
..\..\..\src\modules\app\src\app_project\xAPP\app_xAPP_proj.c(961): warning:  #223-D: function "uart2_write" declared implicitly
                uart2_write("wakeup",strlen("wakeup"),NULL);
..\..\..\src\modules\app\src\app_project\xAPP\app_xAPP_proj.c(962): warning:  #223-D: function "uart2_read" declared implicitly
                uart2_read(&Sample_LED_Blink,1,NULL);
..\..\..\src\modules\app\src\app_project\xAPP\app_xAPP_proj.c(970): warning:  #186-D: pointless comparison of unsigned integer with zero
        if((bHex>=0)&&(bHex<=9))
..\..\..\src\modules\app\src\app_project\xAPP\app_xAPP_proj.c: 4 warnings, 0 errors
compiling app_console.c...
compiling app_dis.c...
compiling app_dis_task.c...
linking...
Program Size: Code=15300 RO-data=1564 RW-data=48 ZI-data=7180  
FromELF: creating hex file...
".\out\full_emb_sysram.axf" - 0 Error(s), 8 Warning(s).
Error: Target DLL has been cancelled. Debugger aborted !
