Component: ARM Compiler 5.05 (build 41) Tool: armlink [4d0eb9]

==============================================================================

Section Cross References

    boot_vectors.o(RESET) refers to boot_vectors.o(STACK) for __initial_sp
    boot_vectors.o(RESET) refers to boot_vectors.o(.text) for Reset_Handler
    boot_vectors.o(RESET) refers to rwble.o(.text) for BLE_WAKEUP_LP_Handler
    boot_vectors.o(RESET) refers to gpio.o(.text) for GPIO0_Handler
    boot_vectors.o(.text) refers to system_armcm0.o(.text) for SystemInit
    boot_vectors.o(.text) refers to entry.o(.ARM.Collect$$$$00000000) for __main
    boot_vectors.o(.text) refers to nmi_handler.o(.text) for NMI_HandlerC
    boot_vectors.o(.text) refers to hardfault_handler.o(.text) for HardFault_HandlerC
    boot_vectors.o(.text) refers to arch_main.o(.text) for SVC_Handler_c
    arch_main.o(.text) refers to customer_prod.o(.text) for set_state_start_tx
    arch_main.o(.text) refers to arch_system.o(.text) for set_sleep_delay
    arch_main.o(.text) refers to gpio.o(i.GPIO_init) for GPIO_init
    arch_main.o(.text) refers to periph_setup.o(.text) for periph_init
    arch_main.o(.text) refers to nvds.o(.text) for nvds_read_bdaddr_from_otp
    arch_main.o(.text) refers to rf_580.o(.text) for iq_trim_from_otp
    arch_main.o(.text) refers to arch_sleep.o(.text) for app_set_deep_sleep
    arch_main.o(.text) refers to rwip.o(.text) for rwip_sleep
    arch_main.o(.text) refers to customer_prod.o(.data) for test_state
    arch_main.o(.text) refers to arch_main.o(.data) for temp_count_check_value
    arch_main.o(.text) refers to arch_main.o(.constdata) for patch_table
    arch_main.o(.text) refers to arch_main.o(retention_mem_area0) for sys_startup_flag
    arch_main.o(.text) refers to arch_main.o(BLE_exchange_memory) for descript
    arch_main.o(.text) refers to arch_system.o(retention_mem_area0) for lp_clk_sel
    arch_main.o(.text) refers to jump_table.o(jump_table_mem_area) for jump_table_base
    arch_main.o(.constdata) refers to arch_main.o(.text) for my_gtl_msg_send_handler
    arch_main.o(.constdata) refers to atts_task.obj(.text) for l2cc_pdu_recv_ind_handler
    arch_main.o(.constdata) refers to smpc.obj(.text) for smpc_send_pairing_req_ind
    arch_main.o(.constdata) refers to smpc_task.obj(.text) for smpc_pairing_cfm_handler
    arch_main.o(.constdata) refers to ch_map.obj(.text) for my_llc_con_update_req_ind
    arch_main.o(.constdata) refers to gapm_util.obj(.text) for patched_gapm_adv_op_sanity
    arch_main.o(.data) refers to arch_main.o(.constdata) for my_gtl_default_state
    jump_table.o(jump_table_mem_area) refers to arch_main.o(.text) for main_func
    jump_table.o(jump_table_mem_area) refers to rf_580.o(.text) for rf_init_func
    jump_table.o(jump_table_mem_area) refers to jump_table.o(.text) for dummyf
    jump_table.o(jump_table_mem_area) refers to arch_system.o(.text) for uart_flow_off_func
    jump_table.o(jump_table_mem_area) refers to rwble.o(.text) for lld_sleep_compensate_func_patched
    jump_table.o(jump_table_mem_area) refers to jump_table.o(heap_mem_area_not_ret) for rwip_heap_non_ret
    jump_table.o(jump_table_mem_area) refers to jump_table.o(heap_env_area) for rwip_heap_env_ret
    jump_table.o(jump_table_mem_area) refers to jump_table.o(heap_db_area) for rwip_heap_db_ret
    jump_table.o(jump_table_mem_area) refers to jump_table.o(heap_msg_area) for rwip_heap_msg_ret
    jump_table.o(jump_table_mem_area) refers to custom_lld_evt.o(.text) for lld_evt_init_func
    jump_table.o(jump_table_mem_area) refers to custom_gtl_eif.o(.text) for gtl_eif_init_func
    jump_table.o(jump_table_mem_area) refers to ke_task.obj(.text) for ke_task_init_func
    jump_table.o(jump_table_mem_area) refers to nvds.o(.text) for custom_nvds_get_func
    jump_table.o(jump_table_mem_area) refers to custom_gtl_hci.o(.text) for gtl_hci_rx_header_func
    jump_table.o(jump_table_mem_area) refers to arch_main.o(.constdata) for LUT_CFG
    jump_table.o(jump_table_mem_area) refers to custom_lld.o(.text) for lld_test_stop_func
    arch_sleep.o(.text) refers to arch_sleep.o(retention_mem_area0) for sleep_md
    arch_sleep.o(.text) refers to rwble.o(retention_mem_area0) for rwble_last_event
    periph_setup.o(.text) refers to gpio.o(i.GPIO_ConfigurePin) for GPIO_ConfigurePin
    periph_setup.o(.text) refers to arch_main.o(.text) for patch_func
    periph_setup.o(.text) refers to gpio.o(.bss) for GPIO
    periph_setup.o(.text) refers to gpio.o(.data) for GPIO_status
    arch_system.o(.text) refers to ffltui.o(.text) for __aeabi_ui2f
    arch_system.o(.text) refers to fdiv.o(.text) for __aeabi_fdiv
    arch_system.o(.text) refers to fmul.o(.text) for __aeabi_fmul
    arch_system.o(.text) refers to ffixui.o(.text) for __aeabi_f2uiz
    arch_system.o(.text) refers to f2d.o(.text) for __aeabi_f2d
    arch_system.o(.text) refers to d2f.o(.text) for __aeabi_d2f
    arch_system.o(.text) refers to arch_system.o(retention_mem_area0) for lp_clk_sel
[...]
    gattc_init_operation                     0x0002b1b7   Thumb Code     0  rom_symdef_ES5_Prod_Test.txt ABSOLUTE
    gattc_get_operation                      0x0002b1d1   Thumb Code     0  rom_symdef_ES5_Prod_Test.txt ABSOLUTE
    gattc_send_complete_evt                  0x0002b1e5   Thumb Code     0  rom_symdef_ES5_Prod_Test.txt ABSOLUTE
    gattc_get_mtu                            0x0002b2d3   Thumb Code     0  rom_symdef_ES5_Prod_Test.txt ABSOLUTE
    gattc_set_mtu                            0x0002b2dd   Thumb Code     0  rom_symdef_ES5_Prod_Test.txt ABSOLUTE
    gattm_svc_get_start_hdl                  0x0002c2e9   Thumb Code     0  rom_symdef_ES5_Prod_Test.txt ABSOLUTE
    gattm_init                               0x0002c2ef   Thumb Code     0  rom_symdef_ES5_Prod_Test.txt ABSOLUTE
    gattm_create                             0x0002c317   Thumb Code     0  rom_symdef_ES5_Prod_Test.txt ABSOLUTE
    gattm_cleanup                            0x0002c31f   Thumb Code     0  rom_symdef_ES5_Prod_Test.txt ABSOLUTE
    gattm_get_max_mtu                        0x0002c327   Thumb Code     0  rom_symdef_ES5_Prod_Test.txt ABSOLUTE
    gattm_set_max_mtu                        0x0002c32d   Thumb Code     0  rom_symdef_ES5_Prod_Test.txt ABSOLUTE
    l2cc_cleanup                             0x0002c479   Thumb Code     0  rom_symdef_ES5_Prod_Test.txt ABSOLUTE
    l2cc_init                                0x0002c4a9   Thumb Code     0  rom_symdef_ES5_Prod_Test.txt ABSOLUTE
    l2cc_create                              0x0002c4e5   Thumb Code     0  rom_symdef_ES5_Prod_Test.txt ABSOLUTE
    l2cc_update_state                        0x0002c515   Thumb Code     0  rom_symdef_ES5_Prod_Test.txt ABSOLUTE
    l2cm_init                                0x0002c759   Thumb Code     0  rom_symdef_ES5_Prod_Test.txt ABSOLUTE
    l2cm_create                              0x0002c781   Thumb Code     0  rom_symdef_ES5_Prod_Test.txt ABSOLUTE
    l2cm_cleanup                             0x0002c789   Thumb Code     0  rom_symdef_ES5_Prod_Test.txt ABSOLUTE
    l2cm_set_link_layer_buff_size            0x0002c7a9   Thumb Code     0  rom_symdef_ES5_Prod_Test.txt ABSOLUTE
    smpc_regs_push                           0x0002c7b9   Thumb Code     0  rom_symdef_ES5_Prod_Test.txt ABSOLUTE
    smpc_regs_pop                            0x0002c7bb   Thumb Code     0  rom_symdef_ES5_Prod_Test.txt ABSOLUTE
    smpc_clear_timeout_timer                 0x0002c7bd   Thumb Code     0  rom_symdef_ES5_Prod_Test.txt ABSOLUTE
    smpc_cleanup                             0x0002c7e1   Thumb Code     0  rom_symdef_ES5_Prod_Test.txt ABSOLUTE
    smpc_init                                0x0002c841   Thumb Code     0  rom_symdef_ES5_Prod_Test.txt ABSOLUTE
    smpc_create                              0x0002c87d   Thumb Code     0  rom_symdef_ES5_Prod_Test.txt ABSOLUTE
    smpc_init_operation                      0x0002c8ab   Thumb Code     0  rom_symdef_ES5_Prod_Test.txt ABSOLUTE
    smpc_send_cmp_evt                        0x0002c8c1   Thumb Code     0  rom_symdef_ES5_Prod_Test.txt ABSOLUTE
    smpc_send_use_enc_block_cmd              0x0002c935   Thumb Code     0  rom_symdef_ES5_Prod_Test.txt ABSOLUTE
    smpc_send_start_enc_cmd                  0x0002c96d   Thumb Code     0  rom_symdef_ES5_Prod_Test.txt ABSOLUTE
    smpc_send_ltk_req_rsp                    0x0002c9cb   Thumb Code     0  rom_symdef_ES5_Prod_Test.txt ABSOLUTE
    smpc_send_pairing_ind                    0x0002cadb   Thumb Code     0  rom_symdef_ES5_Prod_Test.txt ABSOLUTE
    smpc_launch_rep_att_timer                0x0002cb6f   Thumb Code     0  rom_symdef_ES5_Prod_Test.txt ABSOLUTE
    smpc_check_repeated_attempts             0x0002cbbd   Thumb Code     0  rom_symdef_ES5_Prod_Test.txt ABSOLUTE
    smpc_check_max_key_size                  0x0002cc01   Thumb Code     0  rom_symdef_ES5_Prod_Test.txt ABSOLUTE
    smpc_check_key_distrib                   0x0002cc29   Thumb Code     0  rom_symdef_ES5_Prod_Test.txt ABSOLUTE
    smpc_xor                                 0x0002cc7d   Thumb Code     0  rom_symdef_ES5_Prod_Test.txt ABSOLUTE
    smpc_generate_l                          0x0002cc93   Thumb Code     0  rom_symdef_ES5_Prod_Test.txt ABSOLUTE
    smpc_generate_ci                         0x0002ccdf   Thumb Code     0  rom_symdef_ES5_Prod_Test.txt ABSOLUTE
    smpc_generate_rand                       0x0002cd4b   Thumb Code     0  rom_symdef_ES5_Prod_Test.txt ABSOLUTE
    smpc_generate_e1                         0x0002cd6f   Thumb Code     0  rom_symdef_ES5_Prod_Test.txt ABSOLUTE
    smpc_generate_cfm                        0x0002ce25   Thumb Code     0  rom_symdef_ES5_Prod_Test.txt ABSOLUTE
    smpc_generate_stk                        0x0002cead   Thumb Code     0  rom_symdef_ES5_Prod_Test.txt ABSOLUTE
    smpc_calc_subkeys                        0x0002cf01   Thumb Code     0  rom_symdef_ES5_Prod_Test.txt ABSOLUTE
    smpc_pairing_end                         0x0002cf77   Thumb Code     0  rom_symdef_ES5_Prod_Test.txt ABSOLUTE
    smpc_tkdp_rcp_continue                   0x0002d00b   Thumb Code     0  rom_symdef_ES5_Prod_Test.txt ABSOLUTE
    smpc_tkdp_rcp_start                      0x0002d069   Thumb Code     0  rom_symdef_ES5_Prod_Test.txt ABSOLUTE
    smpc_pdu_send                            0x0002d0ab   Thumb Code     0  rom_symdef_ES5_Prod_Test.txt ABSOLUTE
    smpc_tkdp_send_start                     0x0002d11b   Thumb Code     0  rom_symdef_ES5_Prod_Test.txt ABSOLUTE
    smpc_tkdp_send_continue                  0x0002d199   Thumb Code     0  rom_symdef_ES5_Prod_Test.txt ABSOLUTE
    smpc_get_key_sec_prop                    0x0002d215   Thumb Code     0  rom_symdef_ES5_Prod_Test.txt ABSOLUTE
    smpc_is_sec_mode_reached                 0x0002d28d   Thumb Code     0  rom_symdef_ES5_Prod_Test.txt ABSOLUTE
    smpc_handle_enc_change_evt               0x0002d2b7   Thumb Code     0  rom_symdef_ES5_Prod_Test.txt ABSOLUTE
    smpc_pdu_recv                            0x0002d35d   Thumb Code     0  rom_symdef_ES5_Prod_Test.txt ABSOLUTE
    smpm_init                                0x0002de21   Thumb Code     0  rom_symdef_ES5_Prod_Test.txt ABSOLUTE
    smpm_create                              0x0002de5b   Thumb Code     0  rom_symdef_ES5_Prod_Test.txt ABSOLUTE
    smpm_cleanup                             0x0002de63   Thumb Code     0  rom_symdef_ES5_Prod_Test.txt ABSOLUTE
    smpm_send_cmp_evt                        0x0002de6b   Thumb Code     0  rom_symdef_ES5_Prod_Test.txt ABSOLUTE
    smpm_send_encrypt_req                    0x0002dea3   Thumb Code     0  rom_symdef_ES5_Prod_Test.txt ABSOLUTE
    smpm_send_gen_rand_nb_req                0x0002ded1   Thumb Code     0  rom_symdef_ES5_Prod_Test.txt ABSOLUTE
    smpm_check_addr_type                     0x0002dedf   Thumb Code     0  rom_symdef_ES5_Prod_Test.txt ABSOLUTE
    gapc_init                                0x0002e269   Thumb Code     0  rom_symdef_ES5_Prod_Test.txt ABSOLUTE
    gapc_con_create                          0x0002e2a5   Thumb Code     0  rom_symdef_ES5_Prod_Test.txt ABSOLUTE
    gapc_con_cleanup                         0x0002e385   Thumb Code     0  rom_symdef_ES5_Prod_Test.txt ABSOLUTE
    gapc_send_disconect_ind                  0x0002e395   Thumb Code     0  rom_symdef_ES5_Prod_Test.txt ABSOLUTE
    gapc_get_conidx                          0x0002e3b7   Thumb Code     0  rom_symdef_ES5_Prod_Test.txt ABSOLUTE
    gapc_get_conhdl                          0x0002e3e3   Thumb Code     0  rom_symdef_ES5_Prod_Test.txt ABSOLUTE
    gapc_get_role                            0x0002e3f9   Thumb Code     0  rom_symdef_ES5_Prod_Test.txt ABSOLUTE
    gapc_get_bdaddr                          0x0002e415   Thumb Code     0  rom_symdef_ES5_Prod_Test.txt ABSOLUTE
    gapc_get_csrk                            0x0002e435   Thumb Code     0  rom_symdef_ES5_Prod_Test.txt ABSOLUTE
    gapc_get_sign_counter                    0x0002e453   Thumb Code     0  rom_symdef_ES5_Prod_Test.txt ABSOLUTE
    gapc_send_complete_evt                   0x0002e471   Thumb Code     0  rom_symdef_ES5_Prod_Test.txt ABSOLUTE
    gapc_send_error_evt                      0x0002e4bd   Thumb Code     0  rom_symdef_ES5_Prod_Test.txt ABSOLUTE
    gapc_is_sec_set                          0x0002e4df   Thumb Code     0  rom_symdef_ES5_Prod_Test.txt ABSOLUTE
    gapc_get_enc_keysize                     0x0002e549   Thumb Code     0  rom_symdef_ES5_Prod_Test.txt ABSOLUTE
    gapc_set_enc_keysize                     0x0002e561   Thumb Code     0  rom_symdef_ES5_Prod_Test.txt ABSOLUTE
    gapc_link_encrypted                      0x0002e575   Thumb Code     0  rom_symdef_ES5_Prod_Test.txt ABSOLUTE
    gapc_auth_set                            0x0002e58f   Thumb Code     0  rom_symdef_ES5_Prod_Test.txt ABSOLUTE
    gapc_param_updata_sanity                 0x0002e67b   Thumb Code     0  rom_symdef_ES5_Prod_Test.txt ABSOLUTE
    gapm_init                                0x0002f4f3   Thumb Code     0  rom_symdef_ES5_Prod_Test.txt ABSOLUTE
    gapm_host_init                           0x0002f547   Thumb Code     0  rom_symdef_ES5_Prod_Test.txt ABSOLUTE
    gapm_get_operation                       0x0002f56d   Thumb Code     0  rom_symdef_ES5_Prod_Test.txt ABSOLUTE
    gapm_send_complete_evt                   0x0002f57f   Thumb Code     0  rom_symdef_ES5_Prod_Test.txt ABSOLUTE
    gapm_send_error_evt                      0x0002f5b5   Thumb Code     0  rom_symdef_ES5_Prod_Test.txt ABSOLUTE
    gapm_con_create                          0x0002f5d3   Thumb Code     0  rom_symdef_ES5_Prod_Test.txt ABSOLUTE
    gapm_con_enable                          0x0002f631   Thumb Code     0  rom_symdef_ES5_Prod_Test.txt ABSOLUTE
    gapm_con_cleanup                         0x0002f63d   Thumb Code     0  rom_symdef_ES5_Prod_Test.txt ABSOLUTE
    gapm_get_privacy_flag                    0x00030c7f   Thumb Code     0  rom_symdef_ES5_Prod_Test.txt ABSOLUTE
    gapm_set_recon_addr                      0x00030cab   Thumb Code     0  rom_symdef_ES5_Prod_Test.txt ABSOLUTE
    gapm_adv_op_sanity                       0x00030cef   Thumb Code     0  rom_symdef_ES5_Prod_Test.txt ABSOLUTE
    gapm_set_adv_mode                        0x00030e75   Thumb Code     0  rom_symdef_ES5_Prod_Test.txt ABSOLUTE
    gapm_execute_adv_op                      0x00030e8d   Thumb Code     0  rom_symdef_ES5_Prod_Test.txt ABSOLUTE
    gapm_scan_op_sanity                      0x00030fdd   Thumb Code     0  rom_symdef_ES5_Prod_Test.txt ABSOLUTE
    gapm_set_scan_mode                       0x000310b5   Thumb Code     0  rom_symdef_ES5_Prod_Test.txt ABSOLUTE
    gapm_execute_scan_op                     0x000310d1   Thumb Code     0  rom_symdef_ES5_Prod_Test.txt ABSOLUTE
    gapm_connect_op_sanity                   0x00031175   Thumb Code     0  rom_symdef_ES5_Prod_Test.txt ABSOLUTE
    gapm_execute_connect_op                  0x000312b9   Thumb Code     0  rom_symdef_ES5_Prod_Test.txt ABSOLUTE
    gapm_get_role                            0x0003142d   Thumb Code     0  rom_symdef_ES5_Prod_Test.txt ABSOLUTE
    gapm_get_recon_addr                      0x00031433   Thumb Code     0  rom_symdef_ES5_Prod_Test.txt ABSOLUTE
    gapm_set_privacy_flag                    0x00031473   Thumb Code     0  rom_symdef_ES5_Prod_Test.txt ABSOLUTE
    gapm_get_ad_type_flag                    0x0003149f   Thumb Code     0  rom_symdef_ES5_Prod_Test.txt ABSOLUTE
    gapm_add_to_filter                       0x000314c5   Thumb Code     0  rom_symdef_ES5_Prod_Test.txt ABSOLUTE
    gapm_is_filtered                         0x00031529   Thumb Code     0  rom_symdef_ES5_Prod_Test.txt ABSOLUTE
    gapm_update_air_op_state                 0x0003157f   Thumb Code     0  rom_symdef_ES5_Prod_Test.txt ABSOLUTE
    gapm_get_irk                             0x00031635   Thumb Code     0  rom_symdef_ES5_Prod_Test.txt ABSOLUTE
    gapm_get_bdaddr                          0x0003163b   Thumb Code     0  rom_symdef_ES5_Prod_Test.txt ABSOLUTE
    l2cc_pdu_pack                            0x0003164d   Thumb Code     0  rom_symdef_ES5_Prod_Test.txt ABSOLUTE
    l2cc_pdu_unpack                          0x000318f3   Thumb Code     0  rom_symdef_ES5_Prod_Test.txt ABSOLUTE
    l2cc_detect_dest                         0x00031b2d   Thumb Code     0  rom_symdef_ES5_Prod_Test.txt ABSOLUTE
    smpc_check_param                         0x00031b95   Thumb Code     0  rom_symdef_ES5_Prod_Test.txt ABSOLUTE
    ke_init                                  0x0003200d   Thumb Code     0  rom_symdef_ES5_Prod_Test.txt ABSOLUTE
    ke_flush                                 0x00032039   Thumb Code     0  rom_symdef_ES5_Prod_Test.txt ABSOLUTE
    ke_sleep_check                           0x00032079   Thumb Code     0  rom_symdef_ES5_Prod_Test.txt ABSOLUTE
    ke_event_init                            0x00032091   Thumb Code     0  rom_symdef_ES5_Prod_Test.txt ABSOLUTE
    ke_event_callback_set                    0x0003209d   Thumb Code     0  rom_symdef_ES5_Prod_Test.txt ABSOLUTE
    ke_event_set                             0x000320b1   Thumb Code     0  rom_symdef_ES5_Prod_Test.txt ABSOLUTE
    ke_event_clear                           0x000320dd   Thumb Code     0  rom_symdef_ES5_Prod_Test.txt ABSOLUTE
    ke_event_get                             0x00032109   Thumb Code     0  rom_symdef_ES5_Prod_Test.txt ABSOLUTE
    ke_event_get_all                         0x0003212f   Thumb Code     0  rom_symdef_ES5_Prod_Test.txt ABSOLUTE
    ke_event_flush                           0x00032135   Thumb Code     0  rom_symdef_ES5_Prod_Test.txt ABSOLUTE
    ke_event_schedule                        0x0003213d   Thumb Code     0  rom_symdef_ES5_Prod_Test.txt ABSOLUTE
    ke_mem_init                              0x0003218d   Thumb Code     0  rom_symdef_ES5_Prod_Test.txt ABSOLUTE
    ke_mem_is_empty                          0x000321d7   Thumb Code     0  rom_symdef_ES5_Prod_Test.txt ABSOLUTE
    ke_malloc                                0x00032215   Thumb Code     0  rom_symdef_ES5_Prod_Test.txt ABSOLUTE
    ke_free                                  0x000322d7   Thumb Code     0  rom_symdef_ES5_Prod_Test.txt ABSOLUTE
    ke_msg_alloc                             0x000323b1   Thumb Code     0  rom_symdef_ES5_Prod_Test.txt ABSOLUTE
    ke_msg_send                              0x000323e1   Thumb Code     0  rom_symdef_ES5_Prod_Test.txt ABSOLUTE
    ke_msg_send_basic                        0x0003240d   Thumb Code     0  rom_symdef_ES5_Prod_Test.txt ABSOLUTE
    ke_msg_forward                           0x0003241b   Thumb Code     0  rom_symdef_ES5_Prod_Test.txt ABSOLUTE
    ke_msg_forward_new_id                    0x00032425   Thumb Code     0  rom_symdef_ES5_Prod_Test.txt ABSOLUTE
    ke_msg_free                              0x00032435   Thumb Code     0  rom_symdef_ES5_Prod_Test.txt ABSOLUTE
    ke_queue_extract                         0x00032441   Thumb Code     0  rom_symdef_ES5_Prod_Test.txt ABSOLUTE
    ke_queue_insert                          0x0003247f   Thumb Code     0  rom_symdef_ES5_Prod_Test.txt ABSOLUTE
    ke_task_init                             0x0003256d   Thumb Code     0  rom_symdef_ES5_Prod_Test.txt ABSOLUTE
    ke_task_create                           0x00032587   Thumb Code     0  rom_symdef_ES5_Prod_Test.txt ABSOLUTE
    ke_task_delete                           0x000325e1   Thumb Code     0  rom_symdef_ES5_Prod_Test.txt ABSOLUTE
    ke_state_set                             0x00032631   Thumb Code     0  rom_symdef_ES5_Prod_Test.txt ABSOLUTE
    ke_state_get                             0x000326b3   Thumb Code     0  rom_symdef_ES5_Prod_Test.txt ABSOLUTE
    ke_msg_discard                           0x000326e3   Thumb Code     0  rom_symdef_ES5_Prod_Test.txt ABSOLUTE
    ke_msg_save                              0x000326e7   Thumb Code     0  rom_symdef_ES5_Prod_Test.txt ABSOLUTE
    ke_task_handler_get                      0x000326eb   Thumb Code     0  rom_symdef_ES5_Prod_Test.txt ABSOLUTE
    ke_timer_init                            0x00032813   Thumb Code     0  rom_symdef_ES5_Prod_Test.txt ABSOLUTE
    ke_timer_init_func                       0x00032819   Thumb Code     0  rom_symdef_ES5_Prod_Test.txt ABSOLUTE
    ke_timer_set                             0x00032825   Thumb Code     0  rom_symdef_ES5_Prod_Test.txt ABSOLUTE
    ke_timer_clear                           0x000328a5   Thumb Code     0  rom_symdef_ES5_Prod_Test.txt ABSOLUTE
    ke_timer_active                          0x000328fb   Thumb Code     0  rom_symdef_ES5_Prod_Test.txt ABSOLUTE
    ke_timer_sleep_check                     0x00032921   Thumb Code     0  rom_symdef_ES5_Prod_Test.txt ABSOLUTE
    nvds_get                                 0x000329d1   Thumb Code     0  rom_symdef_ES5_Prod_Test.txt ABSOLUTE
    nvds_get_func                            0x000329d7   Thumb Code     0  rom_symdef_ES5_Prod_Test.txt ABSOLUTE
    nvds_init                                0x00032bcf   Thumb Code     0  rom_symdef_ES5_Prod_Test.txt ABSOLUTE
    rwble_hl_init                            0x00032be5   Thumb Code     0  rom_symdef_ES5_Prod_Test.txt ABSOLUTE
    rwble_hl_send_message                    0x00032c0b   Thumb Code     0  rom_symdef_ES5_Prod_Test.txt ABSOLUTE
    ble_regs_push                            0x00032c0d   Thumb Code     0  rom_symdef_ES5_Prod_Test.txt ABSOLUTE
    ble_regs_pop                             0x00032c65   Thumb Code     0  rom_symdef_ES5_Prod_Test.txt ABSOLUTE
    rf_reinit                                0x00032cc3   Thumb Code     0  rom_symdef_ES5_Prod_Test.txt ABSOLUTE
    rwip_init                                0x00032ccb   Thumb Code     0  rom_symdef_ES5_Prod_Test.txt ABSOLUTE
    rwip_reset                               0x00032d8d   Thumb Code     0  rom_symdef_ES5_Prod_Test.txt ABSOLUTE
    rwip_version                             0x00032db9   Thumb Code     0  rom_symdef_ES5_Prod_Test.txt ABSOLUTE
    rwip_prevent_sleep_get                   0x00032dc1   Thumb Code     0  rom_symdef_ES5_Prod_Test.txt ABSOLUTE
    rwip_schedule                            0x00032dc9   Thumb Code     0  rom_symdef_ES5_Prod_Test.txt ABSOLUTE
    rwip_prevent_sleep_set                   0x00032eb7   Thumb Code     0  rom_symdef_ES5_Prod_Test.txt ABSOLUTE
    rwip_wakeup                              0x00032edb   Thumb Code     0  rom_symdef_ES5_Prod_Test.txt ABSOLUTE
    rwip_prevent_sleep_clear                 0x00032eed   Thumb Code     0  rom_symdef_ES5_Prod_Test.txt ABSOLUTE
    rwip_wakeup_end                          0x00032f11   Thumb Code     0  rom_symdef_ES5_Prod_Test.txt ABSOLUTE
    rwip_wakeup_delay_set                    0x00032f2f   Thumb Code     0  rom_symdef_ES5_Prod_Test.txt ABSOLUTE
    rwip_sleep_enable                        0x00032f3f   Thumb Code     0  rom_symdef_ES5_Prod_Test.txt ABSOLUTE
    rwip_ext_wakeup_enable                   0x00032f47   Thumb Code     0  rom_symdef_ES5_Prod_Test.txt ABSOLUTE
    rwble_reset                              0x00032fd5   Thumb Code     0  rom_symdef_ES5_Prod_Test.txt ABSOLUTE
    rwble_version                            0x00033003   Thumb Code     0  rom_symdef_ES5_Prod_Test.txt ABSOLUTE
    rwble_get_clock                          0x0003302d   Thumb Code     0  rom_symdef_ES5_Prod_Test.txt ABSOLUTE
    BLE_FINETGTIM_Handler                    0x00033105   Thumb Code     0  rom_symdef_ES5_Prod_Test.txt ABSOLUTE
    BLE_GROSSTGTIM_Handler                   0x0003310d   Thumb Code     0  rom_symdef_ES5_Prod_Test.txt ABSOLUTE
    $Super$$BLE_CSCNT_Handler                0x00033115   Thumb Code     0  rom_symdef_ES5_Prod_Test.txt ABSOLUTE
    BLE_ERROR_Handler                        0x0003318d   Thumb Code     0  rom_symdef_ES5_Prod_Test.txt ABSOLUTE
    BLE_CRYPT_Handler                        0x000331ad   Thumb Code     0  rom_symdef_ES5_Prod_Test.txt ABSOLUTE
    func_check_mem                           0x000331eb   Thumb Code     0  rom_symdef_ES5_Prod_Test.txt ABSOLUTE
    test_rxdone                              0x0003323d   Thumb Code     0  rom_symdef_ES5_Prod_Test.txt ABSOLUTE
    prf_init_func                            0x000339f5   Thumb Code     0  rom_symdef_ES5_Prod_Test.txt ABSOLUTE
    prf_create                               0x000339fd   Thumb Code     0  rom_symdef_ES5_Prod_Test.txt ABSOLUTE
    prf_cleanup_func                         0x000339ff   Thumb Code     0  rom_symdef_ES5_Prod_Test.txt ABSOLUTE
    prf_init                                 0x00033a23   Thumb Code     0  rom_symdef_ES5_Prod_Test.txt ABSOLUTE
    prf_cleanup                              0x00033a2b   Thumb Code     0  rom_symdef_ES5_Prod_Test.txt ABSOLUTE
    __aeabi_uidiv                            0x00033aa7   Thumb Code     0  rom_symdef_ES5_Prod_Test.txt ABSOLUTE
    __aeabi_uidivmod                         0x00033aa7   Thumb Code     0  rom_symdef_ES5_Prod_Test.txt ABSOLUTE
    __aeabi_idiv                             0x00033ad3   Thumb Code     0  rom_symdef_ES5_Prod_Test.txt ABSOLUTE
    __aeabi_idivmod                          0x00033ad3   Thumb Code     0  rom_symdef_ES5_Prod_Test.txt ABSOLUTE
    rand                                     0x00033afd   Thumb Code     0  rom_symdef_ES5_Prod_Test.txt ABSOLUTE
    srand                                    0x00033b0f   Thumb Code     0  rom_symdef_ES5_Prod_Test.txt ABSOLUTE
    __aeabi_memcpy                           0x00033b21   Thumb Code     0  rom_symdef_ES5_Prod_Test.txt ABSOLUTE
    __aeabi_memcpy4                          0x00033b21   Thumb Code     0  rom_symdef_ES5_Prod_Test.txt ABSOLUTE
    __aeabi_memcpy8                          0x00033b21   Thumb Code     0  rom_symdef_ES5_Prod_Test.txt ABSOLUTE
    __aeabi_memset                           0x00033b45   Thumb Code     0  rom_symdef_ES5_Prod_Test.txt ABSOLUTE
    __aeabi_memset4                          0x00033b45   Thumb Code     0  rom_symdef_ES5_Prod_Test.txt ABSOLUTE
    __aeabi_memset8                          0x00033b45   Thumb Code     0  rom_symdef_ES5_Prod_Test.txt ABSOLUTE
    __aeabi_memclr                           0x00033b53   Thumb Code     0  rom_symdef_ES5_Prod_Test.txt ABSOLUTE
    __aeabi_memclr4                          0x00033b53   Thumb Code     0  rom_symdef_ES5_Prod_Test.txt ABSOLUTE
    __aeabi_memclr8                          0x00033b53   Thumb Code     0  rom_symdef_ES5_Prod_Test.txt ABSOLUTE
    _memset$wrapper                          0x00033b57   Thumb Code     0  rom_symdef_ES5_Prod_Test.txt ABSOLUTE
    strlen                                   0x00033b69   Thumb Code     0  rom_symdef_ES5_Prod_Test.txt ABSOLUTE
    memcmp                                   0x00033b77   Thumb Code     0  rom_symdef_ES5_Prod_Test.txt ABSOLUTE
    __aeabi_dmul                             0x00033b91   Thumb Code     0  rom_symdef_ES5_Prod_Test.txt ABSOLUTE
    __aeabi_i2d                              0x00033c61   Thumb Code     0  rom_symdef_ES5_Prod_Test.txt ABSOLUTE
    __aeabi_ui2d                             0x00033c89   Thumb Code     0  rom_symdef_ES5_Prod_Test.txt ABSOLUTE
    __aeabi_cdcmpeq                          0x00033ca5   Thumb Code     0  rom_symdef_ES5_Prod_Test.txt ABSOLUTE
    __aeabi_cdcmple                          0x00033ca5   Thumb Code     0  rom_symdef_ES5_Prod_Test.txt ABSOLUTE
    __I$use$fp                               0x00033ccd   Thumb Code     0  rom_symdef_ES5_Prod_Test.txt ABSOLUTE
    _double_round                            0x00033ccd   Thumb Code     0  rom_symdef_ES5_Prod_Test.txt ABSOLUTE
    _double_epilogue                         0x00033ce7   Thumb Code     0  rom_symdef_ES5_Prod_Test.txt ABSOLUTE
    __aeabi_llsl                             0x00033d8d   Thumb Code     0  rom_symdef_ES5_Prod_Test.txt ABSOLUTE
    _ll_shift_l                              0x00033d8d   Thumb Code     0  rom_symdef_ES5_Prod_Test.txt ABSOLUTE
    __aeabi_llsr                             0x00033dad   Thumb Code     0  rom_symdef_ES5_Prod_Test.txt ABSOLUTE
    _ll_ushift_r                             0x00033dad   Thumb Code     0  rom_symdef_ES5_Prod_Test.txt ABSOLUTE
    __ARM_clz                                0x00033dcf   Thumb Code     0  rom_symdef_ES5_Prod_Test.txt ABSOLUTE
    __ARM_common_switch8                     0x00033dfd   Thumb Code     0  rom_symdef_ES5_Prod_Test.txt ABSOLUTE
    co_sca2ppm                               0x00033e28   Data           0  rom_symdef_ES5_Prod_Test.txt ABSOLUTE
    co_null_bdaddr                           0x00033e38   Data           0  rom_symdef_ES5_Prod_Test.txt ABSOLUTE
    co_default_bdaddr                        0x00033e3e   Data           0  rom_symdef_ES5_Prod_Test.txt ABSOLUTE
    dbg_default_handler                      0x00033f14   Data           0  rom_symdef_ES5_Prod_Test.txt ABSOLUTE
    llc_state_handler                        0x000340dc   Data           0  rom_symdef_ES5_Prod_Test.txt ABSOLUTE
    llc_default_handler                      0x0003418c   Data           0  rom_symdef_ES5_Prod_Test.txt ABSOLUTE
    llm_local_cmds                           0x000341bc   Data           0  rom_symdef_ES5_Prod_Test.txt ABSOLUTE
    llm_local_le_feats                       0x000341fc   Data           0  rom_symdef_ES5_Prod_Test.txt ABSOLUTE
    llm_local_le_states                      0x00034204   Data           0  rom_symdef_ES5_Prod_Test.txt ABSOLUTE
    llm_state_handler                        0x00034354   Data           0  rom_symdef_ES5_Prod_Test.txt ABSOLUTE
    llm_default_handler                      0x00034384   Data           0  rom_symdef_ES5_Prod_Test.txt ABSOLUTE
    LLM_AA_CT1                               0x0003438c   Data           0  rom_symdef_ES5_Prod_Test.txt ABSOLUTE
    LLM_AA_CT2                               0x0003438f   Data           0  rom_symdef_ES5_Prod_Test.txt ABSOLUTE
    gtl_default_state                        0x000343a4   Data           0  rom_symdef_ES5_Prod_Test.txt ABSOLUTE
    gtl_default_handler                      0x000343bc   Data           0  rom_symdef_ES5_Prod_Test.txt ABSOLUTE
    attc_default_state                       0x000343d8   Data           0  rom_symdef_ES5_Prod_Test.txt ABSOLUTE
    attc_state_handler                       0x000343f8   Data           0  rom_symdef_ES5_Prod_Test.txt ABSOLUTE
    attc_default_handler                     0x00034410   Data           0  rom_symdef_ES5_Prod_Test.txt ABSOLUTE
    attm_default_state                       0x00034428   Data           0  rom_symdef_ES5_Prod_Test.txt ABSOLUTE
    attm_state_handler                       0x00034480   Data           0  rom_symdef_ES5_Prod_Test.txt ABSOLUTE
    attm_default_handler                     0x00034488   Data           0  rom_symdef_ES5_Prod_Test.txt ABSOLUTE
    atts_default_state                       0x000344a0   Data           0  rom_symdef_ES5_Prod_Test.txt ABSOLUTE
    atts_state_handler                       0x000344d0   Data           0  rom_symdef_ES5_Prod_Test.txt ABSOLUTE
    atts_default_handler                     0x000344f8   Data           0  rom_symdef_ES5_Prod_Test.txt ABSOLUTE
    gattc_default_state                      0x00034510   Data           0  rom_symdef_ES5_Prod_Test.txt ABSOLUTE
    gattc_state_handler                      0x00034598   Data           0  rom_symdef_ES5_Prod_Test.txt ABSOLUTE
    gattc_default_handler                    0x000345b0   Data           0  rom_symdef_ES5_Prod_Test.txt ABSOLUTE
    gattm_default_state                      0x00034604   Data           0  rom_symdef_ES5_Prod_Test.txt ABSOLUTE
    gattm_state_handler                      0x00034614   Data           0  rom_symdef_ES5_Prod_Test.txt ABSOLUTE
    gattm_default_handler                    0x00034624   Data           0  rom_symdef_ES5_Prod_Test.txt ABSOLUTE
    l2cc_default_state                       0x0003463c   Data           0  rom_symdef_ES5_Prod_Test.txt ABSOLUTE
    l2cc_state_handler                       0x00034654   Data           0  rom_symdef_ES5_Prod_Test.txt ABSOLUTE
    l2cc_default_handler                     0x0003466c   Data           0  rom_symdef_ES5_Prod_Test.txt ABSOLUTE
    l2cm_default_state                       0x00034684   Data           0  rom_symdef_ES5_Prod_Test.txt ABSOLUTE
    l2cm_state_handler                       0x0003468c   Data           0  rom_symdef_ES5_Prod_Test.txt ABSOLUTE
    l2cm_default_handler                     0x00034694   Data           0  rom_symdef_ES5_Prod_Test.txt ABSOLUTE
    smpc_default_state                       0x000346c8   Data           0  rom_symdef_ES5_Prod_Test.txt ABSOLUTE
    smpc_state_handler                       0x00034760   Data           0  rom_symdef_ES5_Prod_Test.txt ABSOLUTE
    smpc_default_handler                     0x00034780   Data           0  rom_symdef_ES5_Prod_Test.txt ABSOLUTE
    smpm_default_state                       0x00034798   Data           0  rom_symdef_ES5_Prod_Test.txt ABSOLUTE
    smpm_state_handler                       0x000347d0   Data           0  rom_symdef_ES5_Prod_Test.txt ABSOLUTE
    smpm_default_handler                     0x000347e0   Data           0  rom_symdef_ES5_Prod_Test.txt ABSOLUTE
    gapc_default_state                       0x000347f8   Data           0  rom_symdef_ES5_Prod_Test.txt ABSOLUTE
    gapc_state_handler                       0x00034910   Data           0  rom_symdef_ES5_Prod_Test.txt ABSOLUTE
    gapc_default_handler                     0x00034928   Data           0  rom_symdef_ES5_Prod_Test.txt ABSOLUTE
    gapm_default_state                       0x000349ec   Data           0  rom_symdef_ES5_Prod_Test.txt ABSOLUTE
    gapm_state_handler                       0x00034b94   Data           0  rom_symdef_ES5_Prod_Test.txt ABSOLUTE
    gapm_default_handler                     0x00034bbc   Data           0  rom_symdef_ES5_Prod_Test.txt ABSOLUTE
    smpc_construct_pdu                       0x00034ce8   Data           0  rom_symdef_ES5_Prod_Test.txt ABSOLUTE
    smpc_recv_pdu                            0x00034d18   Data           0  rom_symdef_ES5_Prod_Test.txt ABSOLUTE
    dummy                                    0x00080000   Data           0  rom_symdef_ES5_Prod_Test.txt ABSOLUTE
    sleep_env                                0x00080254   Data           0  rom_symdef_ES5_Prod_Test.txt ABSOLUTE
    iq_trim_bias_ctrl1_reg                   0x00080256   Data           0  rom_symdef_ES5_Prod_Test.txt ABSOLUTE
    co_buf_env                               0x00080258   Data           0  rom_symdef_ES5_Prod_Test.txt ABSOLUTE
    dbg_state                                0x00080348   Data           0  rom_symdef_ES5_Prod_Test.txt ABSOLUTE
    iq_trim_rf_mixer_ctrl1_reg               0x0008034a   Data           0  rom_symdef_ES5_Prod_Test.txt ABSOLUTE
    llc_env                                  0x0008034c   Data           0  rom_symdef_ES5_Prod_Test.txt ABSOLUTE
    llc_state                                0x00080364   Data           0  rom_symdef_ES5_Prod_Test.txt ABSOLUTE
    ret_winsize_var                          0x0008036a   Data           0  rom_symdef_ES5_Prod_Test.txt ABSOLUTE
    lld_evt_env                              0x0008036c   Data           0  rom_symdef_ES5_Prod_Test.txt ABSOLUTE
    lld_sleep_env                            0x0008038c   Data           0  rom_symdef_ES5_Prod_Test.txt ABSOLUTE
    llm_le_env                               0x00080390   Data           0  rom_symdef_ES5_Prod_Test.txt ABSOLUTE
    llm_le_env_lpus                          0x000803e4   Data           0  rom_symdef_ES5_Prod_Test.txt ABSOLUTE
    llm_bt_env                               0x0008042a   Data           0  rom_symdef_ES5_Prod_Test.txt ABSOLUTE
    llm_state                                0x00080432   Data           0  rom_symdef_ES5_Prod_Test.txt ABSOLUTE
    uart_env                                 0x00080434   Data           0  rom_symdef_ES5_Prod_Test.txt ABSOLUTE
    vcocal_ctrl_reg_val                      0x00080452   Data           0  rom_symdef_ES5_Prod_Test.txt ABSOLUTE
    last_temp_count                          0x00080478   Data           0  rom_symdef_ES5_Prod_Test.txt ABSOLUTE
    last_temp_time                           0x0008047c   Data           0  rom_symdef_ES5_Prod_Test.txt ABSOLUTE
    gtl_env                                  0x00080480   Data           0  rom_symdef_ES5_Prod_Test.txt ABSOLUTE
    gtl_state                                0x000804a4   Data           0  rom_symdef_ES5_Prod_Test.txt ABSOLUTE
    attc_state                               0x000804a5   Data           0  rom_symdef_ES5_Prod_Test.txt ABSOLUTE
    attm_env                                 0x000804ac   Data           0  rom_symdef_ES5_Prod_Test.txt ABSOLUTE
    attm_state                               0x000804b4   Data           0  rom_symdef_ES5_Prod_Test.txt ABSOLUTE
    atts_env                                 0x000804b8   Data           0  rom_symdef_ES5_Prod_Test.txt ABSOLUTE
    atts_state                               0x000804d0   Data           0  rom_symdef_ES5_Prod_Test.txt ABSOLUTE
    gattc_env                                0x000804d8   Data           0  rom_symdef_ES5_Prod_Test.txt ABSOLUTE
    gattc_state                              0x000804f0   Data           0  rom_symdef_ES5_Prod_Test.txt ABSOLUTE
    gattm_env                                0x000804f6   Data           0  rom_symdef_ES5_Prod_Test.txt ABSOLUTE
    gattm_state                              0x000804fc   Data           0  rom_symdef_ES5_Prod_Test.txt ABSOLUTE
    l2cc_env                                 0x00080500   Data           0  rom_symdef_ES5_Prod_Test.txt ABSOLUTE
    l2cc_state                               0x00080518   Data           0  rom_symdef_ES5_Prod_Test.txt ABSOLUTE
    l2cm_env                                 0x0008051e   Data           0  rom_symdef_ES5_Prod_Test.txt ABSOLUTE
    l2cm_state                               0x00080524   Data           0  rom_symdef_ES5_Prod_Test.txt ABSOLUTE
    smpc_env                                 0x00080528   Data           0  rom_symdef_ES5_Prod_Test.txt ABSOLUTE
    smpc_state                               0x00080540   Data           0  rom_symdef_ES5_Prod_Test.txt ABSOLUTE
    smpm_env                                 0x00080548   Data           0  rom_symdef_ES5_Prod_Test.txt ABSOLUTE
    smpm_state                               0x00080550   Data           0  rom_symdef_ES5_Prod_Test.txt ABSOLUTE
    gapc_env                                 0x00080554   Data           0  rom_symdef_ES5_Prod_Test.txt ABSOLUTE
    gapc_state                               0x0008056c   Data           0  rom_symdef_ES5_Prod_Test.txt ABSOLUTE
    gap_cfg_table                            0x00080574   Data           0  rom_symdef_ES5_Prod_Test.txt ABSOLUTE
    gapm_env                                 0x00080578   Data           0  rom_symdef_ES5_Prod_Test.txt ABSOLUTE
    gapm_state                               0x000805a4   Data           0  rom_symdef_ES5_Prod_Test.txt ABSOLUTE
    ke_env                                   0x000805a8   Data           0  rom_symdef_ES5_Prod_Test.txt ABSOLUTE
    ke_task_env                              0x00080604   Data           0  rom_symdef_ES5_Prod_Test.txt ABSOLUTE
    nvds_data_ptr                            0x000806c0   Data           0  rom_symdef_ES5_Prod_Test.txt ABSOLUTE
    func_check_mem_flag                      0x000806c4   Data           0  rom_symdef_ES5_Prod_Test.txt ABSOLUTE
    rwip_env                                 0x000806c6   Data           0  rom_symdef_ES5_Prod_Test.txt ABSOLUTE
    ble_reg_save                             0x000806cc   Data           0  rom_symdef_ES5_Prod_Test.txt ABSOLUTE
    rwip_rf                                  0x0008071c   Data           0  rom_symdef_ES5_Prod_Test.txt ABSOLUTE
    rwip_heap_db_ret                         0x00080768   Data        1036  jump_table.o(heap_db_area)
    rwip_heap_env_ret                        0x00080b74   Data         340  jump_table.o(heap_env_area)
    rwip_heap_msg_ret                        0x00080cc8   Data        1324  jump_table.o(heap_msg_area)
    sys_startup_flag                         0x000811f4   Data           1  arch_main.o(retention_mem_area0)
    sleep_md                                 0x000811f5   Data           1  arch_sleep.o(retention_mem_area0)
    sleep_pend                               0x000811f6   Data           1  arch_sleep.o(retention_mem_area0)
    sleep_cnt                                0x000811f7   Data           1  arch_sleep.o(retention_mem_area0)
    sleep_ext_force                          0x000811f8   Data           1  arch_sleep.o(retention_mem_area0)
    lp_clk_sel                               0x000811fc   Data           4  arch_system.o(retention_mem_area0)
    rcx_freq                                 0x00081200   Data           4  arch_system.o(retention_mem_area0)
    cal_enable                               0x00081204   Data           1  arch_system.o(retention_mem_area0)
    rcx_period                               0x00081208   Data           4  arch_system.o(retention_mem_area0)
    rcx_slot_duration                        0x0008120c   Data           4  arch_system.o(retention_mem_area0)
    dev_bdaddr                               0x00081210   Data           6  nvds.o(retention_mem_area0)
    rwble_last_event                         0x00081216   Data           1  rwble.o(retention_mem_area0)
    descript                                 0x00082a20   Data        1502  arch_main.o(BLE_exchange_memory)
    __Vectors                                0x20000000   Data           4  boot_vectors.o(RESET)
    __Vectors_End                            0x200000a0   Data           0  boot_vectors.o(RESET)
    jump_table_base                          0x20000160   Data         352  jump_table.o(jump_table_mem_area)
    gap_timeout_table                        0x200002c0   Data         100  gapm.o(timeout_table_area)
    nvds_data_storage                        0x20000340   Data         164  nvds.o(nvds_data_storage_area)
    __main                                   0x20000441   Thumb Code     0  entry.o(.ARM.Collect$$$$00000000)
    _main_stk                                0x20000441   Thumb Code     0  entry2.o(.ARM.Collect$$$$00000001)
    _main_scatterload                        0x20000445   Thumb Code     0  entry5.o(.ARM.Collect$$$$00000004)
    __main_after_scatterload                 0x20000449   Thumb Code     0  entry5.o(.ARM.Collect$$$$00000004)
    _main_clock                              0x20000449   Thumb Code     0  entry7b.o(.ARM.Collect$$$$00000008)
    _main_cpp_init                           0x20000449   Thumb Code     0  entry8b.o(.ARM.Collect$$$$0000000A)
    _main_init                               0x20000449   Thumb Code     0  entry9a.o(.ARM.Collect$$$$0000000B)
    __rt_final_cpp                           0x20000451   Thumb Code     0  entry10a.o(.ARM.Collect$$$$0000000D)
    __rt_final_exit                          0x20000451   Thumb Code     0  entry11a.o(.ARM.Collect$$$$0000000F)
    SystemInit                               0x20000455   Thumb Code    86  system_armcm0.o(.text)
    Reset_Handler                            0x200004b9   Thumb Code     8  boot_vectors.o(.text)
    PendSV_Handler                           0x20000509   Thumb Code     2  boot_vectors.o(.text)
    SysTick_Handler                          0x2000050b   Thumb Code     2  boot_vectors.o(.text)
    SWTIM_Handler                            0x2000050d   Thumb Code     0  boot_vectors.o(.text)
    WKUP_QUADEC_Handler                      0x2000050d   Thumb Code     0  boot_vectors.o(.text)
    patch_gtl_task                           0x2000062b   Thumb Code    44  arch_main.o(.text)
    SVC_Handler_c                            0x20000671   Thumb Code    26  arch_main.o(.text)
    patch_func                               0x2000068b   Thumb Code   118  arch_main.o(.text)
    lld_sleep_init_func                      0x20000701   Thumb Code    38  arch_main.o(.text)
    main_func                                0x20000727   Thumb Code  1010  arch_main.o(.text)
    dummyf                                   0x20000bb1   Thumb Code     2  jump_table.o(.text)
    NMI_HandlerC                             0x20000bb5   Thumb Code   178  nmi_handler.o(.text)
    app_disable_sleep                        0x20000c79   Thumb Code    26  arch_sleep.o(.text)
    app_set_extended_sleep                   0x20000c93   Thumb Code    28  arch_sleep.o(.text)
    app_set_deep_sleep                       0x20000caf   Thumb Code    30  arch_sleep.o(.text)
    app_restore_sleep_mode                   0x20000ccd   Thumb Code   122  arch_sleep.o(.text)
    app_force_active_mode                    0x20000d47   Thumb Code    40  arch_sleep.o(.text)
    app_ble_ext_wakeup_on                    0x20000d6f   Thumb Code     8  arch_sleep.o(.text)
    app_ble_ext_wakeup_off                   0x20000d77   Thumb Code     8  arch_sleep.o(.text)
    app_ble_ext_wakeup_get                   0x20000d7f   Thumb Code     6  arch_sleep.o(.text)
    app_ble_force_wakeup                     0x20000d85   Thumb Code    82  arch_sleep.o(.text)
    app_last_rwble_evt_get                   0x20000dd7   Thumb Code     6  arch_sleep.o(.text)
    HardFault_HandlerC                       0x20000dfd   Thumb Code   112  hardfault_handler.o(.text)
    GPIO_reservations                        0x20000e75   Thumb Code   102  periph_setup.o(.text)
    set_pad_functions                        0x20000edb   Thumb Code    34  periph_setup.o(.text)
    periph_init                              0x20000efd   Thumb Code    88  periph_setup.o(.text)
    init_TXEN_RXEN_irqs                      0x20000f55   Thumb Code   144  periph_setup.o(.text)
    select_lp_clk                            0x2000106d   Thumb Code     8  arch_system.o(.text)
    init_pwr_and_clk_ble                     0x20001075   Thumb Code   468  arch_system.o(.text)
    set_pxact_gpio                           0x20001249   Thumb Code    30  arch_system.o(.text)
    calibrate_rcx20                          0x20001267   Thumb Code    38  arch_system.o(.text)
    read_rcx_freq                            0x2000128d   Thumb Code   156  arch_system.o(.text)
    set_sleep_delay                          0x20001329   Thumb Code    58  arch_system.o(.text)
    get_rc16m_count_func                     0x20001363   Thumb Code    38  arch_system.o(.text)
    conditionally_run_radio_cals             0x20001389   Thumb Code   180  arch_system.o(.text)
    lld_sleep_us_2_lpcycles_rcx_func         0x2000143d   Thumb Code    96  arch_system.o(.text)
    lld_sleep_lpcycles_2_us_rcx_func         0x2000149d   Thumb Code    18  arch_system.o(.text)
    lld_sleep_us_2_lpcycles_sel_func         0x200014af   Thumb Code    34  arch_system.o(.text)
    lld_sleep_lpcycles_2_us_sel_func         0x200014d1   Thumb Code    34  arch_system.o(.text)
    uart_flow_off_func                       0x20001509   Thumb Code    90  arch_system.o(.text)
    calculate_arch_adv_time                  0x20001563   Thumb Code    24  arch_system.o(.text)
    iq_trim_from_otp                         0x20001589   Thumb Code    78  rf_580.o(.text)
    rf_reg_rd                                0x200015d7   Thumb Code     6  rf_580.o(.text)
    rf_reg_wr                                0x200015dd   Thumb Code     2  rf_580.o(.text)
    rf_reset                                 0x200015df   Thumb Code     2  rf_580.o(.text)
    rf_force_agc_enable                      0x200015e1   Thumb Code     2  rf_580.o(.text)
    rf_txpwr_dbm_get                         0x200015e3   Thumb Code     6  rf_580.o(.text)
    rf_regs                                  0x20001605   Thumb Code   240  rf_580.o(.text)
    rf_init_func                             0x20001703   Thumb Code   224  rf_580.o(.text)
    rf_reinit_func                           0x200017e3   Thumb Code   216  rf_580.o(.text)
    GPIOn_Handler                            0x20001969   Thumb Code    48  gpio.o(.text)
    GPIO0_Handler                            0x20001999   Thumb Code    10  gpio.o(.text)
    GPIO1_Handler                            0x200019a3   Thumb Code    10  gpio.o(.text)
    GPIO2_Handler                            0x200019ad   Thumb Code    10  gpio.o(.text)
    GPIO3_Handler                            0x200019b7   Thumb Code    10  gpio.o(.text)
    GPIO4_Handler                            0x200019c1   Thumb Code    10  gpio.o(.text)
    ke_task_init_func                        0x20001adb   Thumb Code    20  ke_task.obj(.text)
    my_llc_con_update_req_ind                0x20001b01   Thumb Code   100  ch_map.obj(.text)
    my_llc_ch_map_req_ind                    0x20001b65   Thumb Code    84  ch_map.obj(.text)
    l2cc_pdu_recv_ind_handler                0x20001bc5   Thumb Code   232  atts_task.obj(.text)
    smpc_send_pairing_req_ind                0x20001cb1   Thumb Code   190  smpc.obj(.text)
    smpc_check_pairing_feat                  0x20001d6f   Thumb Code    38  smpc.obj(.text)
    smpc_pairing_cfm_handler                 0x20001d9d   Thumb Code   518  smpc_task.obj(.text)
    patched_gapm_adv_op_sanity               0x20001fa9   Thumb Code   208  gapm_util.obj(.text)
    custom_nvds_get_func                     0x20002129   Thumb Code  1004  nvds.o(.text)
    nvds_read_bdaddr_from_otp                0x20002515   Thumb Code   104  nvds.o(.text)
    lld_sleep_compensate_func_patched        0x2000257d   Thumb Code    86  rwble.o(.text)
    BLE_WAKEUP_LP_Handler                    0x200025d3   Thumb Code   230  rwble.o(.text)
    BLE_CSCNT_Handler                        0x200026b9   Thumb Code    12  rwble.o(.text)
    BLE_SLP_Handler                          0x200026c5   Thumb Code    98  rwble.o(.text)
    BLE_RX_Handler                           0x20002727   Thumb Code     8  rwble.o(.text)
    BLE_EVENT_Handler                        0x2000272f   Thumb Code    28  rwble.o(.text)
    BLE_RF_DIAG_Handler                      0x2000274b   Thumb Code   140  rwble.o(.text)
    rwip_sleep                               0x2000283f   Thumb Code   472  rwip.o(.text)
    app_init                                 0x20002a45   Thumb Code    94  customer_prod.o(.text)
    set_state_start_rx                       0x20002aa3   Thumb Code    48  customer_prod.o(.text)
    hci_start_prod_rx_test                   0x20002ad3   Thumb Code    72  customer_prod.o(.text)
    set_state_start_tx                       0x20002b1b   Thumb Code    76  customer_prod.o(.text)
    hci_tx_send_nb_packages                  0x20002b67   Thumb Code    74  customer_prod.o(.text)
    set_state_start_continue_tx              0x20002bb1   Thumb Code    94  customer_prod.o(.text)
    hci_tx_start_continue_test_mode          0x20002c0f   Thumb Code    58  customer_prod.o(.text)
    hci_unmodulated_cmd                      0x20002c49   Thumb Code   352  customer_prod.o(.text)
    set_state_stop                           0x20002da9   Thumb Code    50  customer_prod.o(.text)
    hci_end_tx_continuous_test_cmd           0x20002ddb   Thumb Code    50  customer_prod.o(.text)
    hci_end_rx_prod_test_cmd                 0x20002e0d   Thumb Code   174  customer_prod.o(.text)
    hci_sleep_test_cmd                       0x20002ebb   Thumb Code   124  customer_prod.o(.text)
    set_XTAL_trim_reg                        0x20002f37   Thumb Code     8  customer_prod.o(.text)
    otp_write_words                          0x20002f3f   Thumb Code   190  customer_prod.o(.text)
    hci_xtal_trim_cmd                        0x20002ffd   Thumb Code   312  customer_prod.o(.text)
    otp_read                                 0x20003135   Thumb Code    88  customer_prod.o(.text)
    hci_otp_rw_cmd                           0x2000318d   Thumb Code   218  customer_prod.o(.text)
    hci_otp_read_cmd                         0x2000327b   Thumb Code   138  customer_prod.o(.text)
    hci_otp_write_cmd                        0x20003305   Thumb Code    66  customer_prod.o(.text)
    hci_register_rw_cmd                      0x20003347   Thumb Code   196  customer_prod.o(.text)
    lld_evt_init                             0x20003429   Thumb Code    14  custom_lld_evt.o(.text)
    lld_evt_rx                               0x20003437   Thumb Code    36  custom_lld_evt.o(.text)
    lld_evt_init_func                        0x2000345b   Thumb Code    56  custom_lld_evt.o(.text)
    lld_data_check                           0x200035b7   Thumb Code    86  custom_lld_data.o(.text)
    spi_write_rx_data_back_2_pxi             0x2000360d   Thumb Code   956  custom_lld_data.o(.text)
    lld_test_stop                            0x200039d5   Thumb Code    14  custom_lld.o(.text)
    lld_test_stop_func                       0x200039e3   Thumb Code    28  custom_lld.o(.text)
    gtl_eif_init                             0x20003dbb   Thumb Code    10  custom_gtl_eif.o(.text)
    gtl_eif_init_func                        0x20003dc5   Thumb Code    26  custom_gtl_eif.o(.text)
    gtl_eif_write                            0x20003ddf   Thumb Code    70  custom_gtl_eif.o(.text)
    gtl_eif_start                            0x20003e25   Thumb Code    12  custom_gtl_eif.o(.text)
    gtl_eif_stop                             0x20003e31   Thumb Code    48  custom_gtl_eif.o(.text)
    gtl_hci_rx_header                        0x20003e69   Thumb Code    10  custom_gtl_hci.o(.text)
    gtl_hci_rx_header_func                   0x20003e73   Thumb Code   336  custom_gtl_hci.o(.text)
    gtl_hci_rx_payload                       0x20003fc3   Thumb Code    10  custom_gtl_hci.o(.text)
    gtl_hci_rx_payload_func                  0x20003fcd   Thumb Code   246  custom_gtl_hci.o(.text)
    gtl_hci_tx_evt                           0x200040c3   Thumb Code    14  custom_gtl_hci.o(.text)
    gtl_hci_tx_evt_func                      0x200040d1   Thumb Code   232  custom_gtl_hci.o(.text)
    delay                                    0x200041e1   Thumb Code    18  xtal_cal.o(.text)
    Setting_Trim                             0x200041f3   Thumb Code    32  xtal_cal.o(.text)
    Clock_Read                               0x20004213   Thumb Code   182  xtal_cal.o(.text)
    Simulation                               0x200042c9   Thumb Code   190  xtal_cal.o(.text)
    calculations_2                           0x20004387   Thumb Code   112  xtal_cal.o(.text)
    auto_trim                                0x200043f7   Thumb Code  1078  xtal_cal.o(.text)
    measure_pulse                            0x20004859   Thumb Code    36  pulse.o(.text)
    __aeabi_fadd                             0x20004885   Thumb Code   162  fadd.o(.text)
    __aeabi_fsub                             0x20004927   Thumb Code     8  fadd.o(.text)
    __aeabi_frsub                            0x2000492f   Thumb Code     8  fadd.o(.text)
    __aeabi_fmul                             0x20004937   Thumb Code   122  fmul.o(.text)
    __aeabi_fdiv                             0x200049b1   Thumb Code   124  fdiv.o(.text)
    __aeabi_ddiv                             0x20004a2d   Thumb Code   234  ddiv.o(.text)
    __aeabi_ui2f                             0x20004b1d   Thumb Code    14  ffltui.o(.text)
    __aeabi_f2iz                             0x20004b2b   Thumb Code    50  ffixi.o(.text)
    __aeabi_f2uiz                            0x20004b5d   Thumb Code    40  ffixui.o(.text)
    __aeabi_f2d                              0x20004b85   Thumb Code    40  f2d.o(.text)
    __aeabi_d2f                              0x20004bad   Thumb Code    56  d2f.o(.text)
    _float_round                             0x20004be5   Thumb Code    16  fepilogue.o(.text)
    _float_epilogue                          0x20004bf5   Thumb Code   114  fepilogue.o(.text)
    __scatterload                            0x20004c69   Thumb Code    28  init.o(.text)
    __scatterload_rt2                        0x20004c69   Thumb Code     0  init.o(.text)
    Long Thumb to Thumb Veneer to uart_write 0x20004c8d   Thumb Code    12  anon$$obj.o(Veneer$$Code)
    Long Thumb to Thumb Veneer to rwip_schedule 0x20004c99   Thumb Code    12  anon$$obj.o(Veneer$$Code)
    Long Thumb to Thumb Veneer to get_rc16m_count 0x20004ca5   Thumb Code    12  anon$$obj.o(Veneer$$Code)
    Long Thumb to Thumb Veneer to pll_vcocal_LUT_InitUpdate 0x20004cb1   Thumb Code    12  anon$$obj.o(Veneer$$Code)
    Long Thumb to Thumb Veneer to rf_calibration 0x20004cbd   Thumb Code    12  anon$$obj.o(Veneer$$Code)
    Long Thumb to Thumb Veneer to app_get_sleep_mode 0x20004cc9   Thumb Code    12  anon$$obj.o(Veneer$$Code)
    Long Thumb to Thumb Veneer to ke_state_get 0x20004cd5   Thumb Code    12  anon$$obj.o(Veneer$$Code)
    Long Thumb to Thumb Veneer to co_list_push_back 0x20004ce1   Thumb Code    12  anon$$obj.o(Veneer$$Code)
    Long Thumb to Thumb Veneer to gtl_send_msg 0x20004ced   Thumb Code    12  anon$$obj.o(Veneer$$Code)
    Long Thumb to Thumb Veneer to ke_state_set 0x20004cf9   Thumb Code    12  anon$$obj.o(Veneer$$Code)
    Long Thumb to Thumb Veneer to set_system_clocks 0x20004d05   Thumb Code    12  anon$$obj.o(Veneer$$Code)
    Long Thumb to Thumb Veneer to srand      0x20004d11   Thumb Code    12  anon$$obj.o(Veneer$$Code)
    Long Thumb to Thumb Veneer to nvds_init  0x20004d1d   Thumb Code    12  anon$$obj.o(Veneer$$Code)
    Long Thumb to Thumb Veneer to rwip_init  0x20004d29   Thumb Code    12  anon$$obj.o(Veneer$$Code)
    Long Thumb to Thumb Veneer to enable_rf_diag_irq 0x20004d35   Thumb Code    12  anon$$obj.o(Veneer$$Code)
    Long Thumb to Thumb Veneer to rwip_prevent_sleep_get 0x20004d41   Thumb Code    12  anon$$obj.o(Veneer$$Code)
    Long Thumb to Thumb Veneer to ke_event_get 0x20004d4d   Thumb Code    12  anon$$obj.o(Veneer$$Code)
    Long Thumb to Thumb Veneer to lld_sleep_check 0x20004d59   Thumb Code    12  anon$$obj.o(Veneer$$Code)
    Long Thumb to Thumb Veneer to func_check_mem 0x20004d65   Thumb Code    12  anon$$obj.o(Veneer$$Code)
    Long Thumb to Thumb Veneer to test_rxdone 0x20004d71   Thumb Code    12  anon$$obj.o(Veneer$$Code)
    Long Thumb to Thumb Veneer to ke_mem_is_empty 0x20004d7d   Thumb Code    12  anon$$obj.o(Veneer$$Code)
    Long Thumb to Thumb Veneer to uart_init  0x20004d89   Thumb Code    12  anon$$obj.o(Veneer$$Code)
    Long Thumb to Thumb Veneer to __aeabi_uidivmod 0x20004d95   Thumb Code    12  anon$$obj.o(Veneer$$Code)
    Long Thumb to Thumb Veneer to __aeabi_dmul 0x20004da1   Thumb Code    12  anon$$obj.o(Veneer$$Code)
    Long Thumb to Thumb Veneer to rwip_wakeup_delay_set 0x20004dad   Thumb Code    12  anon$$obj.o(Veneer$$Code)
    Long Thumb to Thumb Veneer to $Super$$get_rc16m_count_func 0x20004db9   Thumb Code    12  anon$$obj.o(Veneer$$Code)
    Long Thumb to Thumb Veneer to lld_sleep_us_2_lpcycles_func 0x20004dc5   Thumb Code    12  anon$$obj.o(Veneer$$Code)
    Long Thumb to Thumb Veneer to lld_sleep_lpcycles_2_us_func 0x20004dd1   Thumb Code    12  anon$$obj.o(Veneer$$Code)
    Long Thumb to Thumb Veneer to uart_flow_on 0x20004ddd   Thumb Code    12  anon$$obj.o(Veneer$$Code)
    Long Thumb to Thumb Veneer to __aeabi_memcpy 0x20004de9   Thumb Code    12  anon$$obj.o(Veneer$$Code)
    Long Thumb to Thumb Veneer to co_list_pop_front 0x20004df5   Thumb Code    12  anon$$obj.o(Veneer$$Code)
    Long Thumb to Thumb Veneer to ke_task_handler_get 0x20004e01   Thumb Code    12  anon$$obj.o(Veneer$$Code)
    Long Thumb to Thumb Veneer to ke_msg_free 0x20004e0d   Thumb Code    12  anon$$obj.o(Veneer$$Code)
    Long Thumb to Thumb Veneer to ke_event_clear 0x20004e19   Thumb Code    12  anon$$obj.o(Veneer$$Code)
    Long Thumb to Thumb Veneer to __aeabi_memclr4 0x20004e25   Thumb Code    12  anon$$obj.o(Veneer$$Code)
    Long Thumb to Thumb Veneer to ke_event_callback_set 0x20004e31   Thumb Code    12  anon$$obj.o(Veneer$$Code)
    Long Thumb to Thumb Veneer to lld_con_update_ind 0x20004e3d   Thumb Code    12  anon$$obj.o(Veneer$$Code)
    Long Thumb to Thumb Veneer to llc_util_dicon_procedure 0x20004e49   Thumb Code    12  anon$$obj.o(Veneer$$Code)
    Long Thumb to Thumb Veneer to lld_ch_map_ind 0x20004e55   Thumb Code    12  anon$$obj.o(Veneer$$Code)
    Long Thumb to Thumb Veneer to __ARM_common_switch8 0x20004e61   Thumb Code    12  anon$$obj.o(Veneer$$Code)
    Long Thumb to Thumb Veneer to ke_timer_clear 0x20004e6d   Thumb Code    12  anon$$obj.o(Veneer$$Code)
    Long Thumb to Thumb Veneer to atts_send_cmd_cmp 0x20004e79   Thumb Code    12  anon$$obj.o(Veneer$$Code)
    Long Thumb to Thumb Veneer to atts_mtu_exc_resp 0x20004e85   Thumb Code    12  anon$$obj.o(Veneer$$Code)
    Long Thumb to Thumb Veneer to atts_find_info_resp 0x20004e91   Thumb Code    12  anon$$obj.o(Veneer$$Code)
    Long Thumb to Thumb Veneer to atts_find_by_type_resp 0x20004e9d   Thumb Code    12  anon$$obj.o(Veneer$$Code)
    Long Thumb to Thumb Veneer to atts_read_by_type_resp 0x20004ea9   Thumb Code    12  anon$$obj.o(Veneer$$Code)
    Long Thumb to Thumb Veneer to atts_read_by_grp_type_resp 0x20004eb5   Thumb Code    12  anon$$obj.o(Veneer$$Code)
    Long Thumb to Thumb Veneer to atts_read_resp 0x20004ec1   Thumb Code    12  anon$$obj.o(Veneer$$Code)
    Long Thumb to Thumb Veneer to atts_read_blob_resp 0x20004ecd   Thumb Code    12  anon$$obj.o(Veneer$$Code)
    Long Thumb to Thumb Veneer to atts_read_mult_resp 0x20004ed9   Thumb Code    12  anon$$obj.o(Veneer$$Code)
    Long Thumb to Thumb Veneer to atts_write_no_resp 0x20004ee5   Thumb Code    12  anon$$obj.o(Veneer$$Code)
    Long Thumb to Thumb Veneer to atts_write_resp 0x20004ef1   Thumb Code    12  anon$$obj.o(Veneer$$Code)
    Long Thumb to Thumb Veneer to atts_signed_write_resp 0x20004efd   Thumb Code    12  anon$$obj.o(Veneer$$Code)
    Long Thumb to Thumb Veneer to atts_prepare_write_resp 0x20004f09   Thumb Code    12  anon$$obj.o(Veneer$$Code)
    Long Thumb to Thumb Veneer to atts_execute_write_resp 0x20004f15   Thumb Code    12  anon$$obj.o(Veneer$$Code)
    Long Thumb to Thumb Veneer to ke_msg_alloc 0x20004f21   Thumb Code    12  anon$$obj.o(Veneer$$Code)
    Long Thumb to Thumb Veneer to gapc_get_enc_keysize 0x20004f2d   Thumb Code    12  anon$$obj.o(Veneer$$Code)
    Long Thumb to Thumb Veneer to gapc_get_role 0x20004f39   Thumb Code    12  anon$$obj.o(Veneer$$Code)
    Long Thumb to Thumb Veneer to ke_msg_send 0x20004f45   Thumb Code    12  anon$$obj.o(Veneer$$Code)
    Long Thumb to Thumb Veneer to smpc_generate_rand 0x20004f51   Thumb Code    12  anon$$obj.o(Veneer$$Code)
    Long Thumb to Thumb Veneer to smpc_tkdp_send_continue 0x20004f5d   Thumb Code    12  anon$$obj.o(Veneer$$Code)
    Long Thumb to Thumb Veneer to smpc_pdu_send 0x20004f69   Thumb Code    12  anon$$obj.o(Veneer$$Code)
    Long Thumb to Thumb Veneer to smpc_tkdp_rcp_start 0x20004f75   Thumb Code    12  anon$$obj.o(Veneer$$Code)
    Long Thumb to Thumb Veneer to smpc_pairing_end 0x20004f81   Thumb Code    12  anon$$obj.o(Veneer$$Code)
    Long Thumb to Thumb Veneer to smpc_check_max_key_size 0x20004f8d   Thumb Code    12  anon$$obj.o(Veneer$$Code)
    Long Thumb to Thumb Veneer to smpc_check_key_distrib 0x20004f99   Thumb Code    12  anon$$obj.o(Veneer$$Code)
    Long Thumb to Thumb Veneer to smpc_get_key_sec_prop 0x20004fa5   Thumb Code    12  anon$$obj.o(Veneer$$Code)
    Long Thumb to Thumb Veneer to smpc_is_sec_mode_reached 0x20004fb1   Thumb Code    12  anon$$obj.o(Veneer$$Code)
    Long Thumb to Thumb Veneer to gapm_get_privacy_flag 0x20004fbd   Thumb Code    12  anon$$obj.o(Veneer$$Code)
    Long Thumb to Thumb Veneer to gapm_set_recon_addr 0x20004fc9   Thumb Code    12  anon$$obj.o(Veneer$$Code)
    Long Thumb to Thumb Veneer to memcmp     0x20004fd5   Thumb Code    12  anon$$obj.o(Veneer$$Code)
    Long Thumb to Thumb Veneer to $Super$$BLE_CSCNT_Handler 0x20004fe1   Thumb Code    12  anon$$obj.o(Veneer$$Code)
    Long Thumb to Thumb Veneer to lld_evt_start_isr 0x20004fed   Thumb Code    12  anon$$obj.o(Veneer$$Code)
    Long Thumb to Thumb Veneer to ble_regs_pop 0x20004ff9   Thumb Code    12  anon$$obj.o(Veneer$$Code)
    Long Thumb to Thumb Veneer to rwip_wakeup 0x20005005   Thumb Code    12  anon$$obj.o(Veneer$$Code)
    Long Thumb to Thumb Veneer to rf_workaround_init 0x20005011   Thumb Code    12  anon$$obj.o(Veneer$$Code)
    Long Thumb to Thumb Veneer to rf_reinit  0x2000501d   Thumb Code    12  anon$$obj.o(Veneer$$Code)
    Long Thumb to Thumb Veneer to lld_evt_rx_isr 0x20005029   Thumb Code    12  anon$$obj.o(Veneer$$Code)
    Long Thumb to Thumb Veneer to lld_evt_end_isr 0x20005035   Thumb Code    12  anon$$obj.o(Veneer$$Code)
    Long Thumb to Thumb Veneer to set_rf_cal_cap 0x20005041   Thumb Code    12  anon$$obj.o(Veneer$$Code)
    Long Thumb to Thumb Veneer to set_gauss_modgain 0x2000504d   Thumb Code    12  anon$$obj.o(Veneer$$Code)
    Long Thumb to Thumb Veneer to ke_sleep_check 0x20005059   Thumb Code    12  anon$$obj.o(Veneer$$Code)
    Long Thumb to Thumb Veneer to ke_timer_sleep_check 0x20005065   Thumb Code    12  anon$$obj.o(Veneer$$Code)
    Long Thumb to Thumb Veneer to gtl_enter_sleep 0x20005071   Thumb Code    12  anon$$obj.o(Veneer$$Code)
    Long Thumb to Thumb Veneer to lld_sleep_enter 0x2000507d   Thumb Code    12  anon$$obj.o(Veneer$$Code)
    Long Thumb to Thumb Veneer to ble_regs_push 0x20005089   Thumb Code    12  anon$$obj.o(Veneer$$Code)
    Long Thumb to Thumb Veneer to llm_test_mode_start_rx 0x20005095   Thumb Code    12  anon$$obj.o(Veneer$$Code)
    Long Thumb to Thumb Veneer to llm_test_mode_start_tx 0x200050a1   Thumb Code    12  anon$$obj.o(Veneer$$Code)
    Long Thumb to Thumb Veneer to lld_evt_try_free 0x200050ad   Thumb Code    12  anon$$obj.o(Veneer$$Code)
    Long Thumb to Thumb Veneer to ke_free    0x200050b9   Thumb Code    12  anon$$obj.o(Veneer$$Code)
    Long Thumb to Thumb Veneer to ke_malloc  0x200050c5   Thumb Code    12  anon$$obj.o(Veneer$$Code)
    Long Thumb to Thumb Veneer to co_list_init 0x200050d1   Thumb Code    12  anon$$obj.o(Veneer$$Code)
    Long Thumb to Thumb Veneer to lld_evt_local_sca_init 0x200050dd   Thumb Code    12  anon$$obj.o(Veneer$$Code)
    Long Thumb to Thumb Veneer to lld_evt_ack_received 0x200050e9   Thumb Code    12  anon$$obj.o(Veneer$$Code)
    Long Thumb to Thumb Veneer to lld_data_tx_check 0x200050f5   Thumb Code    12  anon$$obj.o(Veneer$$Code)
    Long Thumb to Thumb Veneer to lld_evt_delete 0x20005101   Thumb Code    12  anon$$obj.o(Veneer$$Code)
    Long Thumb to Thumb Veneer to rwip_prevent_sleep_clear 0x2000510d   Thumb Code    12  anon$$obj.o(Veneer$$Code)
    Long Thumb to Thumb Veneer to rwip_prevent_sleep_set 0x20005119   Thumb Code    12  anon$$obj.o(Veneer$$Code)
    Long Thumb to Thumb Veneer to ke_event_set 0x20005125   Thumb Code    12  anon$$obj.o(Veneer$$Code)
    Long Thumb to Thumb Veneer to rwip_sleep_enable 0x20005131   Thumb Code    12  anon$$obj.o(Veneer$$Code)
    Long Thumb to Thumb Veneer to rwip_ext_wakeup_enable 0x2000513d   Thumb Code    12  anon$$obj.o(Veneer$$Code)
    Long Thumb to Thumb Veneer to ke_timer_set 0x20005149   Thumb Code    12  anon$$obj.o(Veneer$$Code)
    Long Thumb to Thumb Veneer to __aeabi_idivmod 0x20005155   Thumb Code    12  anon$$obj.o(Veneer$$Code)
    Long Thumb to Thumb Veneer to __aeabi_i2d 0x20005161   Thumb Code    12  anon$$obj.o(Veneer$$Code)
    Long Thumb to Thumb Veneer to _double_round 0x2000516d   Thumb Code    12  anon$$obj.o(Veneer$$Code)
    Long Thumb to Thumb Veneer to __aeabi_llsl 0x20005179   Thumb Code    12  anon$$obj.o(Veneer$$Code)
    GPIO_ConfigurePin                        0x20005185   Thumb Code    94  gpio.o(i.GPIO_ConfigurePin)
    GPIO_ResetIRQ                            0x200051e9   Thumb Code   340  gpio.o(i.GPIO_ResetIRQ)
    GPIO_SetActive                           0x20005341   Thumb Code    88  gpio.o(i.GPIO_SetActive)
    GPIO_SetInactive                         0x200053a1   Thumb Code    88  gpio.o(i.GPIO_SetInactive)
    GPIO_SetPinFunction                      0x20005401   Thumb Code    92  gpio.o(i.GPIO_SetPinFunction)
    GPIO_init                                0x20005465   Thumb Code   196  gpio.o(i.GPIO_init)
    __scatterload_copy                       0x20005535   Thumb Code    14  handlers.o(i.__scatterload_copy)
    __scatterload_null                       0x20005543   Thumb Code     2  handlers.o(i.__scatterload_null)
    __scatterload_zeroinit                   0x20005545   Thumb Code    14  handlers.o(i.__scatterload_zeroinit)
    my_gtl_default_state                     0x20005554   Data          24  arch_main.o(.constdata)
    patch_table                              0x2000556c   Data          32  arch_main.o(.constdata)
    LUT_CFG                                  0x2000558c   Data          22  arch_main.o(.constdata)
    Region$$Table$$Base                      0x200055b0   Number         0  anon$$obj.o(Region$$Table)
    Region$$Table$$Limit                     0x200055d0   Number         0  anon$$obj.o(Region$$Table)
    temp_count_check_value                   0x200055d0   Data           2  arch_main.o(.data)
    my_gtl_default_handler                   0x200055d4   Data           8  arch_main.o(.data)
    TASK_DESC_GTL                            0x200055dc   Data          16  arch_main.o(.data)
    GPIO_status                              0x200055f0   Data           8  gpio.o(.data)
    test_state                               0x200055f8   Data           1  customer_prod.o(.data)
    test_data_pattern                        0x200055f9   Data           1  customer_prod.o(.data)
    test_freq                                0x200055fa   Data           1  customer_prod.o(.data)
    test_data_len                            0x200055fb   Data           1  customer_prod.o(.data)
    text_tx_nr_of_packets                    0x200055fc   Data           2  customer_prod.o(.data)
    test_tx_packet_nr                        0x200055fe   Data           2  customer_prod.o(.data)
    test_rx_packet_nr                        0x20005600   Data           2  customer_prod.o(.data)
    test_rx_packet_nr_syncerr                0x20005602   Data           2  customer_prod.o(.data)
    test_rx_packet_nr_crcerr                 0x20005604   Data           2  customer_prod.o(.data)
    rx_test_rssi_1                           0x20005606   Data           2  customer_prod.o(.data)
    rx_test_rssi_2                           0x20005608   Data           2  customer_prod.o(.data)
    test_rx_irq_cnt                          0x2000560a   Data           2  customer_prod.o(.data)
    rf_calibration_request_cbt               0x2000560c   Data           2  customer_prod.o(.data)
    x_input                                  0x20005614   Data           4  xtal_cal.o(.data)
    x_input_old                              0x20005618   Data           4  xtal_cal.o(.data)
    y_input                                  0x2000561c   Data           4  xtal_cal.o(.data)
    x_output                                 0x20005620   Data           4  xtal_cal.o(.data)
    delta_x_input                            0x20005624   Data           4  xtal_cal.o(.data)
    ccc                                      0x20005628   Data           4  xtal_cal.o(.data)
    delta                                    0x2000562c   Data           4  xtal_cal.o(.data)
    ideal_value                              0x20005630   Data           4  xtal_cal.o(.data)
    limits                                   0x20005634   Data           4  xtal_cal.o(.data)
    max_factor                               0x20005638   Data           4  xtal_cal.o(.data)
    factor                                   0x2000563c   Data           4  xtal_cal.o(.data)
    actual_triming_value                     0x20005640   Data           4  xtal_cal.o(.data)
    new_triming_value                        0x20005644   Data           4  xtal_cal.o(.data)
    loop_calculation_counter                 0x20005648   Data           4  xtal_cal.o(.data)
    x_simulation                             0x2000564c   Data           4  xtal_cal.o(.data)
    error_sign                               0x20005650   Data           1  xtal_cal.o(.data)
    error_sign_old                           0x20005651   Data           1  xtal_cal.o(.data)
    error_sign_change_counter                0x20005652   Data           1  xtal_cal.o(.data)
    rwip_heap_non_ret                        0x20008bf4   Data        1036  jump_table.o(heap_mem_area_not_ret)
    SystemCoreClock                          0x20009000   Data           0  rom_symdef_ES5_Prod_Test.txt ABSOLUTE
    error                                    0x20009004   Data           0  rom_symdef_ES5_Prod_Test.txt ABSOLUTE
    GPIO                                     0x20009020   Data         160  gpio.o(.bss)
    GPIOHandlerFunction                      0x200090c0   Data          20  gpio.o(.bss)
    __initial_sp                             0x20009800   Data           0  boot_vectors.o(STACK)



==============================================================================

Memory Map of the image

  Image Entry point : 0x20000441

  Load Region LR_IROM1 (Base: 0x20000000, Size: 0x000000a0, Max: 0x00000160, ABSOLUTE)

    Execution Region ER_IROM1 (Base: 0x20000000, Size: 0x000000a0, Max: 0x00000160, ABSOLUTE)

    Base Addr    Size         Type   Attr      Idx    E Section Name        Object

    0x20000000   0x000000a0   Data   RO           52    RESET               boot_vectors.o



  Load Region LR_IROM2 (Base: 0x20000160, Size: 0x00000160, Max: 0x00000160, ABSOLUTE)

    Execution Region ER_IROM2 (Base: 0x20000160, Size: 0x00000160, Max: 0x00000160, ABSOLUTE)

    Base Addr    Size         Type   Attr      Idx    E Section Name        Object

    0x20000160   0x00000160   Data   RO          387    jump_table_mem_area  jump_table.o



  Load Region LR_IROM3 (Base: 0x200002c0, Size: 0x00000064, Max: 0x00000080, ABSOLUTE)

    Execution Region ER_IROM3 (Base: 0x200002c0, Size: 0x00000064, Max: 0x00000080, ABSOLUTE)

    Base Addr    Size         Type   Attr      Idx    E Section Name        Object

    0x200002c0   0x00000064   Data   RO          754    timeout_table_area  gapm.o



  Load Region LR_IROM4 (Base: 0x20000340, Size: 0x000000a4, Max: 0x00000100, ABSOLUTE)

    Execution Region ER_IROM4 (Base: 0x20000340, Size: 0x000000a4, Max: 0x00000100, ABSOLUTE)

    Base Addr    Size         Type   Attr      Idx    E Section Name        Object

    0x20000340   0x000000a4   Data   RO          815    nvds_data_storage_area  nvds.o



  Load Region LR_IROM5 (Base: 0x20000440, Size: 0x00005214, Max: 0x000093c0, ABSOLUTE)

    Execution Region ER_IROM5 (Base: 0x20000440, Size: 0x00005214, Max: 0x00007ac0, ABSOLUTE)

    Base Addr    Size         Type   Attr      Idx    E Section Name        Object

    0x20000440   0x00000000   Code   RO         1107  * .ARM.Collect$$$$00000000  mc_p.l(entry.o)
    0x20000440   0x00000004   Code   RO         1126    .ARM.Collect$$$$00000001  mc_p.l(entry2.o)
    0x20000444   0x00000004   Code   RO         1129    .ARM.Collect$$$$00000004  mc_p.l(entry5.o)
    0x20000448   0x00000000   Code   RO         1131    .ARM.Collect$$$$00000008  mc_p.l(entry7b.o)
    0x20000448   0x00000000   Code   RO         1133    .ARM.Collect$$$$0000000A  mc_p.l(entry8b.o)
    0x20000448   0x00000008   Code   RO         1134    .ARM.Collect$$$$0000000B  mc_p.l(entry9a.o)
    0x20000450   0x00000000   Code   RO         1136    .ARM.Collect$$$$0000000D  mc_p.l(entry10a.o)
    0x20000450   0x00000000   Code   RO         1138    .ARM.Collect$$$$0000000F  mc_p.l(entry11a.o)
    0x20000450   0x00000004   Code   RO         1127    .ARM.Collect$$$$00002712  mc_p.l(entry2.o)
    0x20000454   0x00000064   Code   RO            2    .text               system_armcm0.o
    0x200004b8   0x0000006c   Code   RO           53    .text               boot_vectors.o
    0x20000524   0x0000068c   Code   RO           58    .text               arch_main.o
    0x20000bb0   0x00000002   Code   RO          382    .text               jump_table.o
    0x20000bb2   0x00000002   PAD
    0x20000bb4   0x000000c4   Code   RO          509    .text               nmi_handler.o
    0x20000c78   0x00000184   Code   RO          528    .text               arch_sleep.o
    0x20000dfc   0x00000078   Code   RO          547    .text               hardfault_handler.o
    0x20000e74   0x000001f8   Code   RO          568    .text               periph_setup.o
    0x2000106c   0x0000051c   Code   RO          583    .text               arch_system.o
    0x20001588   0x000003e0   Code   RO          635    .text               rf_580.o
    0x20001968   0x000000e0   Code   RO          675    .text               gpio.o
    0x20001a48   0x000000b8   Code   RO          750    .text               ke_task.obj
    0x20001b00   0x000000c4   Code   RO          752    .text               ch_map.obj
    0x20001bc4   0x000000ec   Code   RO          804    .text               atts_task.obj
    0x20001cb0   0x000000ec   Code   RO          808    .text               smpc.obj
    0x20001d9c   0x0000020c   Code   RO          810    .text               smpc_task.obj
    0x20001fa8   0x00000180   Code   RO          812    .text               gapm_util.obj
    0x20002128   0x00000454   Code   RO          814    .text               nvds.o
    0x2000257c   0x0000028c   Code   RO          831    .text               rwble.o
    0x20002808   0x0000023c   Code   RO          862    .text               rwip.o
    0x20002a44   0x000009e4   Code   RO          878    .text               customer_prod.o
    0x20003428   0x00000080   Code   RO          907    .text               custom_lld_evt.o
    0x200034a8   0x0000052c   Code   RO          964    .text               custom_lld_data.o
    0x200039d4   0x00000034   Code   RO          994    .text               custom_lld.o
    0x20003a08   0x00000460   Code   RO         1026    .text               custom_gtl_eif.o
    0x20003e68   0x00000378   Code   RO         1069    .text               custom_gtl_hci.o
    0x200041e0   0x00000678   Code   RO         1088    .text               xtal_cal.o
    0x20004858   0x0000002c   Code   RO         1103    .text               pulse.o
    0x20004884   0x000000b2   Code   RO         1108    .text               mf_p.l(fadd.o)
    0x20004936   0x0000007a   Code   RO         1110    .text               mf_p.l(fmul.o)
    0x200049b0   0x0000007c   Code   RO         1112    .text               mf_p.l(fdiv.o)
    0x20004a2c   0x000000f0   Code   RO         1114    .text               mf_p.l(ddiv.o)
    0x20004b1c   0x0000000e   Code   RO         1116    .text               mf_p.l(ffltui.o)
    0x20004b2a   0x00000032   Code   RO         1118    .text               mf_p.l(ffixi.o)
    0x20004b5c   0x00000028   Code   RO         1120    .text               mf_p.l(ffixui.o)
    0x20004b84   0x00000028   Code   RO         1122    .text               mf_p.l(f2d.o)
    0x20004bac   0x00000038   Code   RO         1124    .text               mf_p.l(d2f.o)
    0x20004be4   0x00000082   Code   RO         1140    .text               mf_p.l(fepilogue.o)
    0x20004c66   0x00000002   PAD
    0x20004c68   0x00000024   Code   RO         1142    .text               mc_p.l(init.o)
    0x20004c8c   0x0000000c   Ven    RO         1152    Veneer$$Code        anon$$obj.o
    0x20004c98   0x0000000c   Ven    RO         1153    Veneer$$Code        anon$$obj.o
    0x20004ca4   0x0000000c   Ven    RO         1154    Veneer$$Code        anon$$obj.o
    0x20004cb0   0x0000000c   Ven    RO         1155    Veneer$$Code        anon$$obj.o
    0x20004cbc   0x0000000c   Ven    RO         1156    Veneer$$Code        anon$$obj.o
    0x20004cc8   0x0000000c   Ven    RO         1157    Veneer$$Code        anon$$obj.o
    0x20004cd4   0x0000000c   Ven    RO         1158    Veneer$$Code        anon$$obj.o
    0x20004ce0   0x0000000c   Ven    RO         1159    Veneer$$Code        anon$$obj.o
    0x20004cec   0x0000000c   Ven    RO         1160    Veneer$$Code        anon$$obj.o
    0x20004cf8   0x0000000c   Ven    RO         1161    Veneer$$Code        anon$$obj.o
    0x20004d04   0x0000000c   Ven    RO         1162    Veneer$$Code        anon$$obj.o
    0x20004d10   0x0000000c   Ven    RO         1163    Veneer$$Code        anon$$obj.o
    0x20004d1c   0x0000000c   Ven    RO         1164    Veneer$$Code        anon$$obj.o
    0x20004d28   0x0000000c   Ven    RO         1165    Veneer$$Code        anon$$obj.o
    0x20004d34   0x0000000c   Ven    RO         1166    Veneer$$Code        anon$$obj.o
    0x20004d40   0x0000000c   Ven    RO         1167    Veneer$$Code        anon$$obj.o
    0x20004d4c   0x0000000c   Ven    RO         1168    Veneer$$Code        anon$$obj.o
    0x20004d58   0x0000000c   Ven    RO         1169    Veneer$$Code        anon$$obj.o
    0x20004d64   0x0000000c   Ven    RO         1170    Veneer$$Code        anon$$obj.o
    0x20004d70   0x0000000c   Ven    RO         1171    Veneer$$Code        anon$$obj.o
    0x20004d7c   0x0000000c   Ven    RO         1172    Veneer$$Code        anon$$obj.o
    0x20004d88   0x0000000c   Ven    RO         1173    Veneer$$Code        anon$$obj.o
    0x20004d94   0x0000000c   Ven    RO         1174    Veneer$$Code        anon$$obj.o
    0x20004da0   0x0000000c   Ven    RO         1175    Veneer$$Code        anon$$obj.o
    0x20004dac   0x0000000c   Ven    RO         1176    Veneer$$Code        anon$$obj.o
    0x20004db8   0x0000000c   Ven    RO         1177    Veneer$$Code        anon$$obj.o
    0x20004dc4   0x0000000c   Ven    RO         1178    Veneer$$Code        anon$$obj.o
    0x20004dd0   0x0000000c   Ven    RO         1179    Veneer$$Code        anon$$obj.o
    0x20004ddc   0x0000000c   Ven    RO         1180    Veneer$$Code        anon$$obj.o
    0x20004de8   0x0000000c   Ven    RO         1181    Veneer$$Code        anon$$obj.o
    0x20004df4   0x0000000c   Ven    RO         1182    Veneer$$Code        anon$$obj.o
    0x20004e00   0x0000000c   Ven    RO         1183    Veneer$$Code        anon$$obj.o
    0x20004e0c   0x0000000c   Ven    RO         1184    Veneer$$Code        anon$$obj.o
    0x20004e18   0x0000000c   Ven    RO         1185    Veneer$$Code        anon$$obj.o
    0x20004e24   0x0000000c   Ven    RO         1186    Veneer$$Code        anon$$obj.o
    0x20004e30   0x0000000c   Ven    RO         1187    Veneer$$Code        anon$$obj.o
    0x20004e3c   0x0000000c   Ven    RO         1188    Veneer$$Code        anon$$obj.o
    0x20004e48   0x0000000c   Ven    RO         1189    Veneer$$Code        anon$$obj.o
    0x20004e54   0x0000000c   Ven    RO         1190    Veneer$$Code        anon$$obj.o
    0x20004e60   0x0000000c   Ven    RO         1191    Veneer$$Code        anon$$obj.o
    0x20004e6c   0x0000000c   Ven    RO         1192    Veneer$$Code        anon$$obj.o
    0x20004e78   0x0000000c   Ven    RO         1193    Veneer$$Code        anon$$obj.o
    0x20004e84   0x0000000c   Ven    RO         1194    Veneer$$Code        anon$$obj.o
    0x20004e90   0x0000000c   Ven    RO         1195    Veneer$$Code        anon$$obj.o
    0x20004e9c   0x0000000c   Ven    RO         1196    Veneer$$Code        anon$$obj.o
    0x20004ea8   0x0000000c   Ven    RO         1197    Veneer$$Code        anon$$obj.o
    0x20004eb4   0x0000000c   Ven    RO         1198    Veneer$$Code        anon$$obj.o
    0x20004ec0   0x0000000c   Ven    RO         1199    Veneer$$Code        anon$$obj.o
    0x20004ecc   0x0000000c   Ven    RO         1200    Veneer$$Code        anon$$obj.o
    0x20004ed8   0x0000000c   Ven    RO         1201    Veneer$$Code        anon$$obj.o
    0x20004ee4   0x0000000c   Ven    RO         1202    Veneer$$Code        anon$$obj.o
    0x20004ef0   0x0000000c   Ven    RO         1203    Veneer$$Code        anon$$obj.o
    0x20004efc   0x0000000c   Ven    RO         1204    Veneer$$Code        anon$$obj.o
    0x20004f08   0x0000000c   Ven    RO         1205    Veneer$$Code        anon$$obj.o
    0x20004f14   0x0000000c   Ven    RO         1206    Veneer$$Code        anon$$obj.o
    0x20004f20   0x0000000c   Ven    RO         1207    Veneer$$Code        anon$$obj.o
    0x20004f2c   0x0000000c   Ven    RO         1208    Veneer$$Code        anon$$obj.o
    0x20004f38   0x0000000c   Ven    RO         1209    Veneer$$Code        anon$$obj.o
    0x20004f44   0x0000000c   Ven    RO         1210    Veneer$$Code        anon$$obj.o
    0x20004f50   0x0000000c   Ven    RO         1211    Veneer$$Code        anon$$obj.o
    0x20004f5c   0x0000000c   Ven    RO         1212    Veneer$$Code        anon$$obj.o
    0x20004f68   0x0000000c   Ven    RO         1213    Veneer$$Code        anon$$obj.o
    0x20004f74   0x0000000c   Ven    RO         1214    Veneer$$Code        anon$$obj.o
    0x20004f80   0x0000000c   Ven    RO         1215    Veneer$$Code        anon$$obj.o
    0x20004f8c   0x0000000c   Ven    RO         1216    Veneer$$Code        anon$$obj.o
    0x20004f98   0x0000000c   Ven    RO         1217    Veneer$$Code        anon$$obj.o
    0x20004fa4   0x0000000c   Ven    RO         1218    Veneer$$Code        anon$$obj.o
    0x20004fb0   0x0000000c   Ven    RO         1219    Veneer$$Code        anon$$obj.o
    0x20004fbc   0x0000000c   Ven    RO         1220    Veneer$$Code        anon$$obj.o
    0x20004fc8   0x0000000c   Ven    RO         1221    Veneer$$Code        anon$$obj.o
    0x20004fd4   0x0000000c   Ven    RO         1222    Veneer$$Code        anon$$obj.o
    0x20004fe0   0x0000000c   Ven    RO         1223    Veneer$$Code        anon$$obj.o
    0x20004fec   0x0000000c   Ven    RO         1224    Veneer$$Code        anon$$obj.o
    0x20004ff8   0x0000000c   Ven    RO         1225    Veneer$$Code        anon$$obj.o
    0x20005004   0x0000000c   Ven    RO         1226    Veneer$$Code        anon$$obj.o
    0x20005010   0x0000000c   Ven    RO         1227    Veneer$$Code        anon$$obj.o
    0x2000501c   0x0000000c   Ven    RO         1228    Veneer$$Code        anon$$obj.o
    0x20005028   0x0000000c   Ven    RO         1229    Veneer$$Code        anon$$obj.o
    0x20005034   0x0000000c   Ven    RO         1230    Veneer$$Code        anon$$obj.o
    0x20005040   0x0000000c   Ven    RO         1231    Veneer$$Code        anon$$obj.o
    0x2000504c   0x0000000c   Ven    RO         1232    Veneer$$Code        anon$$obj.o
    0x20005058   0x0000000c   Ven    RO         1233    Veneer$$Code        anon$$obj.o
    0x20005064   0x0000000c   Ven    RO         1234    Veneer$$Code        anon$$obj.o
    0x20005070   0x0000000c   Ven    RO         1235    Veneer$$Code        anon$$obj.o
    0x2000507c   0x0000000c   Ven    RO         1236    Veneer$$Code        anon$$obj.o
    0x20005088   0x0000000c   Ven    RO         1237    Veneer$$Code        anon$$obj.o
    0x20005094   0x0000000c   Ven    RO         1238    Veneer$$Code        anon$$obj.o
    0x200050a0   0x0000000c   Ven    RO         1239    Veneer$$Code        anon$$obj.o
    0x200050ac   0x0000000c   Ven    RO         1240    Veneer$$Code        anon$$obj.o
    0x200050b8   0x0000000c   Ven    RO         1241    Veneer$$Code        anon$$obj.o
    0x200050c4   0x0000000c   Ven    RO         1242    Veneer$$Code        anon$$obj.o
    0x200050d0   0x0000000c   Ven    RO         1243    Veneer$$Code        anon$$obj.o
    0x200050dc   0x0000000c   Ven    RO         1244    Veneer$$Code        anon$$obj.o
    0x200050e8   0x0000000c   Ven    RO         1245    Veneer$$Code        anon$$obj.o
    0x200050f4   0x0000000c   Ven    RO         1246    Veneer$$Code        anon$$obj.o
    0x20005100   0x0000000c   Ven    RO         1247    Veneer$$Code        anon$$obj.o
    0x2000510c   0x0000000c   Ven    RO         1248    Veneer$$Code        anon$$obj.o
    0x20005118   0x0000000c   Ven    RO         1249    Veneer$$Code        anon$$obj.o
    0x20005124   0x0000000c   Ven    RO         1250    Veneer$$Code        anon$$obj.o
    0x20005130   0x0000000c   Ven    RO         1251    Veneer$$Code        anon$$obj.o
    0x2000513c   0x0000000c   Ven    RO         1252    Veneer$$Code        anon$$obj.o
    0x20005148   0x0000000c   Ven    RO         1253    Veneer$$Code        anon$$obj.o
    0x20005154   0x0000000c   Ven    RO         1254    Veneer$$Code        anon$$obj.o
    0x20005160   0x0000000c   Ven    RO         1255    Veneer$$Code        anon$$obj.o
    0x2000516c   0x0000000c   Ven    RO         1256    Veneer$$Code        anon$$obj.o
    0x20005178   0x0000000c   Ven    RO         1257    Veneer$$Code        anon$$obj.o
    0x20005184   0x00000064   Code   RO          714    i.GPIO_ConfigurePin  gpio.o
    0x200051e8   0x00000158   Code   RO          732    i.GPIO_ResetIRQ     gpio.o
    0x20005340   0x00000060   Code   RO          708    i.GPIO_SetActive    gpio.o
    0x200053a0   0x00000060   Code   RO          702    i.GPIO_SetInactive  gpio.o
    0x20005400   0x00000064   Code   RO          696    i.GPIO_SetPinFunction  gpio.o
    0x20005464   0x000000d0   Code   RO          690    i.GPIO_init         gpio.o
    0x20005534   0x0000000e   Code   RO         1146    i.__scatterload_copy  mc_p.l(handlers.o)
    0x20005542   0x00000002   Code   RO         1147    i.__scatterload_null  mc_p.l(handlers.o)
    0x20005544   0x0000000e   Code   RO         1148    i.__scatterload_zeroinit  mc_p.l(handlers.o)
    0x20005552   0x00000002   PAD
    0x20005554   0x0000004e   Data   RO           59    .constdata          arch_main.o
    0x200055a2   0x00000008   Data   RO          677    .constdata          gpio.o
    0x200055aa   0x00000003   Data   RO         1027    .constdata          custom_gtl_eif.o
    0x200055ad   0x00000003   PAD
    0x200055b0   0x00000020   Data   RO         1144    Region$$Table       anon$$obj.o
    0x200055d0   0x00000020   Data   RW           60    .data               arch_main.o
    0x200055f0   0x00000008   Data   RW          679    .data               gpio.o
    0x200055f8   0x0000001c   Data   RW          879    .data               customer_prod.o
    0x20005614   0x0000003f   Data   RW         1089    .data               xtal_cal.o


    Execution Region RW_IRAM50 (Base: 0x20008000, Size: 0x00000000, Max: 0x00000bf4, ABSOLUTE)

    **** No section assigned to this execution region ****


    Execution Region RW_IRAM51 (Base: 0x20008bf4, Size: 0x0000040c, Max: 0x0000040c, ABSOLUTE, UNINIT)

    Base Addr    Size         Type   Attr      Idx    E Section Name        Object

    0x20008bf4   0x0000040c   Zero   RW          385    heap_mem_area_not_ret  jump_table.o


    Execution Region RW_IRAM52 (Base: 0x20009000, Size: 0x00000020, Max: 0x00000020, ABSOLUTE)

    Base Addr    Size         Type   Attr      Idx    E Section Name        Object

    0x20009000   0x00000020   Zero   RW            1    RW_IRAM52.bss       anon$$obj.o


    Execution Region RW_IRAM53 (Base: 0x20009020, Size: 0x000000b4, Max: 0x000001e0, ABSOLUTE)

    Base Addr    Size         Type   Attr      Idx    E Section Name        Object

    0x20009020   0x000000b4   Zero   RW          676    .bss                gpio.o


    Execution Region RW_IRAM54 (Base: 0x20009200, Size: 0x00000600, Max: 0x00000600, ABSOLUTE, UNINIT)

    Base Addr    Size         Type   Attr      Idx    E Section Name        Object

    0x20009200   0x00000600   Zero   RW           50    STACK               boot_vectors.o



  Load Region LR_RETENTION_RAM0 (Base: 0x00080768, Size: 0x00000000, Max: 0x00001e78, ABSOLUTE)

    Execution Region ZI_RET00 (Base: 0x00080768, Size: 0x00000ab0, Max: 0x00001898, ABSOLUTE, UNINIT)

    Base Addr    Size         Type   Attr      Idx    E Section Name        Object

    0x00080768   0x0000040c   Zero   RW          383    heap_db_area        jump_table.o
    0x00080b74   0x00000154   Zero   RW          384    heap_env_area       jump_table.o
    0x00080cc8   0x0000052c   Zero   RW          386    heap_msg_area       jump_table.o
    0x000811f4   0x00000001   Zero   RW           62    retention_mem_area0  arch_main.o
    0x000811f5   0x00000004   Zero   RW          529    retention_mem_area0  arch_sleep.o
    0x000811f9   0x00000003   PAD
    0x000811fc   0x00000014   Zero   RW          584    retention_mem_area0  arch_system.o
    0x00081210   0x00000006   Zero   RW          816    retention_mem_area0  nvds.o
    0x00081216   0x00000001   Zero   RW          832    retention_mem_area0  rwble.o


    Execution Region ZI_RET01 (Base: 0x00082a20, Size: 0x000005e0, Max: 0x000005e0, ABSOLUTE)

    Base Addr    Size         Type   Attr      Idx    E Section Name        Object

    0x00082a20   0x000005de   Zero   RW           61    BLE_exchange_memory  arch_main.o



  Load Region LR_RETENTION_RAM2 (Base: 0x00082000, Size: 0x00000000, Max: 0x00000a20, ABSOLUTE)

    Execution Region ZI_RET20 (Base: 0x00082000, Size: 0x00000000, Max: 0x00000a20, ABSOLUTE, UNINIT)

    **** No section assigned to this execution region ****


==============================================================================

Image component sizes


      Code (inc. data)   RO Data    RW Data    ZI Data      Debug   Object Name

      1676        196         78         32       1503     144592   arch_main.o
       388         32          0          0          4       3839   arch_sleep.o
      1308         86          0          0         20      82726   arch_system.o
       236         18          0          0          0         72   atts_task.obj
       108         22        160          0       1536        736   boot_vectors.o
       196         12          0          0          0        108   ch_map.obj
      1120         42          3          0          0       8342   custom_gtl_eif.o
       888         40          0          0          0       5375   custom_gtl_hci.o
        52         10          0          0          0        795   custom_lld.o
      1324         52          0          0          0       5075   custom_lld_data.o
       128         22          0          0          0       4962   custom_lld_evt.o
      2532        152          0         28          0      18304   customer_prod.o
         0          0        100          0          0       1088   gapm.o
       384         38          0          0          0        112   gapm_util.obj
      1168         62          8          8        180       8233   gpio.o
       120          8          0          0          0        653   hardfault_handler.o
         2          0        352          0       3736      12194   jump_table.o
       184         18          0          0          0         96   ke_task.obj
       196         18          0          0          0       9033   nmi_handler.o
      1108         28        164          0          6       2731   nvds.o
       504         26          0          0          0       7058   periph_setup.o
        44          8          0          0          0        440   pulse.o
       992        174          0          0          0      64920   rf_580.o
       652         50          0          0          1      64465   rwble.o
       572         46          0          0          0      63230   rwip.o
       236          8          0          0          0        136   smpc.obj
       524          6          0          0          0         84   smpc_task.obj
       100         14          0          0          0     100357   system_armcm0.o
      1656        160          0         63          0       4561   xtal_cal.o

    ----------------------------------------------------------------------
     19672       1772        900        132       7024     614317   Object Totals
      1272        424         32          0         32          0   (incl. Generated)
         2          0          3          1          6          0   (incl. Padding)

    ----------------------------------------------------------------------

      Code (inc. data)   RO Data    RW Data    ZI Data      Debug   Library Member Name

         0          0          0          0          0          0   entry.o
         0          0          0          0          0          0   entry10a.o
         0          0          0          0          0          0   entry11a.o
         8          4          0          0          0          0   entry2.o
         4          0          0          0          0          0   entry5.o
         0          0          0          0          0          0   entry7b.o
         0          0          0          0          0          0   entry8b.o
         8          4          0          0          0          0   entry9a.o
        30          0          0          0          0          0   handlers.o
        36          8          0          0          0         68   init.o
        56          0          0          0          0         68   d2f.o
       240          6          0          0          0         84   ddiv.o
        40          0          0          0          0         60   f2d.o
       178          0          0          0          0        108   fadd.o
       124          0          0          0          0         72   fdiv.o
       130          0          0          0          0        144   fepilogue.o
        50          0          0          0          0         60   ffixi.o
        40          0          0          0          0         60   ffixui.o
        14          0          0          0          0         68   ffltui.o
       122          0          0          0          0         72   fmul.o

    ----------------------------------------------------------------------
      1084         22          0          0          0        864   Library Totals
         4          0          0          0          0          0   (incl. Padding)

    ----------------------------------------------------------------------

      Code (inc. data)   RO Data    RW Data    ZI Data      Debug   Library Name

        86         16          0          0          0         68   mc_p.l
       994          6          0          0          0        796   mf_p.l

    ----------------------------------------------------------------------
      1084         22          0          0          0        864   Library Totals

    ----------------------------------------------------------------------

==============================================================================


      Code (inc. data)   RO Data    RW Data    ZI Data      Debug   

     20756       1794        900        132       7024     613169   Grand Totals
     20756       1794        900        132       7024     613169   ELF Image Totals
     20756       1794        900        132          0          0   ROM Totals

==============================================================================

    Total RO  Size (Code + RO Data)                21656 (  21.15kB)
    Total RW  Size (RW Data + ZI Data)              7156 (   6.99kB)
    Total ROM Size (Code + RO Data + RW Data)      21788 (  21.28kB)

==============================================================================

